Archive member included because of file (symbol)

.\CortexM0\ARM_GCC_493\Debug\BLE_HoloClock.a(cyfitter_cfg.o)
                              .\CortexM0\ARM_GCC_493\Debug\Cm0Start.o (cyfitter_cfg)
.\CortexM0\ARM_GCC_493\Debug\BLE_HoloClock.a(Advertising_LED.o)
                              .\CortexM0\ARM_GCC_493\Debug\main.o (Advertising_LED_Write)
.\CortexM0\ARM_GCC_493\Debug\BLE_HoloClock.a(BLE.o)
                              .\CortexM0\ARM_GCC_493\Debug\main.o (CyBle_Start)
.\CortexM0\ARM_GCC_493\Debug\BLE_HoloClock.a(BLE_gatt.o)
                              .\CortexM0\ARM_GCC_493\Debug\main.o (cyBle_state)
.\CortexM0\ARM_GCC_493\Debug\BLE_HoloClock.a(BLE_ias.o)
                              .\CortexM0\ARM_GCC_493\Debug\BLE_HoloClock.a(BLE.o) (CyBle_IasInit)
.\CortexM0\ARM_GCC_493\Debug\BLE_HoloClock.a(BLE_eventHandler.o)
                              .\CortexM0\ARM_GCC_493\Debug\BLE_HoloClock.a(BLE.o) (cyBle_eventHandlerFlag)
.\CortexM0\ARM_GCC_493\Debug\BLE_HoloClock.a(Alert_LED.o)
                              .\CortexM0\ARM_GCC_493\Debug\main.o (Alert_LED_Write)
.\CortexM0\ARM_GCC_493\Debug\BLE_HoloClock.a(Disconnect_LED.o)
                              .\CortexM0\ARM_GCC_493\Debug\main.o (Disconnect_LED_Write)
.\CortexM0\ARM_GCC_493\Debug\BLE_HoloClock.a(Laser.o)
                              .\CortexM0\ARM_GCC_493\Debug\main.o (Laser_Write)
.\CortexM0\ARM_GCC_493\Debug\BLE_HoloClock.a(LED.o)
                              .\CortexM0\ARM_GCC_493\Debug\main.o (LED_Write)
.\CortexM0\ARM_GCC_493\Debug\BLE_HoloClock.a(CyBootAsmGnu.o)
                              .\CortexM0\ARM_GCC_493\Debug\BLE_HoloClock.a(cyfitter_cfg.o) (CyDelayCycles)
.\CortexM0\ARM_GCC_493\Debug\BLE_HoloClock.a(CyLib.o)
                              .\CortexM0\ARM_GCC_493\Debug\BLE_HoloClock.a(cyfitter_cfg.o) (CySysClkWriteImoFreq)
.\CortexM0\ARM_GCC_493\Debug\BLE_HoloClock.a(cyPm.o)
                              .\CortexM0\ARM_GCC_493\Debug\main.o (CySysPmSleep)
.\CortexM0\ARM_GCC_493\Debug\BLE_HoloClock.a(CyLFClk.o)
                              .\CortexM0\ARM_GCC_493\Debug\BLE_HoloClock.a(cyfitter_cfg.o) (CySysClkWcoStart)
C:\Program Files (x86)\Cypress\PSoC Creator\3.3\PSoC Creator\psoc\content\cycomponentlibrary\CyComponentLibrary.cylib\BLE_v2_30\Library\gccCyBLEStack_BLE_SOC_PERIPHERAL.a(CyBle.o)
                              .\CortexM0\ARM_GCC_493\Debug\main.o (CyBle_EnterLPM)
C:\Program Files (x86)\Cypress\PSoC Creator\3.3\PSoC Creator\psoc\content\cycomponentlibrary\CyComponentLibrary.cylib\BLE_v2_30\Library\gccCyBLEStack_BLE_SOC_PERIPHERAL.a(CyBleStackMgrIP_Interface.o)
                              C:\Program Files (x86)\Cypress\PSoC Creator\3.3\PSoC Creator\psoc\content\cycomponentlibrary\CyComponentLibrary.cylib\BLE_v2_30\Library\gccCyBLEStack_BLE_SOC_PERIPHERAL.a(CyBle.o) (CyBleStackMgr_Init)
C:\Program Files (x86)\Cypress\PSoC Creator\3.3\PSoC Creator\psoc\content\cycomponentlibrary\CyComponentLibrary.cylib\BLE_v2_30\Library\gccCyBLEStack_BLE_SOC_PERIPHERAL.a(BT_os.o)
                              C:\Program Files (x86)\Cypress\PSoC Creator\3.3\PSoC Creator\psoc\content\cycomponentlibrary\CyComponentLibrary.cylib\BLE_v2_30\Library\gccCyBLEStack_BLE_SOC_PERIPHERAL.a(CyBleStackMgrIP_Interface.o) (cyBleStackMemoryConfig)
C:\Program Files (x86)\Cypress\PSoC Creator\3.3\PSoC Creator\psoc\content\cycomponentlibrary\CyComponentLibrary.cylib\BLE_v2_30\Library\gccCyBLEStack_BLE_SOC_PERIPHERAL.a(CyBleStackMgr_StackTaskHandler.o)
                              C:\Program Files (x86)\Cypress\PSoC Creator\3.3\PSoC Creator\psoc\content\cycomponentlibrary\CyComponentLibrary.cylib\BLE_v2_30\Library\gccCyBLEStack_BLE_SOC_PERIPHERAL.a(CyBleStackMgrIP_Interface.o) (CyBle_CreateBleStackTask)
C:\Program Files (x86)\Cypress\PSoC Creator\3.3\PSoC Creator\psoc\content\cycomponentlibrary\CyComponentLibrary.cylib\BLE_v2_30\Library\gccCyBLEStack_BLE_SOC_PERIPHERAL.a(transport_sf.o)
                              C:\Program Files (x86)\Cypress\PSoC Creator\3.3\PSoC Creator\psoc\content\cycomponentlibrary\CyComponentLibrary.cylib\BLE_v2_30\Library\gccCyBLEStack_BLE_SOC_PERIPHERAL.a(CyBleStackMgr_StackTaskHandler.o) (hci_soft_transport_notify_data_received)
C:\Program Files (x86)\Cypress\PSoC Creator\3.3\PSoC Creator\psoc\content\cycomponentlibrary\CyComponentLibrary.cylib\BLE_v2_30\Library\gccCyBLEStack_BLE_SOC_PERIPHERAL.a(CyBleStackMgr_PSoCHal.o)
                              C:\Program Files (x86)\Cypress\PSoC Creator\3.3\PSoC Creator\psoc\content\cycomponentlibrary\CyComponentLibrary.cylib\BLE_v2_30\Library\gccCyBLEStack_BLE_SOC_PERIPHERAL.a(CyBleStackMgrIP_Interface.o) (CyBleStackMgr_HalInit)
C:\Program Files (x86)\Cypress\PSoC Creator\3.3\PSoC Creator\psoc\content\cycomponentlibrary\CyComponentLibrary.cylib\BLE_v2_30\Library\gccCyBLEStack_BLE_SOC_PERIPHERAL.a(CyBleStackMgr_BleSSDriver.o)
[...]
Memory Configuration

Name             Origin             Length             Attributes
rom              0x00000000         0x00020000         xr
ram              0x20000000         0x00004000         xrw
*default*        0x00000000         0xffffffff

Linker script and memory map

LOAD c:/program files (x86)/cypress/psoc creator/3.3/psoc creator/import/gnu/arm/4.9.3/bin/../lib/gcc/arm-none-eabi/4.9.3/armv6-m/crti.o
LOAD c:/program files (x86)/cypress/psoc creator/3.3/psoc creator/import/gnu/arm/4.9.3/bin/../lib/gcc/arm-none-eabi/4.9.3/armv6-m/crtbegin.o
LOAD c:/program files (x86)/cypress/psoc creator/3.3/psoc creator/import/gnu/arm/4.9.3/bin/../lib/gcc/arm-none-eabi/4.9.3/../../../../arm-none-eabi/lib/armv6-m/crt0.o
START GROUP
LOAD .\CortexM0\ARM_GCC_493\Debug\main.o
LOAD .\CortexM0\ARM_GCC_493\Debug\ias.o
LOAD .\CortexM0\ARM_GCC_493\Debug\cymetadata.o
LOAD .\CortexM0\ARM_GCC_493\Debug\Cm0Start.o
LOAD .\CortexM0\ARM_GCC_493\Debug\BLE_HoloClock.a
LOAD C:\Program Files (x86)\Cypress\PSoC Creator\3.3\PSoC Creator\psoc\content\cycomponentlibrary\CyComponentLibrary.cylib\BLE_v2_30\Library\gccCyBLEStack_BLE_SOC_PERIPHERAL.a
LOAD C:\Program Files (x86)\Cypress\PSoC Creator\3.3\PSoC Creator\psoc\content\cycomponentlibrary\CyComponentLibrary.cylib\CortexM0\ARM_GCC_493\Debug\CyComponentLibrary.a
END GROUP
START GROUP
LOAD c:/program files (x86)/cypress/psoc creator/3.3/psoc creator/import/gnu/arm/4.9.3/bin/../lib/gcc/arm-none-eabi/4.9.3/armv6-m\libgcc.a
LOAD c:/program files (x86)/cypress/psoc creator/3.3/psoc creator/import/gnu/arm/4.9.3/bin/../lib/gcc/arm-none-eabi/4.9.3/../../../../arm-none-eabi/lib/armv6-m\libg_nano.a
LOAD c:/program files (x86)/cypress/psoc creator/3.3/psoc creator/import/gnu/arm/4.9.3/bin/../lib/gcc/arm-none-eabi/4.9.3/../../../../arm-none-eabi/lib/armv6-m\libc_nano.a
END GROUP
START GROUP
LOAD c:/program files (x86)/cypress/psoc creator/3.3/psoc creator/import/gnu/arm/4.9.3/bin/../lib/gcc/arm-none-eabi/4.9.3/armv6-m\libgcc.a
LOAD c:/program files (x86)/cypress/psoc creator/3.3/psoc creator/import/gnu/arm/4.9.3/bin/../lib/gcc/arm-none-eabi/4.9.3/../../../../arm-none-eabi/lib/armv6-m\libc_nano.a
END GROUP
LOAD c:/program files (x86)/cypress/psoc creator/3.3/psoc creator/import/gnu/arm/4.9.3/bin/../lib/gcc/arm-none-eabi/4.9.3/armv6-m/crtend.o
LOAD c:/program files (x86)/cypress/psoc creator/3.3/psoc creator/import/gnu/arm/4.9.3/bin/../lib/gcc/arm-none-eabi/4.9.3/armv6-m/crtn.o
START GROUP
LOAD c:/program files (x86)/cypress/psoc creator/3.3/psoc creator/import/gnu/arm/4.9.3/bin/../lib/gcc/arm-none-eabi/4.9.3/armv6-m\libgcc.a
LOAD c:/program files (x86)/cypress/psoc creator/3.3/psoc creator/import/gnu/arm/4.9.3/bin/../lib/gcc/arm-none-eabi/4.9.3/../../../../arm-none-eabi/lib/armv6-m\libc.a
LOAD c:/program files (x86)/cypress/psoc creator/3.3/psoc creator/import/gnu/arm/4.9.3/bin/../lib/gcc/arm-none-eabi/4.9.3/../../../../arm-none-eabi/lib/armv6-m\libnosys.a
END GROUP
                0x00000000                CY_APPL_ORIGIN = 0x0
                0x00000080                CY_FLASH_ROW_SIZE = 0x80
                0x00000001                CY_APPL_NUM = 0x1
                0x00000001                CY_APPL_MAX = 0x1
                0x00000040                CY_METADATA_SIZE = 0x40
                0x00000000                CY_APPL_LOADABLE = 0x0
                0x00000000                CY_CHECKSUM_EXCLUDE_SIZE = ALIGN (0x0, CY_FLASH_ROW_SIZE)
                0x00000000                CY_APP_FOR_STACK_AND_COPIER = 0x0
                0x20001d70                PROVIDE (__cy_heap_start, _end)
                0x00000001                PROVIDE (__cy_region_num, ((__cy_regions_end - __cy_regions) / 0x10))
                0x20004000                PROVIDE (__cy_stack, (ORIGIN (ram) + 0x4000))
                0x20003800                PROVIDE (__cy_heap_end, (__cy_stack - 0x800))

.cybootloader   0x00000000        0x0
 *(.cybootloader)
                0x00000000                appl1_start = CY_APPL_ORIGIN?CY_APPL_ORIGIN:ALIGN (CY_FLASH_ROW_SIZE)
                0x0000ff80                appl2_start = (appl1_start + ALIGN ((((0x20000 - appl1_start) - (0x2 * CY_FLASH_ROW_SIZE)) / 0x2), CY_FLASH_ROW_SIZE))
                0x00000000                appl_start = (CY_APPL_NUM == 0x1)?appl1_start:appl2_start
                0x00000001                cy_project_type_bootloader = (appl_start == 0x0)?0x1:0x0
                0x00000000                cy_project_type_app_for_stack_and_copier = (CY_APP_FOR_STACK_AND_COPIER == 0x1)?0x1:0x0

.text           0x00000000     0x1a40
 CREATE_OBJECT_SYMBOLS
                0x00000000                PROVIDE (__cy_interrupt_vector, RomVectors)
 *(.romvectors)
 .romvectors    0x00000000       0x10 .\CortexM0\ARM_GCC_493\Debug\Cm0Start.o
                0x00000000                RomVectors
                0x00000001                ASSERT ((. != __cy_interrupt_vector), No interrupt vector)
                0x00000001                ASSERT (CY_APPL_ORIGIN?(SIZEOF (.cybootloader) <= CY_APPL_ORIGIN):0x1, Wrong image location)
                0x00000010                PROVIDE (__cy_reset, Reset)
 *(.text.Reset)
 .text.Reset    0x00000010        0x8 .\CortexM0\ARM_GCC_493\Debug\Cm0Start.o
                0x00000010                Reset
                0x00000001                ASSERT ((. != __cy_reset), No reset code)
 *(.psocinit)
 .psocinit      0x00000018      0x1d4 .\CortexM0\ARM_GCC_493\Debug\BLE_HoloClock.a(cyfitter_cfg.o)
                0x000000c8                cyfitter_cfg
                0x000001ec                . = MAX (., 0x100)
 *(.text .text.* .gnu.linkonce.t.*)
 .text          0x000001ec       0x60 c:/program files (x86)/cypress/psoc creator/3.3/psoc creator/import/gnu/arm/4.9.3/bin/../lib/gcc/arm-none-eabi/4.9.3/armv6-m/crtbegin.o
 .text.StackEventHandler
                0x0000024c       0xe4 .\CortexM0\ARM_GCC_493\Debug\main.o
                0x0000024c                StackEventHandler
 .text.main     0x00000330      0x124 .\CortexM0\ARM_GCC_493\Debug\main.o
                0x00000330                main
 .text.IasEventHandler
                0x00000454       0x2c .\CortexM0\ARM_GCC_493\Debug\ias.o
                0x00000454                IasEventHandler
 .text.IntDefaultHandler
                0x00000480        0x8 .\CortexM0\ARM_GCC_493\Debug\Cm0Start.o
                0x00000480                IntDefaultHandler
 .text.Start_c  0x00000488       0x98 .\CortexM0\ARM_GCC_493\Debug\Cm0Start.o
                0x00000488                Start_c
 .text.initialize_psoc
                0x00000520       0x70 .\CortexM0\ARM_GCC_493\Debug\Cm0Start.o
                0x00000520                initialize_psoc
 .text.CYMEMZERO
                0x00000590       0x20 .\CortexM0\ARM_GCC_493\Debug\BLE_HoloClock.a(cyfitter_cfg.o)
 .text.AnalogSetDefault
                0x000005b0       0x28 .\CortexM0\ARM_GCC_493\Debug\BLE_HoloClock.a(cyfitter_cfg.o)
 .text.Advertising_LED_Write
                0x000005d8       0x4c .\CortexM0\ARM_GCC_493\Debug\BLE_HoloClock.a(Advertising_LED.o)
                0x000005d8                Advertising_LED_Write
 .text.CyBle_Init
                0x00000624       0x2c .\CortexM0\ARM_GCC_493\Debug\BLE_HoloClock.a(BLE.o)
                0x00000624                CyBle_Init
 .text.CyBle_ServiceInit
                0x00000650        0xc .\CortexM0\ARM_GCC_493\Debug\BLE_HoloClock.a(BLE.o)
                0x00000650                CyBle_ServiceInit
 .text.CyBle_Start
                0x0000065c       0xdc .\CortexM0\ARM_GCC_493\Debug\BLE_HoloClock.a(BLE.o)
                0x0000065c                CyBle_Start
 .text.CyBle_GappStartAdvertisement
                0x00000738       0xd4 .\CortexM0\ARM_GCC_493\Debug\BLE_HoloClock.a(BLE.o)
                0x00000738                CyBle_GappStartAdvertisement
 .text.CyBle_ChangeAdDeviceAddress
                0x0000080c       0x60 .\CortexM0\ARM_GCC_493\Debug\BLE_HoloClock.a(BLE.o)
                0x0000080c                CyBle_ChangeAdDeviceAddress
 .text.CyBle_Get16ByPtr
                0x0000086c       0x28 .\CortexM0\ARM_GCC_493\Debug\BLE_HoloClock.a(BLE.o)
                0x0000086c                CyBle_Get16ByPtr
 .text.CyBle_GattsWriteEventHandler
                0x00000894       0xa0 .\CortexM0\ARM_GCC_493\Debug\BLE_HoloClock.a(BLE_gatt.o)
                0x00000894                CyBle_GattsWriteEventHandler
 .text.CyBle_IasInit
                0x00000934        0x8 .\CortexM0\ARM_GCC_493\Debug\BLE_HoloClock.a(BLE_ias.o)
                0x00000934                CyBle_IasInit
 .text.CyBle_IasRegisterAttrCallback
                0x0000093c       0x18 .\CortexM0\ARM_GCC_493\Debug\BLE_HoloClock.a(BLE_ias.o)
                0x0000093c                CyBle_IasRegisterAttrCallback
 .text.CyBle_IassDisconnectEventHandler
                0x00000954       0x38 .\CortexM0\ARM_GCC_493\Debug\BLE_HoloClock.a(BLE_ias.o)
                0x00000954                CyBle_IassDisconnectEventHandler
 .text.CyBle_IassWriteCmdEventHandler
                0x0000098c       0x90 .\CortexM0\ARM_GCC_493\Debug\BLE_HoloClock.a(BLE_ias.o)
                0x0000098c                CyBle_IassWriteCmdEventHandler
 .text.CyBle_IassGetCharacteristicValue
                0x00000a1c       0x78 .\CortexM0\ARM_GCC_493\Debug\BLE_HoloClock.a(BLE_ias.o)
                0x00000a1c                CyBle_IassGetCharacteristicValue
 .text.CyBle_WriteReqHandler
                0x00000a94       0x70 .\CortexM0\ARM_GCC_493\Debug\BLE_HoloClock.a(BLE_eventHandler.o)
 .text.CyBle_ValueConfirmation
                0x00000b04       0x10 .\CortexM0\ARM_GCC_493\Debug\BLE_HoloClock.a(BLE_eventHandler.o)
 .text.CyBle_GattDisconnectEventHandler
                0x00000b14       0x1c .\CortexM0\ARM_GCC_493\Debug\BLE_HoloClock.a(BLE_eventHandler.o)
 .text.CyBle_TimeOutEventHandler
                0x00000b30       0x10 .\CortexM0\ARM_GCC_493\Debug\BLE_HoloClock.a(BLE_eventHandler.o)
 .text.CyBle_GattConnectReqHandler
                0x00000b40        0x8 .\CortexM0\ARM_GCC_493\Debug\BLE_HoloClock.a(BLE_eventHandler.o)
 .text.CyBle_IsDeviceAddressValid
                0x00000b48       0x60 .\CortexM0\ARM_GCC_493\Debug\BLE_HoloClock.a(BLE_eventHandler.o)
 .text.CyBle_L2Cap_ConnParamUpdateRspEventHandler
                0x00000ba8       0x14 .\CortexM0\ARM_GCC_493\Debug\BLE_HoloClock.a(BLE_eventHandler.o)
 .text.CyBle_GapConnUpdateCompleteEventHandler
                0x00000bbc       0x10 .\CortexM0\ARM_GCC_493\Debug\BLE_HoloClock.a(BLE_eventHandler.o)
 .text.CyBle_EventHandler
                0x00000bcc      0x2b0 .\CortexM0\ARM_GCC_493\Debug\BLE_HoloClock.a(BLE_eventHandler.o)
                0x00000bcc                CyBle_EventHandler
 .text.Alert_LED_Write
                0x00000e7c       0x48 .\CortexM0\ARM_GCC_493\Debug\BLE_HoloClock.a(Alert_LED.o)
                0x00000e7c                Alert_LED_Write
 .text.Alert_LED_Read
                0x00000ec4       0x1c .\CortexM0\ARM_GCC_493\Debug\BLE_HoloClock.a(Alert_LED.o)
                0x00000ec4                Alert_LED_Read
 .text.Disconnect_LED_Write
                0x00000ee0       0x4c .\CortexM0\ARM_GCC_493\Debug\BLE_HoloClock.a(Disconnect_LED.o)
                0x00000ee0                Disconnect_LED_Write
 .text.Laser_Write
                0x00000f2c       0x48 .\CortexM0\ARM_GCC_493\Debug\BLE_HoloClock.a(Laser.o)
                0x00000f2c                Laser_Write
 .text.LED_Write
                0x00000f74       0x4c .\CortexM0\ARM_GCC_493\Debug\BLE_HoloClock.a(LED.o)
                0x00000f74                LED_Write
 .text          0x00000fc0       0x20 .\CortexM0\ARM_GCC_493\Debug\BLE_HoloClock.a(CyBootAsmGnu.o)
                0x00000fc0                CyDelayCycles
                0x00000fd2                CyEnterCriticalSection
                0x00000fda                CyExitCriticalSection
 .text.CySysClkWriteSysclkDiv
                0x00000fe0       0x44 .\CortexM0\ARM_GCC_493\Debug\BLE_HoloClock.a(CyLib.o)
                0x00000fe0                CySysClkWriteSysclkDiv
 .text.CySysClkWriteImoFreq
                0x00001024       0x98 .\CortexM0\ARM_GCC_493\Debug\BLE_HoloClock.a(CyLib.o)
                0x00001024                CySysClkWriteImoFreq
 .text.CySysClkEcoStart
                0x000010bc       0x74 .\CortexM0\ARM_GCC_493\Debug\BLE_HoloClock.a(CyLib.o)
                0x000010bc                CySysClkEcoStart
 .text.CySysClkEcoReadStatus
                0x00001130       0x20 .\CortexM0\ARM_GCC_493\Debug\BLE_HoloClock.a(CyLib.o)
                0x00001130                CySysClkEcoReadStatus
 .text.CyHalt   0x00001150       0x14 .\CortexM0\ARM_GCC_493\Debug\BLE_HoloClock.a(CyLib.o)
                0x00001150                CyHalt
 .text.CyDelay  0x00001164       0x48 .\CortexM0\ARM_GCC_493\Debug\BLE_HoloClock.a(CyLib.o)
                0x00001164                CyDelay
 .text.CyDelayUs
                0x000011ac       0x28 .\CortexM0\ARM_GCC_493\Debug\BLE_HoloClock.a(CyLib.o)
                0x000011ac                CyDelayUs
 .text.CySysPmSleep
                0x000011d4       0x34 .\CortexM0\ARM_GCC_493\Debug\BLE_HoloClock.a(cyPm.o)
                0x000011d4                CySysPmSleep
 .text.CySysPmDeepSleep
                0x00001208       0x6c .\CortexM0\ARM_GCC_493\Debug\BLE_HoloClock.a(cyPm.o)
                0x00001208                CySysPmDeepSleep
 .text.CySysPmStop
                0x00001274       0x3c .\CortexM0\ARM_GCC_493\Debug\BLE_HoloClock.a(cyPm.o)
                0x00001274                CySysPmStop
 .text.CySysPmSetWakeupPolarity
                0x000012b0       0x4c .\CortexM0\ARM_GCC_493\Debug\BLE_HoloClock.a(cyPm.o)
                0x000012b0                CySysPmSetWakeupPolarity
 .text.CySysPmFreezeIo
                0x000012fc       0x58 .\CortexM0\ARM_GCC_493\Debug\BLE_HoloClock.a(cyPm.o)
                0x000012fc                CySysPmFreezeIo
 .text.CySysClkWcoSetHighPowerMode
                0x00001354       0x48 .\CortexM0\ARM_GCC_493\Debug\BLE_HoloClock.a(CyLFClk.o)
 .text.CySysClkWcoSetLowPowerMode
                0x0000139c       0x48 .\CortexM0\ARM_GCC_493\Debug\BLE_HoloClock.a(CyLFClk.o)
 .text.CySysClkWcoStart
                0x000013e4       0x20 .\CortexM0\ARM_GCC_493\Debug\BLE_HoloClock.a(CyLFClk.o)
                0x000013e4                CySysClkWcoStart
 .text.CySysClkWcoSetPowerMode
                0x00001404       0x40 .\CortexM0\ARM_GCC_493\Debug\BLE_HoloClock.a(CyLFClk.o)
                0x00001404                CySysClkWcoSetPowerMode
 .text.CyBLE_Bless_LlRegWrite
                0x00001444       0x1c .\CortexM0\ARM_GCC_493\Debug\BLE_HoloClock.a(BLE_HAL_PVT.o)
                0x00001444                CyBLE_Bless_LlRegWrite
 .text.CyBLE_Bless_RfRegWrite
                0x00001460       0x1c .\CortexM0\ARM_GCC_493\Debug\BLE_HoloClock.a(BLE_HAL_PVT.o)
                0x00001460                CyBLE_Bless_RfRegWrite
 .text.CyBLE_BlessDeviceConfig
                0x0000147c      0x110 .\CortexM0\ARM_GCC_493\Debug\BLE_HoloClock.a(BLE_HAL_PVT.o)
                0x0000147c                CyBLE_BlessDeviceConfig
 .text.CyBleHal_DelayUs
                0x0000158c       0x1c .\CortexM0\ARM_GCC_493\Debug\BLE_HoloClock.a(BLE_HAL_PVT.o)
                0x0000158c                CyBleHal_DelayUs
 .text.CyBleHal_EnableGlobalInterrupts
                0x000015a8        0xc .\CortexM0\ARM_GCC_493\Debug\BLE_HoloClock.a(BLE_HAL_PVT.o)
                0x000015a8                CyBleHal_EnableGlobalInterrupts
 .text.CyBleHal_DisableGlobalInterrupts
                0x000015b4        0xc .\CortexM0\ARM_GCC_493\Debug\BLE_HoloClock.a(BLE_HAL_PVT.o)
                0x000015b4                CyBleHal_DisableGlobalInterrupts
 .text.CyBle_HalInit
                0x000015c0       0x20 .\CortexM0\ARM_GCC_493\Debug\BLE_HoloClock.a(BLE_HAL_PVT.o)
                0x000015c0                CyBle_HalInit
 .text.CYBLE_BlessStart
                0x000015e0       0x14 .\CortexM0\ARM_GCC_493\Debug\BLE_HoloClock.a(BLE_HAL_PVT.o)
                0x000015e0                CYBLE_BlessStart
 .text.BLE_bless_isr_StartEx
                0x000015f4       0x24 .\CortexM0\ARM_GCC_493\Debug\BLE_HoloClock.a(BLE_bless_isr.o)
                0x000015f4                BLE_bless_isr_StartEx
 .text.BLE_bless_isr_SetVector
                0x00001618       0x18 .\CortexM0\ARM_GCC_493\Debug\BLE_HoloClock.a(BLE_bless_isr.o)
                0x00001618                BLE_bless_isr_SetVector
 .text.BLE_bless_isr_SetPriority
                0x00001630       0x4c .\CortexM0\ARM_GCC_493\Debug\BLE_HoloClock.a(BLE_bless_isr.o)
                0x00001630                BLE_bless_isr_SetPriority
 .text.BLE_bless_isr_Enable
                0x0000167c       0x14 .\CortexM0\ARM_GCC_493\Debug\BLE_HoloClock.a(BLE_bless_isr.o)
                0x0000167c                BLE_bless_isr_Enable
 .text.BLE_bless_isr_Disable
                0x00001690       0x14 .\CortexM0\ARM_GCC_493\Debug\BLE_HoloClock.a(BLE_bless_isr.o)
                0x00001690                BLE_bless_isr_Disable
 .text.CyBLE_Bless_Interrupt
                0x000016a4        0xc .\CortexM0\ARM_GCC_493\Debug\BLE_HoloClock.a(BLE_HAL_INT.o)
                0x000016a4                CyBLE_Bless_Interrupt
 .text          0x000016b0      0x120 c:/program files (x86)/cypress/psoc creator/3.3/psoc creator/import/gnu/arm/4.9.3/bin/../lib/gcc/arm-none-eabi/4.9.3/armv6-m\libgcc.a(_udivsi3.o)
                0x000016b0                __aeabi_uidiv
                0x000016b0                __udivsi3
                0x000017bc                __aeabi_uidivmod
 .text          0x000017d0      0x1e0 c:/program files (x86)/cypress/psoc creator/3.3/psoc creator/import/gnu/arm/4.9.3/bin/../lib/gcc/arm-none-eabi/4.9.3/armv6-m\libgcc.a(_divsi3.o)
                0x000017d0                __divsi3
                0x000017d0                __aeabi_idiv
                0x0000199c                __aeabi_idivmod
 .text          0x000019b0        0x4 c:/program files (x86)/cypress/psoc creator/3.3/psoc creator/import/gnu/arm/4.9.3/bin/../lib/gcc/arm-none-eabi/4.9.3/armv6-m\libgcc.a(_dvmd_tls.o)
                0x000019b0                __aeabi_idiv0
                0x000019b0                __aeabi_ldiv0
 .text.__libc_init_array
                0x000019b4       0x4c c:/program files (x86)/cypress/psoc creator/3.3/psoc creator/import/gnu/arm/4.9.3/bin/../lib/gcc/arm-none-eabi/4.9.3/../../../../arm-none-eabi/lib/armv6-m\libg_nano.a(lib_a-init.o)
                0x000019b4                __libc_init_array
 .text.memcmp   0x00001a00       0x1e c:/program files (x86)/cypress/psoc creator/3.3/psoc creator/import/gnu/arm/4.9.3/bin/../lib/gcc/arm-none-eabi/4.9.3/../../../../arm-none-eabi/lib/armv6-m\libg_nano.a(lib_a-memcmp.o)
                0x00001a00                memcmp
 .text.memcpy   0x00001a1e       0x12 c:/program files (x86)/cypress/psoc creator/3.3/psoc creator/import/gnu/arm/4.9.3/bin/../lib/gcc/arm-none-eabi/4.9.3/../../../../arm-none-eabi/lib/armv6-m\libg_nano.a(lib_a-memcpy.o)
                0x00001a1e                memcpy
 .text.memset   0x00001a30       0x10 c:/program files (x86)/cypress/psoc creator/3.3/psoc creator/import/gnu/arm/4.9.3/bin/../lib/gcc/arm-none-eabi/4.9.3/../../../../arm-none-eabi/lib/armv6-m\libg_nano.a(lib_a-memset.o)
                0x00001a30                memset
 *(.plt)
 *(.gnu.warning)
 *(.glue_7t)
 .glue_7t       0x00000000        0x0 linker stubs
 *(.glue_7)
 .glue_7        0x00000000        0x0 linker stubs
 *(.vfp11_veneer)
 .vfp11_veneer  0x00000000        0x0 linker stubs
 *(.bootloader)
 *(.ARM.extab* .gnu.linkonce.armextab.*)
 *(.gcc_except_table)

.v4_bx          0x00001a40        0x0
 .v4_bx         0x00000000        0x0 linker stubs

.iplt           0x00001a40        0x0
 .iplt          0x00000000        0x0 c:/program files (x86)/cypress/psoc creator/3.3/psoc creator/import/gnu/arm/4.9.3/bin/../lib/gcc/arm-none-eabi/4.9.3/armv6-m/crtbegin.o

i.CyBle_EnterLPM
                0x00001a40        0x8
 i.CyBle_EnterLPM
                0x00001a40        0x8 C:\Program Files (x86)\Cypress\PSoC Creator\3.3\PSoC Creator\psoc\content\cycomponentlibrary\CyComponentLibrary.cylib\BLE_v2_30\Library\gccCyBLEStack_BLE_SOC_PERIPHERAL.a(CyBle.o)
                0x00001a40                CyBle_EnterLPM

i.CyBle_ExitLPM
                0x00001a48        0x8
 i.CyBle_ExitLPM
                0x00001a48        0x8 C:\Program Files (x86)\Cypress\PSoC Creator\3.3\PSoC Creator\psoc\content\cycomponentlibrary\CyComponentLibrary.cylib\BLE_v2_30\Library\gccCyBLEStack_BLE_SOC_PERIPHERAL.a(CyBle.o)
                0x00001a48                CyBle_ExitLPM

i.CyBle_ProcessEvents
                0x00001a50        0x8
 i.CyBle_ProcessEvents
                0x00001a50        0x8 C:\Program Files (x86)\Cypress\PSoC Creator\3.3\PSoC Creator\psoc\content\cycomponentlibrary\CyComponentLibrary.cylib\BLE_v2_30\Library\gccCyBLEStack_BLE_SOC_PERIPHERAL.a(CyBle.o)
                0x00001a50                CyBle_ProcessEvents

i.CyBle_SetDeviceAddress
                0x00001a58       0x24
 i.CyBle_SetDeviceAddress
                0x00001a58       0x24 C:\Program Files (x86)\Cypress\PSoC Creator\3.3\PSoC Creator\psoc\content\cycomponentlibrary\CyComponentLibrary.cylib\BLE_v2_30\Library\gccCyBLEStack_BLE_SOC_PERIPHERAL.a(CyBle.o)
                0x00001a58                CyBle_SetDeviceAddress

i.CyBle_StackInit
                0x00001a7c       0xfc
 i.CyBle_StackInit
                0x00001a7c       0xfc C:\Program Files (x86)\Cypress\PSoC Creator\3.3\PSoC Creator\psoc\content\cycomponentlibrary\CyComponentLibrary.cylib\BLE_v2_30\Library\gccCyBLEStack_BLE_SOC_PERIPHERAL.a(CyBle.o)
                0x00001a7c                CyBle_StackInit

i.CyBle_StackValidateInputParams
                0x00001b78       0xf4
 i.CyBle_StackValidateInputParams
                0x00001b78       0xf4 C:\Program Files (x86)\Cypress\PSoC Creator\3.3\PSoC Creator\psoc\content\cycomponentlibrary\CyComponentLibrary.cylib\BLE_v2_30\Library\gccCyBLEStack_BLE_SOC_PERIPHERAL.a(CyBle.o)

i.__ARM_common_switch8
                0x00001c6c       0x1a
 i.__ARM_common_switch8
                0x00001c6c       0x1a C:\Program Files (x86)\Cypress\PSoC Creator\3.3\PSoC Creator\psoc\content\cycomponentlibrary\CyComponentLibrary.cylib\BLE_v2_30\Library\gccCyBLEStack_BLE_SOC_PERIPHERAL.a(CyBle.o)
                0x00001c6c                __ARM_common_switch8

i.CyBleStackMgr_Init
                0x00001c88       0x9c
 i.CyBleStackMgr_Init
                0x00001c88       0x9c C:\Program Files (x86)\Cypress\PSoC Creator\3.3\PSoC Creator\psoc\content\cycomponentlibrary\CyComponentLibrary.cylib\BLE_v2_30\Library\gccCyBLEStack_BLE_SOC_PERIPHERAL.a(CyBleStackMgrIP_Interface.o)
                0x00001c88                CyBleStackMgr_Init

i.CyBleStackMgr_ProcessBleEvents
                0x00001d24       0x14
 i.CyBleStackMgr_ProcessBleEvents
                0x00001d24       0x14 C:\Program Files (x86)\Cypress\PSoC Creator\3.3\PSoC Creator\psoc\content\cycomponentlibrary\CyComponentLibrary.cylib\BLE_v2_30\Library\gccCyBLEStack_BLE_SOC_PERIPHERAL.a(CyBleStackMgrIP_Interface.o)
                0x00001d24                CyBleStackMgr_ProcessBleEvents

i.CyBle_GetHeapMemory
                0x00001d38       0x28
 i.CyBle_GetHeapMemory
                0x00001d38       0x28 C:\Program Files (x86)\Cypress\PSoC Creator\3.3\PSoC Creator\psoc\content\cycomponentlibrary\CyComponentLibrary.cylib\BLE_v2_30\Library\gccCyBLEStack_BLE_SOC_PERIPHERAL.a(CyBleStackMgrIP_Interface.o)
                0x00001d38                CyBle_GetHeapMemory

i.CyBle_GetNumAppBufferPools
                0x00001d60        0xc
 i.CyBle_GetNumAppBufferPools
                0x00001d60        0xc C:\Program Files (x86)\Cypress\PSoC Creator\3.3\PSoC Creator\psoc\content\cycomponentlibrary\CyComponentLibrary.cylib\BLE_v2_30\Library\gccCyBLEStack_BLE_SOC_PERIPHERAL.a(CyBleStackMgrIP_Interface.o)
                0x00001d60                CyBle_GetNumAppBufferPools

i.CyBle_HostStackBufferPoolInit
                0x00001d6c       0xec
 i.CyBle_HostStackBufferPoolInit
                0x00001d6c       0xec C:\Program Files (x86)\Cypress\PSoC Creator\3.3\PSoC Creator\psoc\content\cycomponentlibrary\CyComponentLibrary.cylib\BLE_v2_30\Library\gccCyBLEStack_BLE_SOC_PERIPHERAL.a(CyBleStackMgrIP_Interface.o)

i.ble_stack_idle_task_callback
                0x00001e58        0x2
 i.ble_stack_idle_task_callback
                0x00001e58        0x2 C:\Program Files (x86)\Cypress\PSoC Creator\3.3\PSoC Creator\psoc\content\cycomponentlibrary\CyComponentLibrary.cylib\BLE_v2_30\Library\gccCyBLEStack_BLE_SOC_PERIPHERAL.a(CyBleStackMgrIP_Interface.o)
                0x00001e58                ble_stack_idle_task_callback

i.BT_OSFreeBuf  0x00001e5c       0x20
 i.BT_OSFreeBuf
                0x00001e5c       0x20 C:\Program Files (x86)\Cypress\PSoC Creator\3.3\PSoC Creator\psoc\content\cycomponentlibrary\CyComponentLibrary.cylib\BLE_v2_30\Library\gccCyBLEStack_BLE_SOC_PERIPHERAL.a(BT_os.o)
                0x00001e5c                BT_OSFreeBuf

i.BT_OSGetBuF   0x00001e7c       0x34
 i.BT_OSGetBuF  0x00001e7c       0x34 C:\Program Files (x86)\Cypress\PSoC Creator\3.3\PSoC Creator\psoc\content\cycomponentlibrary\CyComponentLibrary.cylib\BLE_v2_30\Library\gccCyBLEStack_BLE_SOC_PERIPHERAL.a(BT_os.o)
                0x00001e7c                BT_OSGetBuF

i.BT_OSMemCreate
                0x00001eb0       0x3c
 i.BT_OSMemCreate
                0x00001eb0       0x3c C:\Program Files (x86)\Cypress\PSoC Creator\3.3\PSoC Creator\psoc\content\cycomponentlibrary\CyComponentLibrary.cylib\BLE_v2_30\Library\gccCyBLEStack_BLE_SOC_PERIPHERAL.a(BT_os.o)
                0x00001eb0                BT_OSMemCreate

i.BT_alloc_mem_ext
                0x00001eec       0x3c
 i.BT_alloc_mem_ext
                0x00001eec       0x3c C:\Program Files (x86)\Cypress\PSoC Creator\3.3\PSoC Creator\psoc\content\cycomponentlibrary\CyComponentLibrary.cylib\BLE_v2_30\Library\gccCyBLEStack_BLE_SOC_PERIPHERAL.a(BT_os.o)
                0x00001eec                BT_alloc_mem_ext

i.BT_free_mem   0x00001f28        0xc
 i.BT_free_mem  0x00001f28        0xc C:\Program Files (x86)\Cypress\PSoC Creator\3.3\PSoC Creator\psoc\content\cycomponentlibrary\CyComponentLibrary.cylib\BLE_v2_30\Library\gccCyBLEStack_BLE_SOC_PERIPHERAL.a(BT_os.o)
                0x00001f28                BT_free_mem

i.bt_stack_create_buffer_pool
                0x00001f34       0x30
 i.bt_stack_create_buffer_pool
                0x00001f34       0x30 C:\Program Files (x86)\Cypress\PSoC Creator\3.3\PSoC Creator\psoc\content\cycomponentlibrary\CyComponentLibrary.cylib\BLE_v2_30\Library\gccCyBLEStack_BLE_SOC_PERIPHERAL.a(BT_os.o)
                0x00001f34                bt_stack_create_buffer_pool

i.CyBle_CheckBleStackTaskStatus
                0x00001f64        0x4
 i.CyBle_CheckBleStackTaskStatus
                0x00001f64        0x4 C:\Program Files (x86)\Cypress\PSoC Creator\3.3\PSoC Creator\psoc\content\cycomponentlibrary\CyComponentLibrary.cylib\BLE_v2_30\Library\gccCyBLEStack_BLE_SOC_PERIPHERAL.a(CyBleStackMgr_StackTaskHandler.o)
                0x00001f64                CyBle_CheckBleStackTaskStatus

i.CyBle_CreateBleStackTask
                0x00001f68       0x2c
 i.CyBle_CreateBleStackTask
                0x00001f68       0x2c C:\Program Files (x86)\Cypress\PSoC Creator\3.3\PSoC Creator\psoc\content\cycomponentlibrary\CyComponentLibrary.cylib\BLE_v2_30\Library\gccCyBLEStack_BLE_SOC_PERIPHERAL.a(CyBleStackMgr_StackTaskHandler.o)
                0x00001f68                CyBle_CreateBleStackTask

i.CyBle_SignalBleStackTask
                0x00001f94       0x50
 i.CyBle_SignalBleStackTask
                0x00001f94       0x50 C:\Program Files (x86)\Cypress\PSoC Creator\3.3\PSoC Creator\psoc\content\cycomponentlibrary\CyComponentLibrary.cylib\BLE_v2_30\Library\gccCyBLEStack_BLE_SOC_PERIPHERAL.a(CyBleStackMgr_StackTaskHandler.o)
                0x00001f94                CyBle_SignalBleStackTask

i.CyBle_StackTaskHandler
                0x00001fe4       0x5c
 i.CyBle_StackTaskHandler
                0x00001fe4       0x5c C:\Program Files (x86)\Cypress\PSoC Creator\3.3\PSoC Creator\psoc\content\cycomponentlibrary\CyComponentLibrary.cylib\BLE_v2_30\Library\gccCyBLEStack_BLE_SOC_PERIPHERAL.a(CyBleStackMgr_StackTaskHandler.o)
                0x00001fe4                CyBle_StackTaskHandler

i.hci_soft_transport_notify_data_received
                0x00002040        0xc
 i.hci_soft_transport_notify_data_received
                0x00002040        0xc C:\Program Files (x86)\Cypress\PSoC Creator\3.3\PSoC Creator\psoc\content\cycomponentlibrary\CyComponentLibrary.cylib\BLE_v2_30\Library\gccCyBLEStack_BLE_SOC_PERIPHERAL.a(transport_sf.o)
                0x00002040                hci_soft_transport_notify_data_received

i.hci_soft_transport_rx_data
                0x0000204c       0x40
 i.hci_soft_transport_rx_data
                0x0000204c       0x40 C:\Program Files (x86)\Cypress\PSoC Creator\3.3\PSoC Creator\psoc\content\cycomponentlibrary\CyComponentLibrary.cylib\BLE_v2_30\Library\gccCyBLEStack_BLE_SOC_PERIPHERAL.a(transport_sf.o)
                0x0000204c                hci_soft_transport_rx_data

i.hci_transport_bt_init
                0x0000208c        0x2
 i.hci_transport_bt_init
                0x0000208c        0x2 C:\Program Files (x86)\Cypress\PSoC Creator\3.3\PSoC Creator\psoc\content\cycomponentlibrary\CyComponentLibrary.cylib\BLE_v2_30\Library\gccCyBLEStack_BLE_SOC_PERIPHERAL.a(transport_sf.o)
                0x0000208c                hci_transport_bt_init

i.hci_transport_init
                0x00002090       0x10
 i.hci_transport_init
                0x00002090       0x10 C:\Program Files (x86)\Cypress\PSoC Creator\3.3\PSoC Creator\psoc\content\cycomponentlibrary\CyComponentLibrary.cylib\BLE_v2_30\Library\gccCyBLEStack_BLE_SOC_PERIPHERAL.a(transport_sf.o)
                0x00002090                hci_transport_init

i.hci_transport_write_data
                0x000020a0       0xd4
 i.hci_transport_write_data
                0x000020a0       0xd4 C:\Program Files (x86)\Cypress\PSoC Creator\3.3\PSoC Creator\psoc\content\cycomponentlibrary\CyComponentLibrary.cylib\BLE_v2_30\Library\gccCyBLEStack_BLE_SOC_PERIPHERAL.a(transport_sf.o)
                0x000020a0                hci_transport_write_data

i.pf_hci_soft_transport_write
                0x00002174       0x44
 i.pf_hci_soft_transport_write
                0x00002174       0x44 C:\Program Files (x86)\Cypress\PSoC Creator\3.3\PSoC Creator\psoc\content\cycomponentlibrary\CyComponentLibrary.cylib\BLE_v2_30\Library\gccCyBLEStack_BLE_SOC_PERIPHERAL.a(transport_sf.o)
                0x00002174                pf_hci_soft_transport_write

i.pf_soft_hci_transport_init
                0x000021b8        0xc
 i.pf_soft_hci_transport_init
                0x000021b8        0xc C:\Program Files (x86)\Cypress\PSoC Creator\3.3\PSoC Creator\psoc\content\cycomponentlibrary\CyComponentLibrary.cylib\BLE_v2_30\Library\gccCyBLEStack_BLE_SOC_PERIPHERAL.a(transport_sf.o)
                0x000021b8                pf_soft_hci_transport_init

i.CyBleStackMgr_GetTime
                0x000021c4       0x14
 i.CyBleStackMgr_GetTime
                0x000021c4       0x14 C:\Program Files (x86)\Cypress\PSoC Creator\3.3\PSoC Creator\psoc\content\cycomponentlibrary\CyComponentLibrary.cylib\BLE_v2_30\Library\gccCyBLEStack_BLE_SOC_PERIPHERAL.a(CyBleStackMgr_PSoCHal.o)
                0x000021c4                CyBleStackMgr_GetTime

i.CyBleStackMgr_HalInit
                0x000021d8       0x24
 i.CyBleStackMgr_HalInit
                0x000021d8       0x24 C:\Program Files (x86)\Cypress\PSoC Creator\3.3\PSoC Creator\psoc\content\cycomponentlibrary\CyComponentLibrary.cylib\BLE_v2_30\Library\gccCyBLEStack_BLE_SOC_PERIPHERAL.a(CyBleStackMgr_PSoCHal.o)
                0x000021d8                CyBleStackMgr_HalInit

i.CyBleStackMgr_HalIntrEnable
                0x000021fc        0x8
 i.CyBleStackMgr_HalIntrEnable
                0x000021fc        0x8 C:\Program Files (x86)\Cypress\PSoC Creator\3.3\PSoC Creator\psoc\content\cycomponentlibrary\CyComponentLibrary.cylib\BLE_v2_30\Library\gccCyBLEStack_BLE_SOC_PERIPHERAL.a(CyBleStackMgr_PSoCHal.o)
                0x000021fc                CyBleStackMgr_HalIntrEnable

i.CyBleStackMgr_HandleLinkLayerTick
                0x00002204       0x5c
 i.CyBleStackMgr_HandleLinkLayerTick
                0x00002204       0x5c C:\Program Files (x86)\Cypress\PSoC Creator\3.3\PSoC Creator\psoc\content\cycomponentlibrary\CyComponentLibrary.cylib\BLE_v2_30\Library\gccCyBLEStack_BLE_SOC_PERIPHERAL.a(CyBleStackMgr_PSoCHal.o)
                0x00002204                CyBleStackMgr_HandleLinkLayerTick

i.CyBleStackMgr_HciPortInit
                0x00002260        0xc
 i.CyBleStackMgr_HciPortInit
                0x00002260        0xc C:\Program Files (x86)\Cypress\PSoC Creator\3.3\PSoC Creator\psoc\content\cycomponentlibrary\CyComponentLibrary.cylib\BLE_v2_30\Library\gccCyBLEStack_BLE_SOC_PERIPHERAL.a(CyBleStackMgr_PSoCHal.o)
                0x00002260                CyBleStackMgr_HciPortInit

i.CyBleStackMgr_HciPortReset
                0x0000226c        0x2
 i.CyBleStackMgr_HciPortReset
                0x0000226c        0x2 C:\Program Files (x86)\Cypress\PSoC Creator\3.3\PSoC Creator\psoc\content\cycomponentlibrary\CyComponentLibrary.cylib\BLE_v2_30\Library\gccCyBLEStack_BLE_SOC_PERIPHERAL.a(CyBleStackMgr_PSoCHal.o)
                0x0000226c                CyBleStackMgr_HciPortReset

i.CyBleStackMgr_HciPortWrite
                0x0000226e        0x8
 i.CyBleStackMgr_HciPortWrite
                0x0000226e        0x8 C:\Program Files (x86)\Cypress\PSoC Creator\3.3\PSoC Creator\psoc\content\cycomponentlibrary\CyComponentLibrary.cylib\BLE_v2_30\Library\gccCyBLEStack_BLE_SOC_PERIPHERAL.a(CyBleStackMgr_PSoCHal.o)
                0x0000226e                CyBleStackMgr_HciPortWrite

i.CyBleStackMgr_ResetLinkLayerTimerEntity
                0x00002278       0x14
 i.CyBleStackMgr_ResetLinkLayerTimerEntity
                0x00002278       0x14 C:\Program Files (x86)\Cypress\PSoC Creator\3.3\PSoC Creator\psoc\content\cycomponentlibrary\CyComponentLibrary.cylib\BLE_v2_30\Library\gccCyBLEStack_BLE_SOC_PERIPHERAL.a(CyBleStackMgr_PSoCHal.o)
                0x00002278                CyBleStackMgr_ResetLinkLayerTimerEntity

i.CyBleStackMgr_TimerStart
                0x0000228c       0x2c
 i.CyBleStackMgr_TimerStart
                0x0000228c       0x2c C:\Program Files (x86)\Cypress\PSoC Creator\3.3\PSoC Creator\psoc\content\cycomponentlibrary\CyComponentLibrary.cylib\BLE_v2_30\Library\gccCyBLEStack_BLE_SOC_PERIPHERAL.a(CyBleStackMgr_PSoCHal.o)
                0x0000228c                CyBleStackMgr_TimerStart

i.CyBleStackMgr_TimerStop
                0x000022b8       0x18
 i.CyBleStackMgr_TimerStop
                0x000022b8       0x18 C:\Program Files (x86)\Cypress\PSoC Creator\3.3\PSoC Creator\psoc\content\cycomponentlibrary\CyComponentLibrary.cylib\BLE_v2_30\Library\gccCyBLEStack_BLE_SOC_PERIPHERAL.a(CyBleStackMgr_PSoCHal.o)
                0x000022b8                CyBleStackMgr_TimerStop

i.CyBleStackMgr_isTimerRunning
                0x000022d0       0x10
 i.CyBleStackMgr_isTimerRunning
                0x000022d0       0x10 C:\Program Files (x86)\Cypress\PSoC Creator\3.3\PSoC Creator\psoc\content\cycomponentlibrary\CyComponentLibrary.cylib\BLE_v2_30\Library\gccCyBLEStack_BLE_SOC_PERIPHERAL.a(CyBleStackMgr_PSoCHal.o)
                0x000022d0                CyBleStackMgr_isTimerRunning

i.CyBleAtlantisRadioInit
                0x000022e0      0x110
 i.CyBleAtlantisRadioInit
                0x000022e0      0x110 C:\Program Files (x86)\Cypress\PSoC Creator\3.3\PSoC Creator\psoc\content\cycomponentlibrary\CyComponentLibrary.cylib\BLE_v2_30\Library\gccCyBLEStack_BLE_SOC_PERIPHERAL.a(CyBleStackMgr_BleSSDriver.o)

i.CyBleStackMgr_BleSSFifoRead
                0x000023f0       0x38
 i.CyBleStackMgr_BleSSFifoRead
                0x000023f0       0x38 C:\Program Files (x86)\Cypress\PSoC Creator\3.3\PSoC Creator\psoc\content\cycomponentlibrary\CyComponentLibrary.cylib\BLE_v2_30\Library\gccCyBLEStack_BLE_SOC_PERIPHERAL.a(CyBleStackMgr_BleSSDriver.o)
                0x000023f0                CyBleStackMgr_BleSSFifoRead

i.CyBleStackMgr_BleSSFifoWrite
                0x00002428       0x30
 i.CyBleStackMgr_BleSSFifoWrite
                0x00002428       0x30 C:\Program Files (x86)\Cypress\PSoC Creator\3.3\PSoC Creator\psoc\content\cycomponentlibrary\CyComponentLibrary.cylib\BLE_v2_30\Library\gccCyBLEStack_BLE_SOC_PERIPHERAL.a(CyBleStackMgr_BleSSDriver.o)
                0x00002428                CyBleStackMgr_BleSSFifoWrite

i.CyBleStackMgr_BleSSInit
                0x00002458       0x50
 i.CyBleStackMgr_BleSSInit
                0x00002458       0x50 C:\Program Files (x86)\Cypress\PSoC Creator\3.3\PSoC Creator\psoc\content\cycomponentlibrary\CyComponentLibrary.cylib\BLE_v2_30\Library\gccCyBLEStack_BLE_SOC_PERIPHERAL.a(CyBleStackMgr_BleSSDriver.o)
                0x00002458                CyBleStackMgr_BleSSInit

i.CyBleStackMgr_BleSSMemRead
                0x000024a8       0x26
 i.CyBleStackMgr_BleSSMemRead
                0x000024a8       0x26 C:\Program Files (x86)\Cypress\PSoC Creator\3.3\PSoC Creator\psoc\content\cycomponentlibrary\CyComponentLibrary.cylib\BLE_v2_30\Library\gccCyBLEStack_BLE_SOC_PERIPHERAL.a(CyBleStackMgr_BleSSDriver.o)
                0x000024a8                CyBleStackMgr_BleSSMemRead

i.CyBleStackMgr_BleSSMemWrite
                0x000024d0       0x34
 i.CyBleStackMgr_BleSSMemWrite
                0x000024d0       0x34 C:\Program Files (x86)\Cypress\PSoC Creator\3.3\PSoC Creator\psoc\content\cycomponentlibrary\CyComponentLibrary.cylib\BLE_v2_30\Library\gccCyBLEStack_BLE_SOC_PERIPHERAL.a(CyBleStackMgr_BleSSDriver.o)
                0x000024d0                CyBleStackMgr_BleSSMemWrite

i.CyBleStackMgr_BleSSRegRead
                0x00002504        0xc
 i.CyBleStackMgr_BleSSRegRead
                0x00002504        0xc C:\Program Files (x86)\Cypress\PSoC Creator\3.3\PSoC Creator\psoc\content\cycomponentlibrary\CyComponentLibrary.cylib\BLE_v2_30\Library\gccCyBLEStack_BLE_SOC_PERIPHERAL.a(CyBleStackMgr_BleSSDriver.o)
                0x00002504                CyBleStackMgr_BleSSRegRead

i.CyBleStackMgr_BleSSRegWrite
                0x00002510        0xc
 i.CyBleStackMgr_BleSSRegWrite
                0x00002510        0xc C:\Program Files (x86)\Cypress\PSoC Creator\3.3\PSoC Creator\psoc\content\cycomponentlibrary\CyComponentLibrary.cylib\BLE_v2_30\Library\gccCyBLEStack_BLE_SOC_PERIPHERAL.a(CyBleStackMgr_BleSSDriver.o)
                0x00002510                CyBleStackMgr_BleSSRegWrite

i.CyBleStackMgr_BleSSReset
                0x0000251c       0x38
 i.CyBleStackMgr_BleSSReset
                0x0000251c       0x38 C:\Program Files (x86)\Cypress\PSoC Creator\3.3\PSoC Creator\psoc\content\cycomponentlibrary\CyComponentLibrary.cylib\BLE_v2_30\Library\gccCyBLEStack_BLE_SOC_PERIPHERAL.a(CyBleStackMgr_BleSSDriver.o)
                0x0000251c                CyBleStackMgr_BleSSReset

i.CyBleStackMgr_BleSSShutdown
                0x00002554       0x24
 i.CyBleStackMgr_BleSSShutdown
                0x00002554       0x24 C:\Program Files (x86)\Cypress\PSoC Creator\3.3\PSoC Creator\psoc\content\cycomponentlibrary\CyComponentLibrary.cylib\BLE_v2_30\Library\gccCyBLEStack_BLE_SOC_PERIPHERAL.a(CyBleStackMgr_BleSSDriver.o)
                0x00002554                CyBleStackMgr_BleSSShutdown

i.CyBleStackMgr_GenericIface
                0x00002578       0x3c
 i.CyBleStackMgr_GenericIface
                0x00002578       0x3c C:\Program Files (x86)\Cypress\PSoC Creator\3.3\PSoC Creator\psoc\content\cycomponentlibrary\CyComponentLibrary.cylib\BLE_v2_30\Library\gccCyBLEStack_BLE_SOC_PERIPHERAL.a(CyBleStackMgr_BleSSDriver.o)
                0x00002578                CyBleStackMgr_GenericIface

i.CyBleStackMgr_HandleBleSSIntr
                0x000025b4       0x90
 i.CyBleStackMgr_HandleBleSSIntr
                0x000025b4       0x90 C:\Program Files (x86)\Cypress\PSoC Creator\3.3\PSoC Creator\psoc\content\cycomponentlibrary\CyComponentLibrary.cylib\BLE_v2_30\Library\gccCyBLEStack_BLE_SOC_PERIPHERAL.a(CyBleStackMgr_BleSSDriver.o)
                0x000025b4                CyBleStackMgr_HandleBleSSIntr

i.CyBleStackMgr_SetClockParam
                0x00002644       0xb4
 i.CyBleStackMgr_SetClockParam
                0x00002644       0xb4 C:\Program Files (x86)\Cypress\PSoC Creator\3.3\PSoC Creator\psoc\content\cycomponentlibrary\CyComponentLibrary.cylib\BLE_v2_30\Library\gccCyBLEStack_BLE_SOC_PERIPHERAL.a(CyBleStackMgr_BleSSDriver.o)

i.CyBleStackMgr_isXtalCpuClkSource
                0x000026f8       0x18
 i.CyBleStackMgr_isXtalCpuClkSource
                0x000026f8       0x18 C:\Program Files (x86)\Cypress\PSoC Creator\3.3\PSoC Creator\psoc\content\cycomponentlibrary\CyComponentLibrary.cylib\BLE_v2_30\Library\gccCyBLEStack_BLE_SOC_PERIPHERAL.a(CyBleStackMgr_BleSSDriver.o)
                0x000026f8                CyBleStackMgr_isXtalCpuClkSource

i.CyBle_EnterDsmMode
                0x00002710       0x3c
 i.CyBle_EnterDsmMode
                0x00002710       0x3c C:\Program Files (x86)\Cypress\PSoC Creator\3.3\PSoC Creator\psoc\content\cycomponentlibrary\CyComponentLibrary.cylib\BLE_v2_30\Library\gccCyBLEStack_BLE_SOC_PERIPHERAL.a(CyBleStackMgr_BleSSDriver.o)
                0x00002710                CyBle_EnterDsmMode

i.CyBle_ExitDsmMode
                0x0000274c       0x2c
 i.CyBle_ExitDsmMode
                0x0000274c       0x2c C:\Program Files (x86)\Cypress\PSoC Creator\3.3\PSoC Creator\psoc\content\cycomponentlibrary\CyComponentLibrary.cylib\BLE_v2_30\Library\gccCyBLEStack_BLE_SOC_PERIPHERAL.a(CyBleStackMgr_BleSSDriver.o)
                0x0000274c                CyBle_ExitDsmMode

i.CyBle_GetBleSsOperationalMode
                0x00002778        0xc
 i.CyBle_GetBleSsOperationalMode
                0x00002778        0xc C:\Program Files (x86)\Cypress\PSoC Creator\3.3\PSoC Creator\psoc\content\cycomponentlibrary\CyComponentLibrary.cylib\BLE_v2_30\Library\gccCyBLEStack_BLE_SOC_PERIPHERAL.a(CyBleStackMgr_BleSSDriver.o)
                0x00002778                CyBle_GetBleSsOperationalMode

i.CyBle_GetEventCloseState
                0x00002784       0x10
 i.CyBle_GetEventCloseState
                0x00002784       0x10 C:\Program Files (x86)\Cypress\PSoC Creator\3.3\PSoC Creator\psoc\content\cycomponentlibrary\CyComponentLibrary.cylib\BLE_v2_30\Library\gccCyBLEStack_BLE_SOC_PERIPHERAL.a(CyBleStackMgr_BleSSDriver.o)
                0x00002784                CyBle_GetEventCloseState

i.CyBle_GetLpMode
                0x00002794       0x26
 i.CyBle_GetLpMode
                0x00002794       0x26 C:\Program Files (x86)\Cypress\PSoC Creator\3.3\PSoC Creator\psoc\content\cycomponentlibrary\CyComponentLibrary.cylib\BLE_v2_30\Library\gccCyBLEStack_BLE_SOC_PERIPHERAL.a(CyBleStackMgr_BleSSDriver.o)
                0x00002794                CyBle_GetLpMode

i.CyBle_GetTxGainMode
                0x000027bc       0x2c
 i.CyBle_GetTxGainMode
                0x000027bc       0x2c C:\Program Files (x86)\Cypress\PSoC Creator\3.3\PSoC Creator\psoc\content\cycomponentlibrary\CyComponentLibrary.cylib\BLE_v2_30\Library\gccCyBLEStack_BLE_SOC_PERIPHERAL.a(CyBleStackMgr_BleSSDriver.o)
                0x000027bc                CyBle_GetTxGainMode

i.CyBle_SetAutoWakeUp
                0x000027e8        0xc
 i.CyBle_SetAutoWakeUp
                0x000027e8        0xc C:\Program Files (x86)\Cypress\PSoC Creator\3.3\PSoC Creator\psoc\content\cycomponentlibrary\CyComponentLibrary.cylib\BLE_v2_30\Library\gccCyBLEStack_BLE_SOC_PERIPHERAL.a(CyBleStackMgr_BleSSDriver.o)
                0x000027e8                CyBle_SetAutoWakeUp

i.CyBle_SetBleSsOperationalMode
                0x000027f4       0x20
 i.CyBle_SetBleSsOperationalMode
                0x000027f4       0x20 C:\Program Files (x86)\Cypress\PSoC Creator\3.3\PSoC Creator\psoc\content\cycomponentlibrary\CyComponentLibrary.cylib\BLE_v2_30\Library\gccCyBLEStack_BLE_SOC_PERIPHERAL.a(CyBleStackMgr_BleSSDriver.o)
                0x000027f4                CyBle_SetBleSsOperationalMode

i.CyBle_SetEventCloseState
                0x00002814        0xc
 i.CyBle_SetEventCloseState
                0x00002814        0xc C:\Program Files (x86)\Cypress\PSoC Creator\3.3\PSoC Creator\psoc\content\cycomponentlibrary\CyComponentLibrary.cylib\BLE_v2_30\Library\gccCyBLEStack_BLE_SOC_PERIPHERAL.a(CyBleStackMgr_BleSSDriver.o)
                0x00002814                CyBle_SetEventCloseState

i.CyBle_SetRxGainMode
                0x00002820       0x20
 i.CyBle_SetRxGainMode
                0x00002820       0x20 C:\Program Files (x86)\Cypress\PSoC Creator\3.3\PSoC Creator\psoc\content\cycomponentlibrary\CyComponentLibrary.cylib\BLE_v2_30\Library\gccCyBLEStack_BLE_SOC_PERIPHERAL.a(CyBleStackMgr_BleSSDriver.o)
                0x00002820                CyBle_SetRxGainMode

i.CyBle_SetTxGainMode
                0x00002840       0x38
 i.CyBle_SetTxGainMode
                0x00002840       0x38 C:\Program Files (x86)\Cypress\PSoC Creator\3.3\PSoC Creator\psoc\content\cycomponentlibrary\CyComponentLibrary.cylib\BLE_v2_30\Library\gccCyBLEStack_BLE_SOC_PERIPHERAL.a(CyBleStackMgr_BleSSDriver.o)
                0x00002840                CyBle_SetTxGainMode

i.pf_rf_get_abs_rssi
                0x00002878       0x24
 i.pf_rf_get_abs_rssi
                0x00002878       0x24 C:\Program Files (x86)\Cypress\PSoC Creator\3.3\PSoC Creator\psoc\content\cycomponentlibrary\CyComponentLibrary.cylib\BLE_v2_30\Library\gccCyBLEStack_BLE_SOC_PERIPHERAL.a(CyBleStackMgr_BleSSDriver.o)
                0x00002878                pf_rf_get_abs_rssi

i.BleStackFlashStorageInit
                0x0000289c       0x74
 i.BleStackFlashStorageInit
                0x0000289c       0x74 C:\Program Files (x86)\Cypress\PSoC Creator\3.3\PSoC Creator\psoc\content\cycomponentlibrary\CyComponentLibrary.cylib\BLE_v2_30\Library\gccCyBLEStack_BLE_SOC_PERIPHERAL.a(storage_pl.o)
                0x0000289c                BleStackFlashStorageInit

i.BleStackWriteToFlashPending
                0x00002910       0x24
 i.BleStackWriteToFlashPending
                0x00002910       0x24 C:\Program Files (x86)\Cypress\PSoC Creator\3.3\PSoC Creator\psoc\content\cycomponentlibrary\CyComponentLibrary.cylib\BLE_v2_30\Library\gccCyBLEStack_BLE_SOC_PERIPHERAL.a(storage_pl.o)
                0x00002910                BleStackWriteToFlashPending

i.BleStackWriteToFlashRam
                0x00002934       0x70
 i.BleStackWriteToFlashRam
                0x00002934       0x70 C:\Program Files (x86)\Cypress\PSoC Creator\3.3\PSoC Creator\psoc\content\cycomponentlibrary\CyComponentLibrary.cylib\BLE_v2_30\Library\gccCyBLEStack_BLE_SOC_PERIPHERAL.a(storage_pl.o)
                0x00002934                BleStackWriteToFlashRam

i.storage_bt_init_pl
                0x000029a4       0x28
 i.storage_bt_init_pl
                0x000029a4       0x28 C:\Program Files (x86)\Cypress\PSoC Creator\3.3\PSoC Creator\psoc\content\cycomponentlibrary\CyComponentLibrary.cylib\BLE_v2_30\Library\gccCyBLEStack_BLE_SOC_PERIPHERAL.a(storage_pl.o)
                0x000029a4                storage_bt_init_pl

i.storage_close_pl
                0x000029cc        0x4
 i.storage_close_pl
                0x000029cc        0x4 C:\Program Files (x86)\Cypress\PSoC Creator\3.3\PSoC Creator\psoc\content\cycomponentlibrary\CyComponentLibrary.cylib\BLE_v2_30\Library\gccCyBLEStack_BLE_SOC_PERIPHERAL.a(storage_pl.o)
                0x000029cc                storage_close_pl

i.storage_open_pl
                0x000029d0       0x1c
 i.storage_open_pl
                0x000029d0       0x1c C:\Program Files (x86)\Cypress\PSoC Creator\3.3\PSoC Creator\psoc\content\cycomponentlibrary\CyComponentLibrary.cylib\BLE_v2_30\Library\gccCyBLEStack_BLE_SOC_PERIPHERAL.a(storage_pl.o)
                0x000029d0                storage_open_pl

i.storage_read_pl
                0x000029ec       0x28
 i.storage_read_pl
                0x000029ec       0x28 C:\Program Files (x86)\Cypress\PSoC Creator\3.3\PSoC Creator\psoc\content\cycomponentlibrary\CyComponentLibrary.cylib\BLE_v2_30\Library\gccCyBLEStack_BLE_SOC_PERIPHERAL.a(storage_pl.o)
                0x000029ec                storage_read_pl

i.storage_read_signature_pl
                0x00002a14       0x2c
 i.storage_read_signature_pl
                0x00002a14       0x2c C:\Program Files (x86)\Cypress\PSoC Creator\3.3\PSoC Creator\psoc\content\cycomponentlibrary\CyComponentLibrary.cylib\BLE_v2_30\Library\gccCyBLEStack_BLE_SOC_PERIPHERAL.a(storage_pl.o)
                0x00002a14                storage_read_signature_pl

i.storage_register_flash_pointer
                0x00002a40       0x20
 i.storage_register_flash_pointer
                0x00002a40       0x20 C:\Program Files (x86)\Cypress\PSoC Creator\3.3\PSoC Creator\psoc\content\cycomponentlibrary\CyComponentLibrary.cylib\BLE_v2_30\Library\gccCyBLEStack_BLE_SOC_PERIPHERAL.a(storage_pl.o)
                0x00002a40                storage_register_flash_pointer

i.storage_reset_storage_offset
                0x00002a60       0x10
 i.storage_reset_storage_offset
                0x00002a60       0x10 C:\Program Files (x86)\Cypress\PSoC Creator\3.3\PSoC Creator\psoc\content\cycomponentlibrary\CyComponentLibrary.cylib\BLE_v2_30\Library\gccCyBLEStack_BLE_SOC_PERIPHERAL.a(storage_pl.o)

i.storage_write_pl
                0x00002a70       0x24
 i.storage_write_pl
                0x00002a70       0x24 C:\Program Files (x86)\Cypress\PSoC Creator\3.3\PSoC Creator\psoc\content\cycomponentlibrary\CyComponentLibrary.cylib\BLE_v2_30\Library\gccCyBLEStack_BLE_SOC_PERIPHERAL.a(storage_pl.o)
                0x00002a70                storage_write_pl

i.storage_write_signature_pl
                0x00002a94       0x14
 i.storage_write_signature_pl
                0x00002a94       0x14 C:\Program Files (x86)\Cypress\PSoC Creator\3.3\PSoC Creator\psoc\content\cycomponentlibrary\CyComponentLibrary.cylib\BLE_v2_30\Library\gccCyBLEStack_BLE_SOC_PERIPHERAL.a(storage_pl.o)
                0x00002a94                storage_write_signature_pl

i.OS_init       0x00002aa8       0x64
 i.OS_init      0x00002aa8       0x64 C:\Program Files (x86)\Cypress\PSoC Creator\3.3\PSoC Creator\psoc\content\cycomponentlibrary\CyComponentLibrary.cylib\BLE_v2_30\Library\gccCyBLEStack_BLE_SOC_PERIPHERAL.a(mint_os.o)
                0x00002aa8                OS_init

i.mintos_malloc
                0x00002b0c       0x34
 i.mintos_malloc
                0x00002b0c       0x34 C:\Program Files (x86)\Cypress\PSoC Creator\3.3\PSoC Creator\psoc\content\cycomponentlibrary\CyComponentLibrary.cylib\BLE_v2_30\Library\gccCyBLEStack_BLE_SOC_PERIPHERAL.a(mint_os.o)
                0x00002b0c                mintos_malloc

i.OS_create_queue
                0x00002b40       0x64
 i.OS_create_queue
                0x00002b40       0x64 C:\Program Files (x86)\Cypress\PSoC Creator\3.3\PSoC Creator\psoc\content\cycomponentlibrary\CyComponentLibrary.cylib\BLE_v2_30\Library\gccCyBLEStack_BLE_SOC_PERIPHERAL.a(mint_os_queue.o)
                0x00002b40                OS_create_queue

i.OS_enqueue_item
                0x00002ba4       0x8c
 i.OS_enqueue_item
                0x00002ba4       0x8c C:\Program Files (x86)\Cypress\PSoC Creator\3.3\PSoC Creator\psoc\content\cycomponentlibrary\CyComponentLibrary.cylib\BLE_v2_30\Library\gccCyBLEStack_BLE_SOC_PERIPHERAL.a(mint_os_queue.o)
                0x00002ba4                OS_enqueue_item

i.OS_queue_get_num_of_items
                0x00002c30       0x28
 i.OS_queue_get_num_of_items
                0x00002c30       0x28 C:\Program Files (x86)\Cypress\PSoC Creator\3.3\PSoC Creator\psoc\content\cycomponentlibrary\CyComponentLibrary.cylib\BLE_v2_30\Library\gccCyBLEStack_BLE_SOC_PERIPHERAL.a(mint_os_queue.o)
                0x00002c30                OS_queue_get_num_of_items

i.OS_queue_mgmt_init
                0x00002c58       0x40
 i.OS_queue_mgmt_init
                0x00002c58       0x40 C:\Program Files (x86)\Cypress\PSoC Creator\3.3\PSoC Creator\psoc\content\cycomponentlibrary\CyComponentLibrary.cylib\BLE_v2_30\Library\gccCyBLEStack_BLE_SOC_PERIPHERAL.a(mint_os_queue.o)
                0x00002c58                OS_queue_mgmt_init

i.OS_remove_item
                0x00002c98       0xa0
 i.OS_remove_item
                0x00002c98       0xa0 C:\Program Files (x86)\Cypress\PSoC Creator\3.3\PSoC Creator\psoc\content\cycomponentlibrary\CyComponentLibrary.cylib\BLE_v2_30\Library\gccCyBLEStack_BLE_SOC_PERIPHERAL.a(mint_os_queue.o)
                0x00002c98                OS_remove_item

i.OS_create_task
                0x00002d38       0x88
 i.OS_create_task
                0x00002d38       0x88 C:\Program Files (x86)\Cypress\PSoC Creator\3.3\PSoC Creator\psoc\content\cycomponentlibrary\CyComponentLibrary.cylib\BLE_v2_30\Library\gccCyBLEStack_BLE_SOC_PERIPHERAL.a(mint_os_task.o)
                0x00002d38                OS_create_task

i.OS_isr_send_signal_to_task
                0x00002dc0        0xc
 i.OS_isr_send_signal_to_task
                0x00002dc0        0xc C:\Program Files (x86)\Cypress\PSoC Creator\3.3\PSoC Creator\psoc\content\cycomponentlibrary\CyComponentLibrary.cylib\BLE_v2_30\Library\gccCyBLEStack_BLE_SOC_PERIPHERAL.a(mint_os_task.o)
                0x00002dc0                OS_isr_send_signal_to_task

i.OS_scheduler  0x00002dcc       0x64
 i.OS_scheduler
                0x00002dcc       0x64 C:\Program Files (x86)\Cypress\PSoC Creator\3.3\PSoC Creator\psoc\content\cycomponentlibrary\CyComponentLibrary.cylib\BLE_v2_30\Library\gccCyBLEStack_BLE_SOC_PERIPHERAL.a(mint_os_task.o)
                0x00002dcc                OS_scheduler

i.OS_send_signal_to_task
                0x00002e30        0xc
 i.OS_send_signal_to_task
                0x00002e30        0xc C:\Program Files (x86)\Cypress\PSoC Creator\3.3\PSoC Creator\psoc\content\cycomponentlibrary\CyComponentLibrary.cylib\BLE_v2_30\Library\gccCyBLEStack_BLE_SOC_PERIPHERAL.a(mint_os_task.o)
                0x00002e30                OS_send_signal_to_task

i.OS_send_signal_to_task_context
                0x00002e3c       0x3c
 i.OS_send_signal_to_task_context
                0x00002e3c       0x3c C:\Program Files (x86)\Cypress\PSoC Creator\3.3\PSoC Creator\psoc\content\cycomponentlibrary\CyComponentLibrary.cylib\BLE_v2_30\Library\gccCyBLEStack_BLE_SOC_PERIPHERAL.a(mint_os_task.o)

i.OS_task_mgmt_init
                0x00002e78       0x50
 i.OS_task_mgmt_init
                0x00002e78       0x50 C:\Program Files (x86)\Cypress\PSoC Creator\3.3\PSoC Creator\psoc\content\cycomponentlibrary\CyComponentLibrary.cylib\BLE_v2_30\Library\gccCyBLEStack_BLE_SOC_PERIPHERAL.a(mint_os_task.o)
                0x00002e78                OS_task_mgmt_init

i.mint_buf_mgmt_allocate_buffer
                0x00002ec8       0x4c
 i.mint_buf_mgmt_allocate_buffer
                0x00002ec8       0x4c C:\Program Files (x86)\Cypress\PSoC Creator\3.3\PSoC Creator\psoc\content\cycomponentlibrary\CyComponentLibrary.cylib\BLE_v2_30\Library\gccCyBLEStack_BLE_SOC_PERIPHERAL.a(mint_buf_mgmt.o)
                0x00002ec8                mint_buf_mgmt_allocate_buffer

i.mint_buf_mgmt_create_pool
                0x00002f14       0xd0
 i.mint_buf_mgmt_create_pool
                0x00002f14       0xd0 C:\Program Files (x86)\Cypress\PSoC Creator\3.3\PSoC Creator\psoc\content\cycomponentlibrary\CyComponentLibrary.cylib\BLE_v2_30\Library\gccCyBLEStack_BLE_SOC_PERIPHERAL.a(mint_buf_mgmt.o)
                0x00002f14                mint_buf_mgmt_create_pool

i.mint_buf_mgmt_free_buffer
                0x00002fe4       0xa4
 i.mint_buf_mgmt_free_buffer
                0x00002fe4       0xa4 C:\Program Files (x86)\Cypress\PSoC Creator\3.3\PSoC Creator\psoc\content\cycomponentlibrary\CyComponentLibrary.cylib\BLE_v2_30\Library\gccCyBLEStack_BLE_SOC_PERIPHERAL.a(mint_buf_mgmt.o)
                0x00002fe4                mint_buf_mgmt_free_buffer

i.mint_buf_mgmt_init
                0x00003088       0x44
 i.mint_buf_mgmt_init
                0x00003088       0x44 C:\Program Files (x86)\Cypress\PSoC Creator\3.3\PSoC Creator\psoc\content\cycomponentlibrary\CyComponentLibrary.cylib\BLE_v2_30\Library\gccCyBLEStack_BLE_SOC_PERIPHERAL.a(mint_buf_mgmt.o)
                0x00003088                mint_buf_mgmt_init

i.mint_buf_mgmt_malloc
                0x000030cc       0x2c
 i.mint_buf_mgmt_malloc
                0x000030cc       0x2c C:\Program Files (x86)\Cypress\PSoC Creator\3.3\PSoC Creator\psoc\content\cycomponentlibrary\CyComponentLibrary.cylib\BLE_v2_30\Library\gccCyBLEStack_BLE_SOC_PERIPHERAL.a(mint_buf_mgmt.o)
                0x000030cc                mint_buf_mgmt_malloc

i.mint_buf_mgmt_pl_init
                0x000030f8       0x48
 i.mint_buf_mgmt_pl_init
                0x000030f8       0x48 C:\Program Files (x86)\Cypress\PSoC Creator\3.3\PSoC Creator\psoc\content\cycomponentlibrary\CyComponentLibrary.cylib\BLE_v2_30\Library\gccCyBLEStack_BLE_SOC_PERIPHERAL.a(mint_buf_mgmt.o)
                0x000030f8                mint_buf_mgmt_pl_init

i.mint_buf_mgmt_reset_pool
                0x00003140       0x70
 i.mint_buf_mgmt_reset_pool
                0x00003140       0x70 C:\Program Files (x86)\Cypress\PSoC Creator\3.3\PSoC Creator\psoc\content\cycomponentlibrary\CyComponentLibrary.cylib\BLE_v2_30\Library\gccCyBLEStack_BLE_SOC_PERIPHERAL.a(mint_buf_mgmt.o)
                0x00003140                mint_buf_mgmt_reset_pool

i.mint_buf_mgmt_stack_init
                0x000031b0       0x24
 i.mint_buf_mgmt_stack_init
                0x000031b0       0x24 C:\Program Files (x86)\Cypress\PSoC Creator\3.3\PSoC Creator\psoc\content\cycomponentlibrary\CyComponentLibrary.cylib\BLE_v2_30\Library\gccCyBLEStack_BLE_SOC_PERIPHERAL.a(mint_buf_mgmt.o)
                0x000031b0                mint_buf_mgmt_stack_init

i.mint_buf_mgmt_stack_pop
                0x000031d4       0x36
 i.mint_buf_mgmt_stack_pop
                0x000031d4       0x36 C:\Program Files (x86)\Cypress\PSoC Creator\3.3\PSoC Creator\psoc\content\cycomponentlibrary\CyComponentLibrary.cylib\BLE_v2_30\Library\gccCyBLEStack_BLE_SOC_PERIPHERAL.a(mint_buf_mgmt.o)
                0x000031d4                mint_buf_mgmt_stack_pop

i.mint_buf_mgmt_stack_push
                0x0000320a       0x36
 i.mint_buf_mgmt_stack_push
                0x0000320a       0x36 C:\Program Files (x86)\Cypress\PSoC Creator\3.3\PSoC Creator\psoc\content\cycomponentlibrary\CyComponentLibrary.cylib\BLE_v2_30\Library\gccCyBLEStack_BLE_SOC_PERIPHERAL.a(mint_buf_mgmt.o)
                0x0000320a                mint_buf_mgmt_stack_push

i.mint_buf_mgmt_stack_reset
                0x00003240       0x1e
 i.mint_buf_mgmt_stack_reset
                0x00003240       0x1e C:\Program Files (x86)\Cypress\PSoC Creator\3.3\PSoC Creator\psoc\content\cycomponentlibrary\CyComponentLibrary.cylib\BLE_v2_30\Library\gccCyBLEStack_BLE_SOC_PERIPHERAL.a(mint_buf_mgmt.o)
                0x00003240                mint_buf_mgmt_stack_reset

i.mint_buf_mgmt_stack_search_item
                0x0000325e       0x30
 i.mint_buf_mgmt_stack_search_item
                0x0000325e       0x30 C:\Program Files (x86)\Cypress\PSoC Creator\3.3\PSoC Creator\psoc\content\cycomponentlibrary\CyComponentLibrary.cylib\BLE_v2_30\Library\gccCyBLEStack_BLE_SOC_PERIPHERAL.a(mint_buf_mgmt.o)
                0x0000325e                mint_buf_mgmt_stack_search_item

i.CyBleControllerIP_GetPingState
                0x00003290        0xc
 i.CyBleControllerIP_GetPingState
                0x00003290        0xc C:\Program Files (x86)\Cypress\PSoC Creator\3.3\PSoC Creator\psoc\content\cycomponentlibrary\CyComponentLibrary.cylib\BLE_v2_30\Library\gccCyBLEStack_BLE_SOC_PERIPHERAL.a(CyBleControllerIP_Interface.o)
                0x00003290                CyBleControllerIP_GetPingState

i.CyBleController_AddDeviceToWhiteList
                0x0000329c       0x40
 i.CyBleController_AddDeviceToWhiteList
                0x0000329c       0x40 C:\Program Files (x86)\Cypress\PSoC Creator\3.3\PSoC Creator\psoc\content\cycomponentlibrary\CyComponentLibrary.cylib\BLE_v2_30\Library\gccCyBLEStack_BLE_SOC_PERIPHERAL.a(CyBleControllerIP_Interface.o)
                0x0000329c                CyBleController_AddDeviceToWhiteList

i.CyBleController_EnterLowPowerMode
                0x000032dc       0x2c
 i.CyBleController_EnterLowPowerMode
                0x000032dc       0x2c C:\Program Files (x86)\Cypress\PSoC Creator\3.3\PSoC Creator\psoc\content\cycomponentlibrary\CyComponentLibrary.cylib\BLE_v2_30\Library\gccCyBLEStack_BLE_SOC_PERIPHERAL.a(CyBleControllerIP_Interface.o)
                0x000032dc                CyBleController_EnterLowPowerMode

i.CyBleController_ExitLowPowerMode
                0x00003308       0x10
 i.CyBleController_ExitLowPowerMode
                0x00003308       0x10 C:\Program Files (x86)\Cypress\PSoC Creator\3.3\PSoC Creator\psoc\content\cycomponentlibrary\CyComponentLibrary.cylib\BLE_v2_30\Library\gccCyBLEStack_BLE_SOC_PERIPHERAL.a(CyBleControllerIP_Interface.o)
                0x00003308                CyBleController_ExitLowPowerMode

i.CyBleController_Init
                0x00003318       0x32
 i.CyBleController_Init
                0x00003318       0x32 C:\Program Files (x86)\Cypress\PSoC Creator\3.3\PSoC Creator\psoc\content\cycomponentlibrary\CyComponentLibrary.cylib\BLE_v2_30\Library\gccCyBLEStack_BLE_SOC_PERIPHERAL.a(CyBleControllerIP_Interface.o)
                0x00003318                CyBleController_Init

i.CyBleController_SetDeviceAddress
                0x0000334a       0x2e
 i.CyBleController_SetDeviceAddress
                0x0000334a       0x2e C:\Program Files (x86)\Cypress\PSoC Creator\3.3\PSoC Creator\psoc\content\cycomponentlibrary\CyComponentLibrary.cylib\BLE_v2_30\Library\gccCyBLEStack_BLE_SOC_PERIPHERAL.a(CyBleControllerIP_Interface.o)
                0x0000334a                CyBleController_SetDeviceAddress

i.CyBle_GetBleSsState
                0x00003378       0x10
 i.CyBle_GetBleSsState
                0x00003378       0x10 C:\Program Files (x86)\Cypress\PSoC Creator\3.3\PSoC Creator\psoc\content\cycomponentlibrary\CyComponentLibrary.cylib\BLE_v2_30\Library\gccCyBLEStack_BLE_SOC_PERIPHERAL.a(CyBleControllerIP_Interface.o)
                0x00003378                CyBle_GetBleSsState

i.CyBle_GetTxPowerLevel
                0x00003388       0x4e
 i.CyBle_GetTxPowerLevel
                0x00003388       0x4e C:\Program Files (x86)\Cypress\PSoC Creator\3.3\PSoC Creator\psoc\content\cycomponentlibrary\CyComponentLibrary.cylib\BLE_v2_30\Library\gccCyBLEStack_BLE_SOC_PERIPHERAL.a(CyBleControllerIP_Interface.o)
                0x00003388                CyBle_GetTxPowerLevel

i.CyBle_SetTxPowerLevel
                0x000033d6       0x56
 i.CyBle_SetTxPowerLevel
                0x000033d6       0x56 C:\Program Files (x86)\Cypress\PSoC Creator\3.3\PSoC Creator\psoc\content\cycomponentlibrary\CyComponentLibrary.cylib\BLE_v2_30\Library\gccCyBLEStack_BLE_SOC_PERIPHERAL.a(CyBleControllerIP_Interface.o)
                0x000033d6                CyBle_SetTxPowerLevel

i.ll_check_and_mark_packet_ready_for_transmission
                0x0000342c       0x28
 i.ll_check_and_mark_packet_ready_for_transmission
                0x0000342c       0x28 C:\Program Files (x86)\Cypress\PSoC Creator\3.3\PSoC Creator\psoc\content\cycomponentlibrary\CyComponentLibrary.cylib\BLE_v2_30\Library\gccCyBLEStack_BLE_SOC_PERIPHERAL.a(ll.o)
                0x0000342c                ll_check_and_mark_packet_ready_for_transmission

i.ll_cleanup_pending_data_pdu
                0x00003454       0x38
 i.ll_cleanup_pending_data_pdu
                0x00003454       0x38 C:\Program Files (x86)\Cypress\PSoC Creator\3.3\PSoC Creator\psoc\content\cycomponentlibrary\CyComponentLibrary.cylib\BLE_v2_30\Library\gccCyBLEStack_BLE_SOC_PERIPHERAL.a(ll.o)
                0x00003454                ll_cleanup_pending_data_pdu

i.ll_enter_dsm_mode
                0x0000348c      0x1a4
 i.ll_enter_dsm_mode
                0x0000348c      0x1a4 C:\Program Files (x86)\Cypress\PSoC Creator\3.3\PSoC Creator\psoc\content\cycomponentlibrary\CyComponentLibrary.cylib\BLE_v2_30\Library\gccCyBLEStack_BLE_SOC_PERIPHERAL.a(ll.o)
                0x0000348c                ll_enter_dsm_mode

i.ll_enter_hibernate_mode
                0x00003630       0x28
 i.ll_enter_hibernate_mode
                0x00003630       0x28 C:\Program Files (x86)\Cypress\PSoC Creator\3.3\PSoC Creator\psoc\content\cycomponentlibrary\CyComponentLibrary.cylib\BLE_v2_30\Library\gccCyBLEStack_BLE_SOC_PERIPHERAL.a(ll.o)
                0x00003630                ll_enter_hibernate_mode

i.ll_enter_sm_mode
                0x00003658       0x60
 i.ll_enter_sm_mode
                0x00003658       0x60 C:\Program Files (x86)\Cypress\PSoC Creator\3.3\PSoC Creator\psoc\content\cycomponentlibrary\CyComponentLibrary.cylib\BLE_v2_30\Library\gccCyBLEStack_BLE_SOC_PERIPHERAL.a(ll.o)
                0x00003658                ll_enter_sm_mode

i.ll_exit_low_power_mode
                0x000036b8       0xac
 i.ll_exit_low_power_mode
                0x000036b8       0xac C:\Program Files (x86)\Cypress\PSoC Creator\3.3\PSoC Creator\psoc\content\cycomponentlibrary\CyComponentLibrary.cylib\BLE_v2_30\Library\gccCyBLEStack_BLE_SOC_PERIPHERAL.a(ll.o)
                0x000036b8                ll_exit_low_power_mode

i.ll_get_ack_status
                0x00003764       0x3c
 i.ll_get_ack_status
                0x00003764       0x3c C:\Program Files (x86)\Cypress\PSoC Creator\3.3\PSoC Creator\psoc\content\cycomponentlibrary\CyComponentLibrary.cylib\BLE_v2_30\Library\gccCyBLEStack_BLE_SOC_PERIPHERAL.a(ll.o)
                0x00003764                ll_get_ack_status

i.ll_get_ack_status_for_all_connections
                0x000037a0       0x34
 i.ll_get_ack_status_for_all_connections
                0x000037a0       0x34 C:\Program Files (x86)\Cypress\PSoC Creator\3.3\PSoC Creator\psoc\content\cycomponentlibrary\CyComponentLibrary.cylib\BLE_v2_30\Library\gccCyBLEStack_BLE_SOC_PERIPHERAL.a(ll.o)
                0x000037a0                ll_get_ack_status_for_all_connections

i.ll_get_adv_ch_tx_power
                0x000037d4       0x20
 i.ll_get_adv_ch_tx_power
                0x000037d4       0x20 C:\Program Files (x86)\Cypress\PSoC Creator\3.3\PSoC Creator\psoc\content\cycomponentlibrary\CyComponentLibrary.cylib\BLE_v2_30\Library\gccCyBLEStack_BLE_SOC_PERIPHERAL.a(ll.o)
                0x000037d4                ll_get_adv_ch_tx_power

i.ll_get_data_channel_map
                0x000037f4       0x24
 i.ll_get_data_channel_map
                0x000037f4       0x24 C:\Program Files (x86)\Cypress\PSoC Creator\3.3\PSoC Creator\psoc\content\cycomponentlibrary\CyComponentLibrary.cylib\BLE_v2_30\Library\gccCyBLEStack_BLE_SOC_PERIPHERAL.a(ll.o)
                0x000037f4                ll_get_data_channel_map

i.ll_get_max_white_list_size
                0x00003818        0xc
 i.ll_get_max_white_list_size
                0x00003818        0xc C:\Program Files (x86)\Cypress\PSoC Creator\3.3\PSoC Creator\psoc\content\cycomponentlibrary\CyComponentLibrary.cylib\BLE_v2_30\Library\gccCyBLEStack_BLE_SOC_PERIPHERAL.a(ll.o)
                0x00003818                ll_get_max_white_list_size

i.ll_get_my_role
                0x00003824        0xc
 i.ll_get_my_role
                0x00003824        0xc C:\Program Files (x86)\Cypress\PSoC Creator\3.3\PSoC Creator\psoc\content\cycomponentlibrary\CyComponentLibrary.cylib\BLE_v2_30\Library\gccCyBLEStack_BLE_SOC_PERIPHERAL.a(ll.o)
                0x00003824                ll_get_my_role

i.ll_get_next_available_fifo_for_data_pdu
                0x00003830        0x8
 i.ll_get_next_available_fifo_for_data_pdu
                0x00003830        0x8 C:\Program Files (x86)\Cypress\PSoC Creator\3.3\PSoC Creator\psoc\content\cycomponentlibrary\CyComponentLibrary.cylib\BLE_v2_30\Library\gccCyBLEStack_BLE_SOC_PERIPHERAL.a(ll.o)
                0x00003830                ll_get_next_available_fifo_for_data_pdu

i.ll_get_next_available_fifo_for_ll_pdu
                0x00003838       0x24
 i.ll_get_next_available_fifo_for_ll_pdu
                0x00003838       0x24 C:\Program Files (x86)\Cypress\PSoC Creator\3.3\PSoC Creator\psoc\content\cycomponentlibrary\CyComponentLibrary.cylib\BLE_v2_30\Library\gccCyBLEStack_BLE_SOC_PERIPHERAL.a(ll.o)
                0x00003838                ll_get_next_available_fifo_for_ll_pdu

i.ll_get_rssi_value
                0x0000385c       0x26
 i.ll_get_rssi_value
                0x0000385c       0x26 C:\Program Files (x86)\Cypress\PSoC Creator\3.3\PSoC Creator\psoc\content\cycomponentlibrary\CyComponentLibrary.cylib\BLE_v2_30\Library\gccCyBLEStack_BLE_SOC_PERIPHERAL.a(ll.o)
                0x0000385c                ll_get_rssi_value

i.ll_get_transmit_power_level
                0x00003884       0x2c
 i.ll_get_transmit_power_level
                0x00003884       0x2c C:\Program Files (x86)\Cypress\PSoC Creator\3.3\PSoC Creator\psoc\content\cycomponentlibrary\CyComponentLibrary.cylib\BLE_v2_30\Library\gccCyBLEStack_BLE_SOC_PERIPHERAL.a(ll.o)
                0x00003884                ll_get_transmit_power_level

i.ll_handle_ack_received
                0x000038b0       0x74
 i.ll_handle_ack_received
                0x000038b0       0x74 C:\Program Files (x86)\Cypress\PSoC Creator\3.3\PSoC Creator\psoc\content\cycomponentlibrary\CyComponentLibrary.cylib\BLE_v2_30\Library\gccCyBLEStack_BLE_SOC_PERIPHERAL.a(ll.o)
                0x000038b0                ll_handle_ack_received

i.ll_handle_add_device_in_whitelist
                0x00003924       0x3a
 i.ll_handle_add_device_in_whitelist
                0x00003924       0x3a C:\Program Files (x86)\Cypress\PSoC Creator\3.3\PSoC Creator\psoc\content\cycomponentlibrary\CyComponentLibrary.cylib\BLE_v2_30\Library\gccCyBLEStack_BLE_SOC_PERIPHERAL.a(ll.o)
                0x00003924                ll_handle_add_device_in_whitelist

i.ll_handle_clear_whitelist
                0x0000395e       0x16
 i.ll_handle_clear_whitelist
                0x0000395e       0x16 C:\Program Files (x86)\Cypress\PSoC Creator\3.3\PSoC Creator\psoc\content\cycomponentlibrary\CyComponentLibrary.cylib\BLE_v2_30\Library\gccCyBLEStack_BLE_SOC_PERIPHERAL.a(ll.o)
                0x0000395e                ll_handle_clear_whitelist

i.ll_handle_encrypt_host_data
                0x00003974       0x36
 i.ll_handle_encrypt_host_data
                0x00003974       0x36 C:\Program Files (x86)\Cypress\PSoC Creator\3.3\PSoC Creator\psoc\content\cycomponentlibrary\CyComponentLibrary.cylib\BLE_v2_30\Library\gccCyBLEStack_BLE_SOC_PERIPHERAL.a(ll.o)
                0x00003974                ll_handle_encrypt_host_data

i.ll_handle_host_data_packet
                0x000039aa       0x54
 i.ll_handle_host_data_packet
                0x000039aa       0x54 C:\Program Files (x86)\Cypress\PSoC Creator\3.3\PSoC Creator\psoc\content\cycomponentlibrary\CyComponentLibrary.cylib\BLE_v2_30\Library\gccCyBLEStack_BLE_SOC_PERIPHERAL.a(ll.o)
                0x000039aa                ll_handle_host_data_packet

i.ll_handle_read_host_channel_map
                0x000039fe        0x4
 i.ll_handle_read_host_channel_map
                0x000039fe        0x4 C:\Program Files (x86)\Cypress\PSoC Creator\3.3\PSoC Creator\psoc\content\cycomponentlibrary\CyComponentLibrary.cylib\BLE_v2_30\Library\gccCyBLEStack_BLE_SOC_PERIPHERAL.a(ll.o)
                0x000039fe                ll_handle_read_host_channel_map

i.ll_handle_remove_device_in_whitelist
                0x00003a02       0x2a
 i.ll_handle_remove_device_in_whitelist
                0x00003a02       0x2a C:\Program Files (x86)\Cypress\PSoC Creator\3.3\PSoC Creator\psoc\content\cycomponentlibrary\CyComponentLibrary.cylib\BLE_v2_30\Library\gccCyBLEStack_BLE_SOC_PERIPHERAL.a(ll.o)
                0x00003a02                ll_handle_remove_device_in_whitelist

i.ll_handle_reset
                0x00003a2c        0xe
 i.ll_handle_reset
                0x00003a2c        0xe C:\Program Files (x86)\Cypress\PSoC Creator\3.3\PSoC Creator\psoc\content\cycomponentlibrary\CyComponentLibrary.cylib\BLE_v2_30\Library\gccCyBLEStack_BLE_SOC_PERIPHERAL.a(ll.o)
                0x00003a2c                ll_handle_reset

i.ll_handle_set_random_address
                0x00003a3a       0x36
 i.ll_handle_set_random_address
                0x00003a3a       0x36 C:\Program Files (x86)\Cypress\PSoC Creator\3.3\PSoC Creator\psoc\content\cycomponentlibrary\CyComponentLibrary.cylib\BLE_v2_30\Library\gccCyBLEStack_BLE_SOC_PERIPHERAL.a(ll.o)
                0x00003a3a                ll_handle_set_random_address

i.ll_init       0x00003a70       0x18
 i.ll_init      0x00003a70       0x18 C:\Program Files (x86)\Cypress\PSoC Creator\3.3\PSoC Creator\psoc\content\cycomponentlibrary\CyComponentLibrary.cylib\BLE_v2_30\Library\gccCyBLEStack_BLE_SOC_PERIPHERAL.a(ll.o)
                0x00003a70                ll_init

i.ll_initialize_device_attributes
                0x00003a88       0x4c
 i.ll_initialize_device_attributes
                0x00003a88       0x4c C:\Program Files (x86)\Cypress\PSoC Creator\3.3\PSoC Creator\psoc\content\cycomponentlibrary\CyComponentLibrary.cylib\BLE_v2_30\Library\gccCyBLEStack_BLE_SOC_PERIPHERAL.a(ll.o)
                0x00003a88                ll_initialize_device_attributes

i.ll_is_pkt_pending
                0x00003ad4       0x2a
 i.ll_is_pkt_pending
                0x00003ad4       0x2a C:\Program Files (x86)\Cypress\PSoC Creator\3.3\PSoC Creator\psoc\content\cycomponentlibrary\CyComponentLibrary.cylib\BLE_v2_30\Library\gccCyBLEStack_BLE_SOC_PERIPHERAL.a(ll.o)
                0x00003ad4                ll_is_pkt_pending

i.ll_is_sent_pkt_pending
                0x00003afe       0x1a
 i.ll_is_sent_pkt_pending
                0x00003afe       0x1a C:\Program Files (x86)\Cypress\PSoC Creator\3.3\PSoC Creator\psoc\content\cycomponentlibrary\CyComponentLibrary.cylib\BLE_v2_30\Library\gccCyBLEStack_BLE_SOC_PERIPHERAL.a(ll.o)
                0x00003afe                ll_is_sent_pkt_pending

i.ll_isr_exit_low_power_mode
                0x00003b18       0x16
 i.ll_isr_exit_low_power_mode
                0x00003b18       0x16 C:\Program Files (x86)\Cypress\PSoC Creator\3.3\PSoC Creator\psoc\content\cycomponentlibrary\CyComponentLibrary.cylib\BLE_v2_30\Library\gccCyBLEStack_BLE_SOC_PERIPHERAL.a(ll.o)
                0x00003b18                ll_isr_exit_low_power_mode

i.ll_load_host_data_packet
                0x00003b2e       0x4a
 i.ll_load_host_data_packet
                0x00003b2e       0x4a C:\Program Files (x86)\Cypress\PSoC Creator\3.3\PSoC Creator\psoc\content\cycomponentlibrary\CyComponentLibrary.cylib\BLE_v2_30\Library\gccCyBLEStack_BLE_SOC_PERIPHERAL.a(ll.o)
                0x00003b2e                ll_load_host_data_packet

i.ll_load_packet_to_fifo
                0x00003b78       0x6e
 i.ll_load_packet_to_fifo
                0x00003b78       0x6e C:\Program Files (x86)\Cypress\PSoC Creator\3.3\PSoC Creator\psoc\content\cycomponentlibrary\CyComponentLibrary.cylib\BLE_v2_30\Library\gccCyBLEStack_BLE_SOC_PERIPHERAL.a(ll.o)
                0x00003b78                ll_load_packet_to_fifo

i.ll_process_acks
                0x00003be6       0x3c
 i.ll_process_acks
                0x00003be6       0x3c C:\Program Files (x86)\Cypress\PSoC Creator\3.3\PSoC Creator\psoc\content\cycomponentlibrary\CyComponentLibrary.cylib\BLE_v2_30\Library\gccCyBLEStack_BLE_SOC_PERIPHERAL.a(ll.o)
                0x00003be6                ll_process_acks

i.ll_reset      0x00003c22       0x12
 i.ll_reset     0x00003c22       0x12 C:\Program Files (x86)\Cypress\PSoC Creator\3.3\PSoC Creator\psoc\content\cycomponentlibrary\CyComponentLibrary.cylib\BLE_v2_30\Library\gccCyBLEStack_BLE_SOC_PERIPHERAL.a(ll.o)
                0x00003c22                ll_reset

i.ll_update_active_features
                0x00003c34       0x58
 i.ll_update_active_features
                0x00003c34       0x58 C:\Program Files (x86)\Cypress\PSoC Creator\3.3\PSoC Creator\psoc\content\cycomponentlibrary\CyComponentLibrary.cylib\BLE_v2_30\Library\gccCyBLEStack_BLE_SOC_PERIPHERAL.a(ll.o)
                0x00003c34                ll_update_active_features

i.ll_update_device_fsm
                0x00003c8c        0x8
 i.ll_update_device_fsm
                0x00003c8c        0x8 C:\Program Files (x86)\Cypress\PSoC Creator\3.3\PSoC Creator\psoc\content\cycomponentlibrary\CyComponentLibrary.cylib\BLE_v2_30\Library\gccCyBLEStack_BLE_SOC_PERIPHERAL.a(ll.o)
                0x00003c8c                ll_update_device_fsm

i.pf_le_start_timer
                0x00003c94       0x16
 i.pf_le_start_timer
                0x00003c94       0x16 C:\Program Files (x86)\Cypress\PSoC Creator\3.3\PSoC Creator\psoc\content\cycomponentlibrary\CyComponentLibrary.cylib\BLE_v2_30\Library\gccCyBLEStack_BLE_SOC_PERIPHERAL.a(ll.o)
                0x00003c94                pf_le_start_timer

i.pf_le_stop_timer
                0x00003caa       0x12
 i.pf_le_stop_timer
                0x00003caa       0x12 C:\Program Files (x86)\Cypress\PSoC Creator\3.3\PSoC Creator\psoc\content\cycomponentlibrary\CyComponentLibrary.cylib\BLE_v2_30\Library\gccCyBLEStack_BLE_SOC_PERIPHERAL.a(ll.o)
                0x00003caa                pf_le_stop_timer

i.CyBleControllerIP_TuneAdvEventInterPktSlots
                0x00003cbc       0x44
 i.CyBleControllerIP_TuneAdvEventInterPktSlots
                0x00003cbc       0x44 C:\Program Files (x86)\Cypress\PSoC Creator\3.3\PSoC Creator\psoc\content\cycomponentlibrary\CyComponentLibrary.cylib\BLE_v2_30\Library\gccCyBLEStack_BLE_SOC_PERIPHERAL.a(ll_advertiser.o)
                0x00003cbc                CyBleControllerIP_TuneAdvEventInterPktSlots

i.ll_adv_is_configured_connection_adv
                0x00003d00       0x1e
 i.ll_adv_is_configured_connection_adv
                0x00003d00       0x1e C:\Program Files (x86)\Cypress\PSoC Creator\3.3\PSoC Creator\psoc\content\cycomponentlibrary\CyComponentLibrary.cylib\BLE_v2_30\Library\gccCyBLEStack_BLE_SOC_PERIPHERAL.a(ll_advertiser.o)
                0x00003d00                ll_adv_is_configured_connection_adv

i.ll_check_random_address_in_use_by_advertiser
                0x00003d1e       0x10
 i.ll_check_random_address_in_use_by_advertiser
                0x00003d1e       0x10 C:\Program Files (x86)\Cypress\PSoC Creator\3.3\PSoC Creator\psoc\content\cycomponentlibrary\CyComponentLibrary.cylib\BLE_v2_30\Library\gccCyBLEStack_BLE_SOC_PERIPHERAL.a(ll_advertiser.o)
                0x00003d1e                ll_check_random_address_in_use_by_advertiser

i.ll_check_whitelist_in_use_by_advertiser
                0x00003d2e       0x10
 i.ll_check_whitelist_in_use_by_advertiser
                0x00003d2e       0x10 C:\Program Files (x86)\Cypress\PSoC Creator\3.3\PSoC Creator\psoc\content\cycomponentlibrary\CyComponentLibrary.cylib\BLE_v2_30\Library\gccCyBLEStack_BLE_SOC_PERIPHERAL.a(ll_advertiser.o)
                0x00003d2e                ll_check_whitelist_in_use_by_advertiser

i.ll_get_adv_status
                0x00003d3e        0xc
 i.ll_get_adv_status
                0x00003d3e        0xc C:\Program Files (x86)\Cypress\PSoC Creator\3.3\PSoC Creator\psoc\content\cycomponentlibrary\CyComponentLibrary.cylib\BLE_v2_30\Library\gccCyBLEStack_BLE_SOC_PERIPHERAL.a(ll_advertiser.o)
                0x00003d3e                ll_get_adv_status

i.ll_get_adv_type
                0x00003d4a       0x16
 i.ll_get_adv_type
                0x00003d4a       0x16 C:\Program Files (x86)\Cypress\PSoC Creator\3.3\PSoC Creator\psoc\content\cycomponentlibrary\CyComponentLibrary.cylib\BLE_v2_30\Library\gccCyBLEStack_BLE_SOC_PERIPHERAL.a(ll_advertiser.o)
                0x00003d4a                ll_get_adv_type

i.ll_handle_adv_intr
                0x00003d60       0x50
 i.ll_handle_adv_intr
                0x00003d60       0x50 C:\Program Files (x86)\Cypress\PSoC Creator\3.3\PSoC Creator\psoc\content\cycomponentlibrary\CyComponentLibrary.cylib\BLE_v2_30\Library\gccCyBLEStack_BLE_SOC_PERIPHERAL.a(ll_advertiser.o)
                0x00003d60                ll_handle_adv_intr

i.ll_handle_set_adv_data
                0x00003db0       0x14
 i.ll_handle_set_adv_data
                0x00003db0       0x14 C:\Program Files (x86)\Cypress\PSoC Creator\3.3\PSoC Creator\psoc\content\cycomponentlibrary\CyComponentLibrary.cylib\BLE_v2_30\Library\gccCyBLEStack_BLE_SOC_PERIPHERAL.a(ll_advertiser.o)
                0x00003db0                ll_handle_set_adv_data

i.ll_handle_set_adv_parameters
                0x00003dc4       0x84
 i.ll_handle_set_adv_parameters
                0x00003dc4       0x84 C:\Program Files (x86)\Cypress\PSoC Creator\3.3\PSoC Creator\psoc\content\cycomponentlibrary\CyComponentLibrary.cylib\BLE_v2_30\Library\gccCyBLEStack_BLE_SOC_PERIPHERAL.a(ll_advertiser.o)
                0x00003dc4                ll_handle_set_adv_parameters

i.ll_handle_set_advertise_enable
                0x00003e48       0x78
 i.ll_handle_set_advertise_enable
                0x00003e48       0x78 C:\Program Files (x86)\Cypress\PSoC Creator\3.3\PSoC Creator\psoc\content\cycomponentlibrary\CyComponentLibrary.cylib\BLE_v2_30\Library\gccCyBLEStack_BLE_SOC_PERIPHERAL.a(ll_advertiser.o)
                0x00003e48                ll_handle_set_advertise_enable

i.ll_handle_set_scan_resp_data
                0x00003ec0       0x14
 i.ll_handle_set_scan_resp_data
                0x00003ec0       0x14 C:\Program Files (x86)\Cypress\PSoC Creator\3.3\PSoC Creator\psoc\content\cycomponentlibrary\CyComponentLibrary.cylib\BLE_v2_30\Library\gccCyBLEStack_BLE_SOC_PERIPHERAL.a(ll_advertiser.o)
                0x00003ec0                ll_handle_set_scan_resp_data

i.ll_init_advertiser
                0x00003ed4       0x68
 i.ll_init_advertiser
                0x00003ed4       0x68 C:\Program Files (x86)\Cypress\PSoC Creator\3.3\PSoC Creator\psoc\content\cycomponentlibrary\CyComponentLibrary.cylib\BLE_v2_30\Library\gccCyBLEStack_BLE_SOC_PERIPHERAL.a(ll_advertiser.o)
                0x00003ed4                ll_init_advertiser

i.is_le_connection_handle
                0x00003f3c       0x28
 i.is_le_connection_handle
                0x00003f3c       0x28 C:\Program Files (x86)\Cypress\PSoC Creator\3.3\PSoC Creator\psoc\content\cycomponentlibrary\CyComponentLibrary.cylib\BLE_v2_30\Library\gccCyBLEStack_BLE_SOC_PERIPHERAL.a(ll_connection.o)
                0x00003f3c                is_le_connection_handle

i.le_assign_connection_handle
                0x00003f64       0x28
 i.le_assign_connection_handle
                0x00003f64       0x28 C:\Program Files (x86)\Cypress\PSoC Creator\3.3\PSoC Creator\psoc\content\cycomponentlibrary\CyComponentLibrary.cylib\BLE_v2_30\Library\gccCyBLEStack_BLE_SOC_PERIPHERAL.a(ll_connection.o)
                0x00003f64                le_assign_connection_handle

i.le_get_connection_index
                0x00003f8c        0x6
 i.le_get_connection_index
                0x00003f8c        0x6 C:\Program Files (x86)\Cypress\PSoC Creator\3.3\PSoC Creator\psoc\content\cycomponentlibrary\CyComponentLibrary.cylib\BLE_v2_30\Library\gccCyBLEStack_BLE_SOC_PERIPHERAL.a(ll_connection.o)
                0x00003f8c                le_get_connection_index

i.ll_allocate_connection
                0x00003f94       0x44
 i.ll_allocate_connection
                0x00003f94       0x44 C:\Program Files (x86)\Cypress\PSoC Creator\3.3\PSoC Creator\psoc\content\cycomponentlibrary\CyComponentLibrary.cylib\BLE_v2_30\Library\gccCyBLEStack_BLE_SOC_PERIPHERAL.a(ll_connection.o)
                0x00003f94                ll_allocate_connection

i.ll_calculate_and_program_def_win_widen_drift
                0x00003fd8       0x14
 i.ll_calculate_and_program_def_win_widen_drift
                0x00003fd8       0x14 C:\Program Files (x86)\Cypress\PSoC Creator\3.3\PSoC Creator\psoc\content\cycomponentlibrary\CyComponentLibrary.cylib\BLE_v2_30\Library\gccCyBLEStack_BLE_SOC_PERIPHERAL.a(ll_connection.o)
                0x00003fd8                ll_calculate_and_program_def_win_widen_drift

i.ll_calculate_drift
                0x00003fec       0x2c
 i.ll_calculate_drift
                0x00003fec       0x2c C:\Program Files (x86)\Cypress\PSoC Creator\3.3\PSoC Creator\psoc\content\cycomponentlibrary\CyComponentLibrary.cylib\BLE_v2_30\Library\gccCyBLEStack_BLE_SOC_PERIPHERAL.a(ll_connection.o)
                0x00003fec                ll_calculate_drift

i.ll_check_and_decrypt_ll_pdu
                0x00004018       0x68
 i.ll_check_and_decrypt_ll_pdu
                0x00004018       0x68 C:\Program Files (x86)\Cypress\PSoC Creator\3.3\PSoC Creator\psoc\content\cycomponentlibrary\CyComponentLibrary.cylib\BLE_v2_30\Library\gccCyBLEStack_BLE_SOC_PERIPHERAL.a(ll_connection.o)
                0x00004018                ll_check_and_decrypt_ll_pdu

i.ll_check_and_decrypt_packet
                0x00004080       0x6a
 i.ll_check_and_decrypt_packet
                0x00004080       0x6a C:\Program Files (x86)\Cypress\PSoC Creator\3.3\PSoC Creator\psoc\content\cycomponentlibrary\CyComponentLibrary.cylib\BLE_v2_30\Library\gccCyBLEStack_BLE_SOC_PERIPHERAL.a(ll_connection.o)
                0x00004080                ll_check_and_decrypt_packet

i.ll_check_and_encrypt_ll_pdu
                0x000040ea       0x72
 i.ll_check_and_encrypt_ll_pdu
                0x000040ea       0x72 C:\Program Files (x86)\Cypress\PSoC Creator\3.3\PSoC Creator\psoc\content\cycomponentlibrary\CyComponentLibrary.cylib\BLE_v2_30\Library\gccCyBLEStack_BLE_SOC_PERIPHERAL.a(ll_connection.o)
                0x000040ea                ll_check_and_encrypt_ll_pdu

i.ll_check_and_encrypt_packet
                0x0000415c       0x8a
 i.ll_check_and_encrypt_packet
                0x0000415c       0x8a C:\Program Files (x86)\Cypress\PSoC Creator\3.3\PSoC Creator\psoc\content\cycomponentlibrary\CyComponentLibrary.cylib\BLE_v2_30\Library\gccCyBLEStack_BLE_SOC_PERIPHERAL.a(ll_connection.o)
                0x0000415c                ll_check_and_encrypt_packet

i.ll_check_for_allowing_incoming_connection_update
                0x000041e6       0x42
 i.ll_check_for_allowing_incoming_connection_update
                0x000041e6       0x42 C:\Program Files (x86)\Cypress\PSoC Creator\3.3\PSoC Creator\psoc\content\cycomponentlibrary\CyComponentLibrary.cylib\BLE_v2_30\Library\gccCyBLEStack_BLE_SOC_PERIPHERAL.a(ll_connection.o)
                0x000041e6                ll_check_for_allowing_incoming_connection_update

i.ll_check_if_pdu_is_loaded_to_hardware
                0x00004228       0x1c
 i.ll_check_if_pdu_is_loaded_to_hardware
                0x00004228       0x1c C:\Program Files (x86)\Cypress\PSoC Creator\3.3\PSoC Creator\psoc\content\cycomponentlibrary\CyComponentLibrary.cylib\BLE_v2_30\Library\gccCyBLEStack_BLE_SOC_PERIPHERAL.a(ll_connection.o)
                0x00004228                ll_check_if_pdu_is_loaded_to_hardware

i.ll_check_random_address_in_use_by_initiator
                0x00004244       0x30
 i.ll_check_random_address_in_use_by_initiator
                0x00004244       0x30 C:\Program Files (x86)\Cypress\PSoC Creator\3.3\PSoC Creator\psoc\content\cycomponentlibrary\CyComponentLibrary.cylib\BLE_v2_30\Library\gccCyBLEStack_BLE_SOC_PERIPHERAL.a(ll_connection.o)
                0x00004244                ll_check_random_address_in_use_by_initiator

i.ll_check_white_list_in_use_by_initiator
                0x00004274       0x30
 i.ll_check_white_list_in_use_by_initiator
                0x00004274       0x30 C:\Program Files (x86)\Cypress\PSoC Creator\3.3\PSoC Creator\psoc\content\cycomponentlibrary\CyComponentLibrary.cylib\BLE_v2_30\Library\gccCyBLEStack_BLE_SOC_PERIPHERAL.a(ll_connection.o)
                0x00004274                ll_check_white_list_in_use_by_initiator

i.ll_conn_free_enc_txn_buffer
                0x000042a4       0x16
 i.ll_conn_free_enc_txn_buffer
                0x000042a4       0x16 C:\Program Files (x86)\Cypress\PSoC Creator\3.3\PSoC Creator\psoc\content\cycomponentlibrary\CyComponentLibrary.cylib\BLE_v2_30\Library\gccCyBLEStack_BLE_SOC_PERIPHERAL.a(ll_connection.o)
                0x000042a4                ll_conn_free_enc_txn_buffer

i.ll_conn_fsm_update_channel_state
                0x000042ba        0x6
 i.ll_conn_fsm_update_channel_state
                0x000042ba        0x6 C:\Program Files (x86)\Cypress\PSoC Creator\3.3\PSoC Creator\psoc\content\cycomponentlibrary\CyComponentLibrary.cylib\BLE_v2_30\Library\gccCyBLEStack_BLE_SOC_PERIPHERAL.a(ll_connection.o)
                0x000042ba                ll_conn_fsm_update_channel_state

i.ll_conn_fsm_update_conn_update_state
                0x000042c0        0x6
 i.ll_conn_fsm_update_conn_update_state
                0x000042c0        0x6 C:\Program Files (x86)\Cypress\PSoC Creator\3.3\PSoC Creator\psoc\content\cycomponentlibrary\CyComponentLibrary.cylib\BLE_v2_30\Library\gccCyBLEStack_BLE_SOC_PERIPHERAL.a(ll_connection.o)
                0x000042c0                ll_conn_fsm_update_conn_update_state

i.ll_conn_fsm_update_enc_state
                0x000042c6        0x6
 i.ll_conn_fsm_update_enc_state
                0x000042c6        0x6 C:\Program Files (x86)\Cypress\PSoC Creator\3.3\PSoC Creator\psoc\content\cycomponentlibrary\CyComponentLibrary.cylib\BLE_v2_30\Library\gccCyBLEStack_BLE_SOC_PERIPHERAL.a(ll_connection.o)
                0x000042c6                ll_conn_fsm_update_enc_state

i.ll_conn_fsm_update_state
                0x000042cc        0x4
 i.ll_conn_fsm_update_state
                0x000042cc        0x4 C:\Program Files (x86)\Cypress\PSoC Creator\3.3\PSoC Creator\psoc\content\cycomponentlibrary\CyComponentLibrary.cylib\BLE_v2_30\Library\gccCyBLEStack_BLE_SOC_PERIPHERAL.a(ll_connection.o)
                0x000042cc                ll_conn_fsm_update_state

i.ll_conn_handle_data_pdu_from_host_when_data_paused
                0x000042d0        0x8
 i.ll_conn_handle_data_pdu_from_host_when_data_paused
                0x000042d0        0x8 C:\Program Files (x86)\Cypress\PSoC Creator\3.3\PSoC Creator\psoc\content\cycomponentlibrary\CyComponentLibrary.cylib\BLE_v2_30\Library\gccCyBLEStack_BLE_SOC_PERIPHERAL.a(ll_connection.o)
                0x000042d0                ll_conn_handle_data_pdu_from_host_when_data_paused

i.ll_conn_handle_direct_adv_timeout
                0x000042d8       0x2a
 i.ll_conn_handle_direct_adv_timeout
                0x000042d8       0x2a C:\Program Files (x86)\Cypress\PSoC Creator\3.3\PSoC Creator\psoc\content\cycomponentlibrary\CyComponentLibrary.cylib\BLE_v2_30\Library\gccCyBLEStack_BLE_SOC_PERIPHERAL.a(ll_connection.o)
                0x000042d8                ll_conn_handle_direct_adv_timeout

i.ll_conn_handle_ping_timer_expired_interrupt
                0x00004304       0x1c
 i.ll_conn_handle_ping_timer_expired_interrupt
                0x00004304       0x1c C:\Program Files (x86)\Cypress\PSoC Creator\3.3\PSoC Creator\psoc\content\cycomponentlibrary\CyComponentLibrary.cylib\BLE_v2_30\Library\gccCyBLEStack_BLE_SOC_PERIPHERAL.a(ll_connection.o)
                0x00004304                ll_conn_handle_ping_timer_expired_interrupt

i.ll_conn_handle_ping_timer_nearly_expired_interrupt
                0x00004320       0x20
 i.ll_conn_handle_ping_timer_nearly_expired_interrupt
                0x00004320       0x20 C:\Program Files (x86)\Cypress\PSoC Creator\3.3\PSoC Creator\psoc\content\cycomponentlibrary\CyComponentLibrary.cylib\BLE_v2_30\Library\gccCyBLEStack_BLE_SOC_PERIPHERAL.a(ll_connection.o)
                0x00004320                ll_conn_handle_ping_timer_nearly_expired_interrupt

i.ll_conn_handle_stop_connectable_adv
                0x00004340       0x12
 i.ll_conn_handle_stop_connectable_adv
                0x00004340       0x12 C:\Program Files (x86)\Cypress\PSoC Creator\3.3\PSoC Creator\psoc\content\cycomponentlibrary\CyComponentLibrary.cylib\BLE_v2_30\Library\gccCyBLEStack_BLE_SOC_PERIPHERAL.a(ll_connection.o)
                0x00004340                ll_conn_handle_stop_connectable_adv

i.ll_conn_process_pending_transactions
                0x00004352        0x4
 i.ll_conn_process_pending_transactions
                0x00004352        0x4 C:\Program Files (x86)\Cypress\PSoC Creator\3.3\PSoC Creator\psoc\content\cycomponentlibrary\CyComponentLibrary.cylib\BLE_v2_30\Library\gccCyBLEStack_BLE_SOC_PERIPHERAL.a(ll_connection.o)
                0x00004352                ll_conn_process_pending_transactions

i.ll_conn_program_authenticated_payload_timer
                0x00004358       0x50
 i.ll_conn_program_authenticated_payload_timer
                0x00004358       0x50 C:\Program Files (x86)\Cypress\PSoC Creator\3.3\PSoC Creator\psoc\content\cycomponentlibrary\CyComponentLibrary.cylib\BLE_v2_30\Library\gccCyBLEStack_BLE_SOC_PERIPHERAL.a(ll_connection.o)
                0x00004358                ll_conn_program_authenticated_payload_timer

i.ll_conn_read_data_pdu_from_hardware
                0x000043a8       0x14
 i.ll_conn_read_data_pdu_from_hardware
                0x000043a8       0x14 C:\Program Files (x86)\Cypress\PSoC Creator\3.3\PSoC Creator\psoc\content\cycomponentlibrary\CyComponentLibrary.cylib\BLE_v2_30\Library\gccCyBLEStack_BLE_SOC_PERIPHERAL.a(ll_connection.o)
                0x000043a8                ll_conn_read_data_pdu_from_hardware

i.ll_conn_send_ping_req_pdu
                0x000043bc       0x40
 i.ll_conn_send_ping_req_pdu