Archive member included because of file (symbol)

.\CortexM0\ARM_GCC_493\Debug\CY8CKIT_044_CapSense_Proximity.a(cyfitter_cfg.o)
                              .\CortexM0\ARM_GCC_493\Debug\Cm0Start.o (cyfitter_cfg)
.\CortexM0\ARM_GCC_493\Debug\CY8CKIT_044_CapSense_Proximity.a(PWM_Green.o)
                              .\CortexM0\ARM_GCC_493\Debug\main.o (PWM_Green_WriteCompare)
.\CortexM0\ARM_GCC_493\Debug\CY8CKIT_044_CapSense_Proximity.a(PWM_Green_PM.o)
                              .\CortexM0\ARM_GCC_493\Debug\main.o (PWM_Green_Sleep)
.\CortexM0\ARM_GCC_493\Debug\CY8CKIT_044_CapSense_Proximity.a(CapSense.o)
                              .\CortexM0\ARM_GCC_493\Debug\main.o (CapSense_IsBusy)
.\CortexM0\ARM_GCC_493\Debug\CY8CKIT_044_CapSense_Proximity.a(CapSense_PM.o)
                              .\CortexM0\ARM_GCC_493\Debug\main.o (CapSense_Sleep)
.\CortexM0\ARM_GCC_493\Debug\CY8CKIT_044_CapSense_Proximity.a(CapSense_CSHL.o)
                              .\CortexM0\ARM_GCC_493\Debug\main.o (CapSense_InitializeSensorBaseline)
.\CortexM0\ARM_GCC_493\Debug\CY8CKIT_044_CapSense_Proximity.a(CapSense_INT.o)
                              .\CortexM0\ARM_GCC_493\Debug\CY8CKIT_044_CapSense_Proximity.a(CapSense.o) (CapSense_ISR)
.\CortexM0\ARM_GCC_493\Debug\CY8CKIT_044_CapSense_Proximity.a(Pin_GreenLED.o)
                              .\CortexM0\ARM_GCC_493\Debug\main.o (Pin_GreenLED_SetDriveMode)
.\CortexM0\ARM_GCC_493\Debug\CY8CKIT_044_CapSense_Proximity.a(CapSense_SampleClk.o)
                              .\CortexM0\ARM_GCC_493\Debug\CY8CKIT_044_CapSense_Proximity.a(CapSense.o) (CapSense_SampleClk_StartEx)
.\CortexM0\ARM_GCC_493\Debug\CY8CKIT_044_CapSense_Proximity.a(CapSense_SenseClk.o)
                              .\CortexM0\ARM_GCC_493\Debug\CY8CKIT_044_CapSense_Proximity.a(CapSense.o) (CapSense_SenseClk_StartEx)
.\CortexM0\ARM_GCC_493\Debug\CY8CKIT_044_CapSense_Proximity.a(CyBootAsmGnu.o)
                              .\CortexM0\ARM_GCC_493\Debug\CY8CKIT_044_CapSense_Proximity.a(CapSense.o) (CyDelayCycles)
.\CortexM0\ARM_GCC_493\Debug\CY8CKIT_044_CapSense_Proximity.a(CyLib.o)
                              .\CortexM0\ARM_GCC_493\Debug\CY8CKIT_044_CapSense_Proximity.a(cyfitter_cfg.o) (CyIntEnable)
.\CortexM0\ARM_GCC_493\Debug\CY8CKIT_044_CapSense_Proximity.a(cyPm.o)
                              .\CortexM0\ARM_GCC_493\Debug\main.o (CySysPmSleep)
.\CortexM0\ARM_GCC_493\Debug\CY8CKIT_044_CapSense_Proximity.a(CyLFClk.o)
                              .\CortexM0\ARM_GCC_493\Debug\CY8CKIT_044_CapSense_Proximity.a(CyLib.o) (CySysClkWcoEnabled)
.\CortexM0\ARM_GCC_493\Debug\CY8CKIT_044_CapSense_Proximity.a(Pin_EBottom.o)
                              .\CortexM0\ARM_GCC_493\Debug\main.o (Pin_EBottom_Write)
.\CortexM0\ARM_GCC_493\Debug\CY8CKIT_044_CapSense_Proximity.a(Pin_EMiddle.o)
                              .\CortexM0\ARM_GCC_493\Debug\main.o (Pin_EMiddle_Write)
.\CortexM0\ARM_GCC_493\Debug\CY8CKIT_044_CapSense_Proximity.a(Pin_ETop.o)
                              .\CortexM0\ARM_GCC_493\Debug\main.o (Pin_ETop_Write)
.\CortexM0\ARM_GCC_493\Debug\CY8CKIT_044_CapSense_Proximity.a(Pin_Vibe.o)
                              .\CortexM0\ARM_GCC_493\Debug\main.o (Pin_Vibe_Write)
.\CortexM0\ARM_GCC_493\Debug\CY8CKIT_044_CapSense_Proximity.a(CyFlash.o)
                              .\CortexM0\ARM_GCC_493\Debug\CY8CKIT_044_CapSense_Proximity.a(CyLib.o) (CySysFlashSetWaitCycles)
c:/program files (x86)/cypress/psoc creator/3.3/psoc creator/import/gnu/arm/4.9.3/bin/../lib/gcc/arm-none-eabi/4.9.3/armv6-m\libgcc.a(_udivsi3.o)
                              .\CortexM0\ARM_GCC_493\Debug\main.o (__aeabi_uidiv)
c:/program files (x86)/cypress/psoc creator/3.3/psoc creator/import/gnu/arm/4.9.3/bin/../lib/gcc/arm-none-eabi/4.9.3/armv6-m\libgcc.a(_dvmd_tls.o)
                              c:/program files (x86)/cypress/psoc creator/3.3/psoc creator/import/gnu/arm/4.9.3/bin/../lib/gcc/arm-none-eabi/4.9.3/armv6-m\libgcc.a(_udivsi3.o) (__aeabi_idiv0)
c:/program files (x86)/cypress/psoc creator/3.3/psoc creator/import/gnu/arm/4.9.3/bin/../lib/gcc/arm-none-eabi/4.9.3/../../../../arm-none-eabi/lib/armv6-m\libg_nano.a(lib_a-errno.o)
                              .\CortexM0\ARM_GCC_493\Debug\Cm0Start.o (__errno)
c:/program files (x86)/cypress/psoc creator/3.3/psoc creator/import/gnu/arm/4.9.3/bin/../lib/gcc/arm-none-eabi/4.9.3/../../../../arm-none-eabi/lib/armv6-m\libg_nano.a(lib_a-exit.o)
                              c:/program files (x86)/cypress/psoc creator/3.3/psoc creator/import/gnu/arm/4.9.3/bin/../lib/gcc/arm-none-eabi/4.9.3/../../../../arm-none-eabi/lib/armv6-m/crt0.o (exit)
c:/program files (x86)/cypress/psoc creator/3.3/psoc creator/import/gnu/arm/4.9.3/bin/../lib/gcc/arm-none-eabi/4.9.3/../../../../arm-none-eabi/lib/armv6-m\libg_nano.a(lib_a-impure.o)
[...]
Memory Configuration

Name             Origin             Length             Attributes
rom              0x00000000         0x00020000         xr
ram              0x20000000         0x00004000         xrw
*default*        0x00000000         0xffffffff

Linker script and memory map

LOAD c:/program files (x86)/cypress/psoc creator/3.3/psoc creator/import/gnu/arm/4.9.3/bin/../lib/gcc/arm-none-eabi/4.9.3/armv6-m/crti.o
LOAD c:/program files (x86)/cypress/psoc creator/3.3/psoc creator/import/gnu/arm/4.9.3/bin/../lib/gcc/arm-none-eabi/4.9.3/armv6-m/crtbegin.o
LOAD c:/program files (x86)/cypress/psoc creator/3.3/psoc creator/import/gnu/arm/4.9.3/bin/../lib/gcc/arm-none-eabi/4.9.3/../../../../arm-none-eabi/lib/armv6-m/crt0.o
START GROUP
LOAD .\CortexM0\ARM_GCC_493\Debug\main.o
LOAD .\CortexM0\ARM_GCC_493\Debug\cymetadata.o
LOAD .\CortexM0\ARM_GCC_493\Debug\Cm0Start.o
LOAD .\CortexM0\ARM_GCC_493\Debug\CY8CKIT_044_CapSense_Proximity.a
LOAD C:\Program Files (x86)\Cypress\PSoC Creator\3.3\PSoC Creator\psoc\content\cycomponentlibrary\CyComponentLibrary.cylib\CapSense_CSD_P4_v2_20\PSoC4\Library\CapsenseP4Library_GCC.a
LOAD C:\Program Files (x86)\Cypress\PSoC Creator\3.3\PSoC Creator\psoc\content\cycomponentlibrary\CyComponentLibrary.cylib\CortexM0\ARM_GCC_493\Debug\CyComponentLibrary.a
END GROUP
START GROUP
LOAD c:/program files (x86)/cypress/psoc creator/3.3/psoc creator/import/gnu/arm/4.9.3/bin/../lib/gcc/arm-none-eabi/4.9.3/armv6-m\libgcc.a
LOAD c:/program files (x86)/cypress/psoc creator/3.3/psoc creator/import/gnu/arm/4.9.3/bin/../lib/gcc/arm-none-eabi/4.9.3/../../../../arm-none-eabi/lib/armv6-m\libg_nano.a
LOAD c:/program files (x86)/cypress/psoc creator/3.3/psoc creator/import/gnu/arm/4.9.3/bin/../lib/gcc/arm-none-eabi/4.9.3/../../../../arm-none-eabi/lib/armv6-m\libc_nano.a
END GROUP
START GROUP
LOAD c:/program files (x86)/cypress/psoc creator/3.3/psoc creator/import/gnu/arm/4.9.3/bin/../lib/gcc/arm-none-eabi/4.9.3/armv6-m\libgcc.a
LOAD c:/program files (x86)/cypress/psoc creator/3.3/psoc creator/import/gnu/arm/4.9.3/bin/../lib/gcc/arm-none-eabi/4.9.3/../../../../arm-none-eabi/lib/armv6-m\libc_nano.a
END GROUP
LOAD c:/program files (x86)/cypress/psoc creator/3.3/psoc creator/import/gnu/arm/4.9.3/bin/../lib/gcc/arm-none-eabi/4.9.3/armv6-m/crtend.o
LOAD c:/program files (x86)/cypress/psoc creator/3.3/psoc creator/import/gnu/arm/4.9.3/bin/../lib/gcc/arm-none-eabi/4.9.3/armv6-m/crtn.o
START GROUP
LOAD c:/program files (x86)/cypress/psoc creator/3.3/psoc creator/import/gnu/arm/4.9.3/bin/../lib/gcc/arm-none-eabi/4.9.3/armv6-m\libgcc.a
LOAD c:/program files (x86)/cypress/psoc creator/3.3/psoc creator/import/gnu/arm/4.9.3/bin/../lib/gcc/arm-none-eabi/4.9.3/../../../../arm-none-eabi/lib/armv6-m\libc.a
LOAD c:/program files (x86)/cypress/psoc creator/3.3/psoc creator/import/gnu/arm/4.9.3/bin/../lib/gcc/arm-none-eabi/4.9.3/../../../../arm-none-eabi/lib/armv6-m\libnosys.a
END GROUP
                0x00000000                CY_APPL_ORIGIN = 0x0
                0x00000080                CY_FLASH_ROW_SIZE = 0x80
                0x00000001                CY_APPL_NUM = 0x1
                0x00000040                CY_METADATA_SIZE = 0x40
                0x20000188                PROVIDE (__cy_heap_start, _end)
                0x00000001                PROVIDE (__cy_region_num, ((__cy_regions_end - __cy_regions) / 0x10))
                0x20004000                PROVIDE (__cy_stack, (ORIGIN (ram) + 0x4000))
                0x20003800                PROVIDE (__cy_heap_end, (__cy_stack - 0x800))

.cybootloader   0x00000000        0x0
 *(.cybootloader)
                0x00000000                appl1_start = CY_APPL_ORIGIN?CY_APPL_ORIGIN:ALIGN (CY_FLASH_ROW_SIZE)
                0x0000ff80                appl2_start = (appl1_start + ALIGN ((((0x20000 - appl1_start) - (0x2 * CY_FLASH_ROW_SIZE)) / 0x2), CY_FLASH_ROW_SIZE))
                0x00000000                appl_start = (CY_APPL_NUM == 0x1)?appl1_start:appl2_start

.text           0x00000000     0x155c
 CREATE_OBJECT_SYMBOLS
                0x00000000                PROVIDE (__cy_interrupt_vector, RomVectors)
 *(.romvectors)
 .romvectors    0x00000000       0x10 .\CortexM0\ARM_GCC_493\Debug\Cm0Start.o
                0x00000000                RomVectors
                0x00000001                ASSERT ((. != __cy_interrupt_vector), No interrupt vector)
                0x00000001                ASSERT (CY_APPL_ORIGIN?(SIZEOF (.cybootloader) <= CY_APPL_ORIGIN):0x1, Wrong image location)
                0x00000010                PROVIDE (__cy_reset, Reset)
 *(.text.Reset)
 .text.Reset    0x00000010        0x8 .\CortexM0\ARM_GCC_493\Debug\Cm0Start.o
                0x00000010                Reset
                0x00000001                ASSERT ((. != __cy_reset), No reset code)
 *(.psocinit)
 .psocinit      0x00000018      0x1d4 .\CortexM0\ARM_GCC_493\Debug\CY8CKIT_044_CapSense_Proximity.a(cyfitter_cfg.o)
                0x000000f0                cyfitter_cfg
                0x000001ec                . = MAX (., 0x100)
 *(.text .text.* .gnu.linkonce.t.*)
 .text          0x000001ec       0x60 c:/program files (x86)/cypress/psoc creator/3.3/psoc creator/import/gnu/arm/4.9.3/bin/../lib/gcc/arm-none-eabi/4.9.3/armv6-m/crtbegin.o
 .text.EnterDeepSleepLowPowerMode
                0x0000024c       0x24 .\CortexM0\ARM_GCC_493\Debug\main.o
                0x0000024c                EnterDeepSleepLowPowerMode
 .text.Neutral  0x00000270       0x1c .\CortexM0\ARM_GCC_493\Debug\main.o
                0x00000270                Neutral
 .text.Happy    0x0000028c       0x1c .\CortexM0\ARM_GCC_493\Debug\main.o
                0x0000028c                Happy
 .text.LED_SetBrightness
                0x000002a8       0x50 .\CortexM0\ARM_GCC_493\Debug\main.o
                0x000002a8                LED_SetBrightness
 .text.main     0x000002f8       0xbc .\CortexM0\ARM_GCC_493\Debug\main.o
                0x000002f8                main
 .text.IntDefaultHandler
                0x000003b4        0x4 .\CortexM0\ARM_GCC_493\Debug\Cm0Start.o
                0x000003b4                IntDefaultHandler
 .text.Start_c  0x000003b8       0x48 .\CortexM0\ARM_GCC_493\Debug\Cm0Start.o
                0x000003b8                Start_c
 .text.initialize_psoc
                0x00000400       0x54 .\CortexM0\ARM_GCC_493\Debug\Cm0Start.o
                0x00000400                initialize_psoc
 .text.cfg_write_bytes32
                0x00000454       0x34 .\CortexM0\ARM_GCC_493\Debug\CY8CKIT_044_CapSense_Proximity.a(cyfitter_cfg.o)
 .text.CYMEMZERO
                0x00000488        0xc .\CortexM0\ARM_GCC_493\Debug\CY8CKIT_044_CapSense_Proximity.a(cyfitter_cfg.o)
 .text.SetAnalogRoutingPumps
                0x00000494       0x40 .\CortexM0\ARM_GCC_493\Debug\CY8CKIT_044_CapSense_Proximity.a(cyfitter_cfg.o)
                0x00000494                SetAnalogRoutingPumps
 .text.AnalogSetDefault
                0x000004d4       0x28 .\CortexM0\ARM_GCC_493\Debug\CY8CKIT_044_CapSense_Proximity.a(cyfitter_cfg.o)
 .text.PWM_Green_Stop
                0x000004fc       0x1c .\CortexM0\ARM_GCC_493\Debug\CY8CKIT_044_CapSense_Proximity.a(PWM_Green.o)
                0x000004fc                PWM_Green_Stop
 .text.PWM_Green_WriteCounter
                0x00000518       0x10 .\CortexM0\ARM_GCC_493\Debug\CY8CKIT_044_CapSense_Proximity.a(PWM_Green.o)
                0x00000518                PWM_Green_WriteCounter
 .text.PWM_Green_WritePeriod
                0x00000528       0x10 .\CortexM0\ARM_GCC_493\Debug\CY8CKIT_044_CapSense_Proximity.a(PWM_Green.o)
                0x00000528                PWM_Green_WritePeriod
 .text.PWM_Green_WriteCompare
                0x00000538       0x10 .\CortexM0\ARM_GCC_493\Debug\CY8CKIT_044_CapSense_Proximity.a(PWM_Green.o)
                0x00000538                PWM_Green_WriteCompare
 .text.PWM_Green_TriggerCommand
                0x00000548       0x1c .\CortexM0\ARM_GCC_493\Debug\CY8CKIT_044_CapSense_Proximity.a(PWM_Green.o)
                0x00000548                PWM_Green_TriggerCommand
 .text.PWM_Green_Enable
                0x00000564       0x24 .\CortexM0\ARM_GCC_493\Debug\CY8CKIT_044_CapSense_Proximity.a(PWM_Green.o)
                0x00000564                PWM_Green_Enable
 .text.PWM_Green_SetInterruptMode
                0x00000588        0xc .\CortexM0\ARM_GCC_493\Debug\CY8CKIT_044_CapSense_Proximity.a(PWM_Green.o)
                0x00000588                PWM_Green_SetInterruptMode
 .text.PWM_Green_Init
                0x00000594       0x48 .\CortexM0\ARM_GCC_493\Debug\CY8CKIT_044_CapSense_Proximity.a(PWM_Green.o)
                0x00000594                PWM_Green_Init
 .text.PWM_Green_Start
                0x000005dc       0x20 .\CortexM0\ARM_GCC_493\Debug\CY8CKIT_044_CapSense_Proximity.a(PWM_Green.o)
                0x000005dc                PWM_Green_Start
 .text.PWM_Green_Sleep
                0x000005fc       0x28 .\CortexM0\ARM_GCC_493\Debug\CY8CKIT_044_CapSense_Proximity.a(PWM_Green_PM.o)
                0x000005fc                PWM_Green_Sleep
 .text.PWM_Green_Wakeup
                0x00000624       0x14 .\CortexM0\ARM_GCC_493\Debug\CY8CKIT_044_CapSense_Proximity.a(PWM_Green_PM.o)
                0x00000624                PWM_Green_Wakeup
 .text.CapSense_CsdHwBlockInit
                0x00000638       0x88 .\CortexM0\ARM_GCC_493\Debug\CY8CKIT_044_CapSense_Proximity.a(CapSense.o)
                0x00000638                CapSense_CsdHwBlockInit
 .text.CapSense_Enable
                0x000006c0       0x40 .\CortexM0\ARM_GCC_493\Debug\CY8CKIT_044_CapSense_Proximity.a(CapSense.o)
                0x000006c0                CapSense_Enable
 .text.CapSense_IsBusy
                0x00000700       0x10 .\CortexM0\ARM_GCC_493\Debug\CY8CKIT_044_CapSense_Proximity.a(CapSense.o)
                0x00000700                CapSense_IsBusy
 .text.CapSense_ReadSensorRaw
                0x00000710       0x10 .\CortexM0\ARM_GCC_493\Debug\CY8CKIT_044_CapSense_Proximity.a(CapSense.o)
                0x00000710                CapSense_ReadSensorRaw
 .text.CapSense_EnableSensor
                0x00000720       0x34 .\CortexM0\ARM_GCC_493\Debug\CY8CKIT_044_CapSense_Proximity.a(CapSense.o)
                0x00000720                CapSense_EnableSensor
 .text.CapSense_DisableSensor
                0x00000754       0x58 .\CortexM0\ARM_GCC_493\Debug\CY8CKIT_044_CapSense_Proximity.a(CapSense.o)
                0x00000754                CapSense_DisableSensor
 .text.CapSense_ClearSensors
                0x000007ac       0x14 .\CortexM0\ARM_GCC_493\Debug\CY8CKIT_044_CapSense_Proximity.a(CapSense.o)
                0x000007ac                CapSense_ClearSensors
 .text.CapSense_PreScan
                0x000007c0       0xb4 .\CortexM0\ARM_GCC_493\Debug\CY8CKIT_044_CapSense_Proximity.a(CapSense.o)
                0x000007c0                CapSense_PreScan
 .text.CapSense_ScanSensor
                0x00000874       0x1c .\CortexM0\ARM_GCC_493\Debug\CY8CKIT_044_CapSense_Proximity.a(CapSense.o)
                0x00000874                CapSense_ScanSensor
 .text.CapSense_PostScan
                0x00000890       0x54 .\CortexM0\ARM_GCC_493\Debug\CY8CKIT_044_CapSense_Proximity.a(CapSense.o)
                0x00000890                CapSense_PostScan
 .text.CapSense_SetShieldDelay
                0x000008e4       0x14 .\CortexM0\ARM_GCC_493\Debug\CY8CKIT_044_CapSense_Proximity.a(CapSense.o)
                0x000008e4                CapSense_SetShieldDelay
 .text.CapSense_Init
                0x000008f8       0x28 .\CortexM0\ARM_GCC_493\Debug\CY8CKIT_044_CapSense_Proximity.a(CapSense.o)
                0x000008f8                CapSense_Init
 .text.CapSense_GetBitValue
                0x00000920       0x1c .\CortexM0\ARM_GCC_493\Debug\CY8CKIT_044_CapSense_Proximity.a(CapSense.o)
                0x00000920                CapSense_GetBitValue
 .text.CapSense_FindNextSensor
                0x0000093c       0x24 .\CortexM0\ARM_GCC_493\Debug\CY8CKIT_044_CapSense_Proximity.a(CapSense.o)
                0x0000093c                CapSense_FindNextSensor
 .text.CapSense_SetBitValue
                0x00000960       0x28 .\CortexM0\ARM_GCC_493\Debug\CY8CKIT_044_CapSense_Proximity.a(CapSense.o)
                0x00000960                CapSense_SetBitValue
 .text.CapSense_GetSensorRaw
                0x00000988       0x2c .\CortexM0\ARM_GCC_493\Debug\CY8CKIT_044_CapSense_Proximity.a(CapSense.o)
                0x00000988                CapSense_GetSensorRaw
 .text.CapSense_CalibrateSensor
                0x000009b4       0x2c .\CortexM0\ARM_GCC_493\Debug\CY8CKIT_044_CapSense_Proximity.a(CapSense.o)
                0x000009b4                CapSense_CalibrateSensor
 .text.CapSense_Start
                0x000009e0       0x94 .\CortexM0\ARM_GCC_493\Debug\CY8CKIT_044_CapSense_Proximity.a(CapSense.o)
                0x000009e0                CapSense_Start
 .text.CapSense_SaveConfig
                0x00000a74       0x18 .\CortexM0\ARM_GCC_493\Debug\CY8CKIT_044_CapSense_Proximity.a(CapSense_PM.o)
                0x00000a74                CapSense_SaveConfig
 .text.CapSense_Sleep
                0x00000a8c       0x30 .\CortexM0\ARM_GCC_493\Debug\CY8CKIT_044_CapSense_Proximity.a(CapSense_PM.o)
                0x00000a8c                CapSense_Sleep
 .text.CapSense_Wakeup
                0x00000abc       0x20 .\CortexM0\ARM_GCC_493\Debug\CY8CKIT_044_CapSense_Proximity.a(CapSense_PM.o)
                0x00000abc                CapSense_Wakeup
 .text.CapSense_BaseInit
                0x00000adc       0x34 .\CortexM0\ARM_GCC_493\Debug\CY8CKIT_044_CapSense_Proximity.a(CapSense_CSHL.o)
                0x00000adc                CapSense_BaseInit
 .text.CapSense_InitializeSensorBaseline
                0x00000b10       0x18 .\CortexM0\ARM_GCC_493\Debug\CY8CKIT_044_CapSense_Proximity.a(CapSense_CSHL.o)
                0x00000b10                CapSense_InitializeSensorBaseline
 .text.CapSense_UpdateBaselineNoThreshold
                0x00000b28       0xe4 .\CortexM0\ARM_GCC_493\Debug\CY8CKIT_044_CapSense_Proximity.a(CapSense_CSHL.o)
                0x00000b28                CapSense_UpdateBaselineNoThreshold
 .text.CapSense_UpdateSensorBaseline
                0x00000c0c        0x8 .\CortexM0\ARM_GCC_493\Debug\CY8CKIT_044_CapSense_Proximity.a(CapSense_CSHL.o)
                0x00000c0c                CapSense_UpdateSensorBaseline
 .text.CapSense_CheckIsSensorActive
                0x00000c14       0xa0 .\CortexM0\ARM_GCC_493\Debug\CY8CKIT_044_CapSense_Proximity.a(CapSense_CSHL.o)
                0x00000c14                CapSense_CheckIsSensorActive
 .text.CapSense_ISR
                0x00000cb4       0x9c .\CortexM0\ARM_GCC_493\Debug\CY8CKIT_044_CapSense_Proximity.a(CapSense_INT.o)
                0x00000cb4                CapSense_ISR
 .text.Pin_GreenLED_SetDriveMode
                0x00000d50       0x18 .\CortexM0\ARM_GCC_493\Debug\CY8CKIT_044_CapSense_Proximity.a(Pin_GreenLED.o)
                0x00000d50                Pin_GreenLED_SetDriveMode
 .text.CapSense_SampleClk_StartEx
                0x00000d68       0x1c .\CortexM0\ARM_GCC_493\Debug\CY8CKIT_044_CapSense_Proximity.a(CapSense_SampleClk.o)
                0x00000d68                CapSense_SampleClk_StartEx
 .text.CapSense_SampleClk_Stop
                0x00000d84       0x18 .\CortexM0\ARM_GCC_493\Debug\CY8CKIT_044_CapSense_Proximity.a(CapSense_SampleClk.o)
                0x00000d84                CapSense_SampleClk_Stop
 .text.CapSense_SampleClk_SetFractionalDividerRegister
                0x00000d9c       0x20 .\CortexM0\ARM_GCC_493\Debug\CY8CKIT_044_CapSense_Proximity.a(CapSense_SampleClk.o)
                0x00000d9c                CapSense_SampleClk_SetFractionalDividerRegister
 .text.CapSense_SenseClk_StartEx
                0x00000dbc       0x1c .\CortexM0\ARM_GCC_493\Debug\CY8CKIT_044_CapSense_Proximity.a(CapSense_SenseClk.o)
                0x00000dbc                CapSense_SenseClk_StartEx
 .text.CapSense_SenseClk_Stop
                0x00000dd8       0x18 .\CortexM0\ARM_GCC_493\Debug\CY8CKIT_044_CapSense_Proximity.a(CapSense_SenseClk.o)
                0x00000dd8                CapSense_SenseClk_Stop
 .text.CapSense_SenseClk_SetFractionalDividerRegister
                0x00000df0       0x20 .\CortexM0\ARM_GCC_493\Debug\CY8CKIT_044_CapSense_Proximity.a(CapSense_SenseClk.o)
                0x00000df0                CapSense_SenseClk_SetFractionalDividerRegister
 .text          0x00000e10       0x20 .\CortexM0\ARM_GCC_493\Debug\CY8CKIT_044_CapSense_Proximity.a(CyBootAsmGnu.o)
                0x00000e10                CyDelayCycles
                0x00000e22                CyEnterCriticalSection
                0x00000e2a                CyExitCriticalSection
 .text.CySysClkImoGetWcoLock
                0x00000e30       0x14 .\CortexM0\ARM_GCC_493\Debug\CY8CKIT_044_CapSense_Proximity.a(CyLib.o)
 .text.CySysClkImoDisableWcoLock
                0x00000e44       0x14 .\CortexM0\ARM_GCC_493\Debug\CY8CKIT_044_CapSense_Proximity.a(CyLib.o)
                0x00000e44                CySysClkImoDisableWcoLock
 .text.CySysClkWriteSysclkDiv
                0x00000e58       0x28 .\CortexM0\ARM_GCC_493\Debug\CY8CKIT_044_CapSense_Proximity.a(CyLib.o)
                0x00000e58                CySysClkWriteSysclkDiv
 .text.CyIntEnable
                0x00000e80       0x14 .\CortexM0\ARM_GCC_493\Debug\CY8CKIT_044_CapSense_Proximity.a(CyLib.o)
                0x00000e80                CyIntEnable
 .text.CyIntDisable
                0x00000e94       0x14 .\CortexM0\ARM_GCC_493\Debug\CY8CKIT_044_CapSense_Proximity.a(CyLib.o)
                0x00000e94                CyIntDisable
 .text.CyHalt   0x00000ea8        0x4 .\CortexM0\ARM_GCC_493\Debug\CY8CKIT_044_CapSense_Proximity.a(CyLib.o)
                0x00000ea8                CyHalt
 .text.CyIntSetVector
                0x00000eac       0x24 .\CortexM0\ARM_GCC_493\Debug\CY8CKIT_044_CapSense_Proximity.a(CyLib.o)
                0x00000eac                CyIntSetVector
 .text.CyIntSetPriority
                0x00000ed0       0x4c .\CortexM0\ARM_GCC_493\Debug\CY8CKIT_044_CapSense_Proximity.a(CyLib.o)
                0x00000ed0                CyIntSetPriority
 .text.CyDelay  0x00000f1c       0x30 .\CortexM0\ARM_GCC_493\Debug\CY8CKIT_044_CapSense_Proximity.a(CyLib.o)
                0x00000f1c                CyDelay
 .text.CySysClkImoEnableWcoLock
                0x00000f4c       0xbc .\CortexM0\ARM_GCC_493\Debug\CY8CKIT_044_CapSense_Proximity.a(CyLib.o)
                0x00000f4c                CySysClkImoEnableWcoLock
 .text.CySysClkWriteImoFreq
                0x00001008       0x80 .\CortexM0\ARM_GCC_493\Debug\CY8CKIT_044_CapSense_Proximity.a(CyLib.o)
                0x00001008                CySysClkWriteImoFreq
 .text.CyDelayUs
                0x00001088       0x14 .\CortexM0\ARM_GCC_493\Debug\CY8CKIT_044_CapSense_Proximity.a(CyLib.o)
                0x00001088                CyDelayUs
 .text.CySysPmSleep
                0x0000109c       0x1c .\CortexM0\ARM_GCC_493\Debug\CY8CKIT_044_CapSense_Proximity.a(cyPm.o)
                0x0000109c                CySysPmSleep
 .text.CySysPmDeepSleep
                0x000010b8       0x58 .\CortexM0\ARM_GCC_493\Debug\CY8CKIT_044_CapSense_Proximity.a(cyPm.o)
                0x000010b8                CySysPmDeepSleep
 .text.CySysWdtLocked
                0x00001110       0x14 .\CortexM0\ARM_GCC_493\Debug\CY8CKIT_044_CapSense_Proximity.a(CyLFClk.o)
 .text.CySysClkWcoEnabled
                0x00001124       0x14 .\CortexM0\ARM_GCC_493\Debug\CY8CKIT_044_CapSense_Proximity.a(CyLFClk.o)
                0x00001124                CySysClkWcoEnabled
 .text.CySysWdtLock
                0x00001138       0x1c .\CortexM0\ARM_GCC_493\Debug\CY8CKIT_044_CapSense_Proximity.a(CyLFClk.o)
                0x00001138                CySysWdtLock
 .text.CySysWdtUnlock
                0x00001154       0x30 .\CortexM0\ARM_GCC_493\Debug\CY8CKIT_044_CapSense_Proximity.a(CyLFClk.o)
                0x00001154                CySysWdtUnlock
 .text.CySysWdtSetMatch
                0x00001184       0x58 .\CortexM0\ARM_GCC_493\Debug\CY8CKIT_044_CapSense_Proximity.a(CyLFClk.o)
                0x00001184                CySysWdtSetMatch
 .text.CySysWdtGetCount
                0x000011dc       0x3c .\CortexM0\ARM_GCC_493\Debug\CY8CKIT_044_CapSense_Proximity.a(CyLFClk.o)
                0x000011dc                CySysWdtGetCount
 .text.CySysWdtClearInterrupt
                0x00001218       0x4c .\CortexM0\ARM_GCC_493\Debug\CY8CKIT_044_CapSense_Proximity.a(CyLFClk.o)
                0x00001218                CySysWdtClearInterrupt
 .text.CySysWdtResetCounters
                0x00001264       0x20 .\CortexM0\ARM_GCC_493\Debug\CY8CKIT_044_CapSense_Proximity.a(CyLFClk.o)
                0x00001264                CySysWdtResetCounters
 .text.CySysWdtIsr
                0x00001284       0xa4 .\CortexM0\ARM_GCC_493\Debug\CY8CKIT_044_CapSense_Proximity.a(CyLFClk.o)
                0x00001284                CySysWdtIsr
 .text.Pin_EBottom_Write
                0x00001328       0x18 .\CortexM0\ARM_GCC_493\Debug\CY8CKIT_044_CapSense_Proximity.a(Pin_EBottom.o)
                0x00001328                Pin_EBottom_Write
 .text.Pin_EMiddle_Write
                0x00001340       0x18 .\CortexM0\ARM_GCC_493\Debug\CY8CKIT_044_CapSense_Proximity.a(Pin_EMiddle.o)
                0x00001340                Pin_EMiddle_Write
 .text.Pin_ETop_Write
                0x00001358       0x18 .\CortexM0\ARM_GCC_493\Debug\CY8CKIT_044_CapSense_Proximity.a(Pin_ETop.o)
                0x00001358                Pin_ETop_Write
 .text.Pin_Vibe_Write
                0x00001370       0x18 .\CortexM0\ARM_GCC_493\Debug\CY8CKIT_044_CapSense_Proximity.a(Pin_Vibe.o)
                0x00001370                Pin_Vibe_Write
 .text.CySysFlashSetWaitCycles
                0x00001388       0x54 .\CortexM0\ARM_GCC_493\Debug\CY8CKIT_044_CapSense_Proximity.a(CyFlash.o)
                0x00001388                CySysFlashSetWaitCycles
 .text          0x000013dc      0x120 c:/program files (x86)/cypress/psoc creator/3.3/psoc creator/import/gnu/arm/4.9.3/bin/../lib/gcc/arm-none-eabi/4.9.3/armv6-m\libgcc.a(_udivsi3.o)
                0x000013dc                __aeabi_uidiv
                0x000013dc                __udivsi3
                0x000014e8                __aeabi_uidivmod
 .text          0x000014fc        0x4 c:/program files (x86)/cypress/psoc creator/3.3/psoc creator/import/gnu/arm/4.9.3/bin/../lib/gcc/arm-none-eabi/4.9.3/armv6-m\libgcc.a(_dvmd_tls.o)
                0x000014fc                __aeabi_idiv0
                0x000014fc                __aeabi_ldiv0
 .text.__libc_init_array
                0x00001500       0x4c c:/program files (x86)/cypress/psoc creator/3.3/psoc creator/import/gnu/arm/4.9.3/bin/../lib/gcc/arm-none-eabi/4.9.3/../../../../arm-none-eabi/lib/armv6-m\libg_nano.a(lib_a-init.o)
                0x00001500                __libc_init_array
 .text.memset   0x0000154c       0x10 c:/program files (x86)/cypress/psoc creator/3.3/psoc creator/import/gnu/arm/4.9.3/bin/../lib/gcc/arm-none-eabi/4.9.3/../../../../arm-none-eabi/lib/armv6-m\libg_nano.a(lib_a-memset.o)
                0x0000154c                memset
 *(.plt)
 *(.gnu.warning)
 *(.glue_7t)
 .glue_7t       0x00000000        0x0 linker stubs
 *(.glue_7)
 .glue_7        0x00000000        0x0 linker stubs
 *(.vfp11_veneer)
 .vfp11_veneer  0x00000000        0x0 linker stubs
 *(.bootloader)
 *(.ARM.extab* .gnu.linkonce.armextab.*)
 *(.gcc_except_table)

.v4_bx          0x0000155c        0x0
 .v4_bx         0x00000000        0x0 linker stubs

.iplt           0x0000155c        0x0
 .iplt          0x00000000        0x0 c:/program files (x86)/cypress/psoc creator/3.3/psoc creator/import/gnu/arm/4.9.3/bin/../lib/gcc/arm-none-eabi/4.9.3/armv6-m/crtbegin.o

.eh_frame_hdr
 *(.eh_frame_hdr)

.eh_frame       0x0000155c        0x4
 *(.eh_frame)
 .eh_frame      0x0000155c        0x0 c:/program files (x86)/cypress/psoc creator/3.3/psoc creator/import/gnu/arm/4.9.3/bin/../lib/gcc/arm-none-eabi/4.9.3/armv6-m/crtbegin.o
 .eh_frame      0x0000155c        0x4 c:/program files (x86)/cypress/psoc creator/3.3/psoc creator/import/gnu/arm/4.9.3/bin/../lib/gcc/arm-none-eabi/4.9.3/armv6-m/crtend.o
                0x00001560                PROVIDE (__exidx_start, .)

.ARM.exidx
 *(.ARM.exidx* .gnu.linkonce.armexidx.*)
                0x00001560                __exidx_end = .

.rodata         0x00001560      0x118
 *(.rodata .rodata.* .gnu.linkonce.r.*)
 .rodata        0x00001560       0x40 .\CortexM0\ARM_GCC_493\Debug\CY8CKIT_044_CapSense_Proximity.a(cyfitter_cfg.o)
 .rodata        0x000015a0       0x70 .\CortexM0\ARM_GCC_493\Debug\CY8CKIT_044_CapSense_Proximity.a(CapSense.o)
                0x000015a0                CapSense_prtCfgTbl
                0x000015c0                CapSense_prtSelTbl
                0x000015e0                CapSense_prtDRTbl
                0x00001600                CapSense_widgetNumber
                0x00001604                CapSense_pinShiftTbl
                0x00001608                CapSense_maskTable
                0x0000160c                CapSense_portTable
 .rodata        0x00001610       0x30 .\CortexM0\ARM_GCC_493\Debug\CY8CKIT_044_CapSense_Proximity.a(CyLib.o)
                0x00001610                cyImoFreqMhz2Reg
                0x00001640                . = ALIGN (0x4)
 *(.init)
 .init          0x00001640        0x4 c:/program files (x86)/cypress/psoc creator/3.3/psoc creator/import/gnu/arm/4.9.3/bin/../lib/gcc/arm-none-eabi/4.9.3/armv6-m/crti.o
                0x00001640                _init
 .init          0x00001644        0x8 c:/program files (x86)/cypress/psoc creator/3.3/psoc creator/import/gnu/arm/4.9.3/bin/../lib/gcc/arm-none-eabi/4.9.3/armv6-m/crtn.o
                0x0000164c                . = ALIGN (0x4)
                0x0000164c                __preinit_array_start = .
 *(.preinit_array)
                0x0000164c                __preinit_array_end = .
                0x0000164c                . = ALIGN (0x4)
                0x0000164c                __init_array_start = .
 *(SORT(.init_array.*))
 *(.init_array)
 .init_array    0x0000164c        0x4 c:/program files (x86)/cypress/psoc creator/3.3/psoc creator/import/gnu/arm/4.9.3/bin/../lib/gcc/arm-none-eabi/4.9.3/armv6-m/crtbegin.o
 .init_array    0x00001650        0x4 .\CortexM0\ARM_GCC_493\Debug\Cm0Start.o
                0x00001654                __init_array_end = .
                0x00001654                . = ALIGN (0x4)
 *(.fini)
 .fini          0x00001654        0x4 c:/program files (x86)/cypress/psoc creator/3.3/psoc creator/import/gnu/arm/4.9.3/bin/../lib/gcc/arm-none-eabi/4.9.3/armv6-m/crti.o
                0x00001654                _fini
 .fini          0x00001658        0x8 c:/program files (x86)/cypress/psoc creator/3.3/psoc creator/import/gnu/arm/4.9.3/bin/../lib/gcc/arm-none-eabi/4.9.3/armv6-m/crtn.o
                0x00001660                . = ALIGN (0x4)
                0x00001660                __fini_array_start = .
 *(.fini_array)
 .fini_array    0x00001660        0x4 c:/program files (x86)/cypress/psoc creator/3.3/psoc creator/import/gnu/arm/4.9.3/bin/../lib/gcc/arm-none-eabi/4.9.3/armv6-m/crtbegin.o
 *(SORT(.fini_array.*))
                0x00001664                __fini_array_end = .
                0x00001664                . = ALIGN (0x4)
 *crtbegin.o(.ctors)
 *(EXCLUDE_FILE(*crtend.o) .ctors)
 *(SORT(.ctors.*))
 *crtend.o(.ctors)
                0x00001664                . = ALIGN (0x4)
 *crtbegin.o(.dtors)
 *(EXCLUDE_FILE(*crtend.o) .dtors)
 *(SORT(.dtors.*))
 *crtend.o(.dtors)
                0x00001664                . = ALIGN (0x4)
                0x00001664                __cy_regions = .
                0x00001664        0x4 LONG 0x1678 __cy_region_init_ram
                0x00001668        0x4 LONG 0x200000c8 __cy_region_start_data
                0x0000166c        0x4 LONG 0x48 __cy_region_init_size_ram
                0x00001670        0x4 LONG 0x78 __cy_region_zero_size_ram
                0x00001674                __cy_regions_end = .
                0x00001678                . = ALIGN (0x8)
 *fill*         0x00001674        0x4 
                0x00001678                _etext = .

.ramvectors     0x20000000       0xc0
                0x20000000                __cy_region_start_ram = .
 *(.ramvectors)
 .ramvectors    0x20000000       0xc0 .\CortexM0\ARM_GCC_493\Debug\Cm0Start.o
                0x20000000                CyRamVectors

.noinit         0x200000c0        0x4
 *(.noinit)
 .noinit        0x200000c0        0x4 .\CortexM0\ARM_GCC_493\Debug\Cm0Start.o

.data           0x200000c8       0x48 load address 0x00001678
                0x200000c8                __cy_region_start_data = .
 *(.jcr)
 .jcr           0x200000c8        0x0 c:/program files (x86)/cypress/psoc creator/3.3/psoc creator/import/gnu/arm/4.9.3/bin/../lib/gcc/arm-none-eabi/4.9.3/armv6-m/crtbegin.o
 .jcr           0x200000c8        0x4 c:/program files (x86)/cypress/psoc creator/3.3/psoc creator/import/gnu/arm/4.9.3/bin/../lib/gcc/arm-none-eabi/4.9.3/armv6-m/crtend.o
 *(.got.plt)
 *(.got)
 *(.shdata)
 *(.data .data.* .gnu.linkonce.d.*)
 .data          0x200000cc       0x18 .\CortexM0\ARM_GCC_493\Debug\CY8CKIT_044_CapSense_Proximity.a(CapSense.o)
                0x200000cc                CapSense_widgetResolution
                0x200000d0                CapSense_sampleClkDividerVal
                0x200000d4                CapSense_senseClkDividerVal
                0x200000d8                CapSense_modulationIDAC
                0x200000dc                CapSense_compensationIDAC
                0x200000e0                CapSense_pcTable
 .data          0x200000e4       0x18 .\CortexM0\ARM_GCC_493\Debug\CY8CKIT_044_CapSense_Proximity.a(CapSense_CSHL.o)
                0x200000e4                CapSense_debounce
                0x200000e8                CapSense_noiseThreshold
                0x200000ec                CapSense_negativeNoiseThreshold
                0x200000f0                CapSense_lowBaselineReset
                0x200000f4                CapSense_fingerThreshold
                0x200000f8                CapSense_hysteresis
 .data          0x200000fc       0x10 .\CortexM0\ARM_GCC_493\Debug\CY8CKIT_044_CapSense_Proximity.a(CyLib.o)
                0x200000fc                cydelay32kMs
                0x20000100                cydelayFreqKhz
                0x20000104                cydelayFreqMhz
                0x20000108                cydelayFreqHz
 .data          0x2000010c        0x4 .\CortexM0\ARM_GCC_493\Debug\CY8CKIT_044_CapSense_Proximity.a(CyLFClk.o)
                0x20000110                . = ALIGN (0x8)
 *(.ram)
                0x20000110                _edata = .

.igot.plt       0x20000110        0x0 load address 0x000016c0
 .igot.plt      0x00000000        0x0 c:/program files (x86)/cypress/psoc creator/3.3/psoc creator/import/gnu/arm/4.9.3/bin/../lib/gcc/arm-none-eabi/4.9.3/armv6-m/crtbegin.o

.bss            0x20000110       0x78 load address 0x000016c0
                0x20000110                PROVIDE (__bss_start__, .)
 *(.shbss)
 *(.bss .bss.* .gnu.linkonce.b.*)
 .bss           0x20000110       0x1c c:/program files (x86)/cypress/psoc creator/3.3/psoc creator/import/gnu/arm/4.9.3/bin/../lib/gcc/arm-none-eabi/4.9.3/armv6-m/crtbegin.o
 .bss           0x2000012c        0x1 .\CortexM0\ARM_GCC_493\Debug\CY8CKIT_044_CapSense_Proximity.a(PWM_Green.o)
                0x2000012c                PWM_Green_initVar
 *fill*         0x2000012d        0x3 
 .bss           0x20000130        0x4 .\CortexM0\ARM_GCC_493\Debug\CY8CKIT_044_CapSense_Proximity.a(PWM_Green_PM.o)
 .bss           0x20000134        0xc .\CortexM0\ARM_GCC_493\Debug\CY8CKIT_044_CapSense_Proximity.a(CapSense.o)
                0x20000134                CapSense_csdStatusVar
                0x20000138                CapSense_sensorRaw
                0x2000013a                CapSense_sensorIndex
                0x2000013c                CapSense_sensorEnableMask
                0x2000013e                CapSense_prescalersTuningDone
 .bss           0x20000140        0x4 .\CortexM0\ARM_GCC_493\Debug\CY8CKIT_044_CapSense_Proximity.a(CapSense_PM.o)
 .bss           0x20000144       0x14 .\CortexM0\ARM_GCC_493\Debug\CY8CKIT_044_CapSense_Proximity.a(CapSense_CSHL.o)
                0x20000144                CapSense_sensorBaseline
                0x20000148                CapSense_sensorBaselineLow
                0x2000014c                CapSense_sensorSignal
                0x20000154                CapSense_sensorOnMask
 .bss           0x20000158        0x1 .\CortexM0\ARM_GCC_493\Debug\CY8CKIT_044_CapSense_Proximity.a(CapSense_INT.o)
 *fill*         0x20000159        0x3 
 .bss           0x2000015c       0x1c .\CortexM0\ARM_GCC_493\Debug\CY8CKIT_044_CapSense_Proximity.a(CyLFClk.o)
 *(COMMON)
 COMMON         0x20000178        0x9 .\CortexM0\ARM_GCC_493\Debug\CY8CKIT_044_CapSense_Proximity.a(CapSense.o)
                0x20000178                CapSense_csdTrim1
                0x2000017c                CapSense_sensorEnableMaskBackup
                0x20000180                CapSense_unscannedSnsDriveMode
 *fill*         0x20000181        0x3 
 COMMON         0x20000184        0x1 .\CortexM0\ARM_GCC_493\Debug\CY8CKIT_044_CapSense_Proximity.a(CapSense_CSHL.o)
                0x20000184                CapSense_lowBaselineResetCnt
                0x20000188                . = ALIGN (0x8)
 *fill*         0x20000185        0x3 
 *(.ram.b)
                0x20000188                _end = .
                0x20000188                __end = .
                0x20000188                PROVIDE (end, .)
                0x20000188                PROVIDE (__bss_end__, .)
                0x00001678                __cy_region_init_ram = LOADADDR (.data)
                0x00000048                __cy_region_init_size_ram = (_edata - ADDR (.data))
                0x00000078                __cy_region_zero_size_ram = (_end - _edata)

.heap           0x20000188       0x80 load address 0x000016c0
                0x20000188                . = _end
                0x20000208                . = (. + 0x80)
 *fill*         0x20000188       0x80 
                0x20000208                __cy_heap_limit = .

.stack          0x20003800      0x800
                0x20003800                __cy_stack_limit = .
                0x20004000                . = (. + 0x800)
 *fill*         0x20003800      0x800 
                0x00000001                ASSERT ((__cy_stack_limit >= __cy_heap_limit), region RAM overflowed with stack)

.cyloadermeta
 *(.cyloadermeta)

.cyloadablemeta
 *(.cyloadablemeta)

.cyflashprotect
                0x90400000       0x80
 *(.cyflashprotect)
 .cyflashprotect
                0x90400000       0x80 .\CortexM0\ARM_GCC_493\Debug\cymetadata.o
                0x90400000                cy_meta_flashprotect

.cymeta         0x90500000        0xc
 *(.cymeta)
 .cymeta        0x90500000        0xc .\CortexM0\ARM_GCC_493\Debug\cymetadata.o
                0x90500000                cy_metadata

.cychipprotect  0x90600000        0x4
 *(.cychipprotect)
 .cychipprotect
                0x90600000        0x4 .\CortexM0\ARM_GCC_493\Debug\cymetadata.o
                0x90600000                cy_meta_chipprotect

.rel.dyn        0x000016c0        0x0 load address 0x90600004
 .rel.iplt      0x00000000        0x0 c:/program files (x86)/cypress/psoc creator/3.3/psoc creator/import/gnu/arm/4.9.3/bin/../lib/gcc/arm-none-eabi/4.9.3/armv6-m/crtbegin.o

.stab
 *(.stab)

.stabstr
 *(.stabstr)

.debug
 *(.debug)

.line
 *(.line)

.debug_srcinfo
 *(.debug_srcinfo)

.debug_sfnames
 *(.debug_sfnames)

.debug_aranges  0x00000000      0xab0
 *(.debug_aranges)
 .debug_aranges
                0x00000000       0x48 .\CortexM0\ARM_GCC_493\Debug\main.o
 .debug_aranges
                0x00000048       0x18 .\CortexM0\ARM_GCC_493\Debug\cymetadata.o
 .debug_aranges
                0x00000060       0x48 .\CortexM0\ARM_GCC_493\Debug\Cm0Start.o
 .debug_aranges
                0x000000a8       0x48 .\CortexM0\ARM_GCC_493\Debug\CY8CKIT_044_CapSense_Proximity.a(cyfitter_cfg.o)
 .debug_aranges
                0x000000f0      0x158 .\CortexM0\ARM_GCC_493\Debug\CY8CKIT_044_CapSense_Proximity.a(PWM_Green.o)
 .debug_aranges
                0x00000248       0x38 .\CortexM0\ARM_GCC_493\Debug\CY8CKIT_044_CapSense_Proximity.a(PWM_Green_PM.o)
 .debug_aranges
                0x00000280      0x158 .\CortexM0\ARM_GCC_493\Debug\CY8CKIT_044_CapSense_Proximity.a(CapSense.o)
 .debug_aranges
                0x000003d8       0x38 .\CortexM0\ARM_GCC_493\Debug\CY8CKIT_044_CapSense_Proximity.a(CapSense_PM.o)
 .debug_aranges
                0x00000410      0x108 .\CortexM0\ARM_GCC_493\Debug\CY8CKIT_044_CapSense_Proximity.a(CapSense_CSHL.o)
 .debug_aranges
                0x00000518       0x20 .\CortexM0\ARM_GCC_493\Debug\CY8CKIT_044_CapSense_Proximity.a(CapSense_INT.o)
 .debug_aranges
                0x00000538       0x40 .\CortexM0\ARM_GCC_493\Debug\CY8CKIT_044_CapSense_Proximity.a(Pin_GreenLED.o)
 .debug_aranges
                0x00000578       0x40 .\CortexM0\ARM_GCC_493\Debug\CY8CKIT_044_CapSense_Proximity.a(CapSense_SampleClk.o)
 .debug_aranges
                0x000005b8       0x40 .\CortexM0\ARM_GCC_493\Debug\CY8CKIT_044_CapSense_Proximity.a(CapSense_SenseClk.o)
 .debug_aranges
                0x000005f8       0x20 .\CortexM0\ARM_GCC_493\Debug\CY8CKIT_044_CapSense_Proximity.a(CyBootAsmGnu.o)
 .debug_aranges
                0x00000618      0x190 .\CortexM0\ARM_GCC_493\Debug\CY8CKIT_044_CapSense_Proximity.a(CyLib.o)
 .debug_aranges
                0x000007a8       0x58 .\CortexM0\ARM_GCC_493\Debug\CY8CKIT_044_CapSense_Proximity.a(cyPm.o)
 .debug_aranges
                0x00000800      0x150 .\CortexM0\ARM_GCC_493\Debug\CY8CKIT_044_CapSense_Proximity.a(CyLFClk.o)
 .debug_aranges
                0x00000950       0x48 .\CortexM0\ARM_GCC_493\Debug\CY8CKIT_044_CapSense_Proximity.a(Pin_EBottom.o)
 .debug_aranges
                0x00000998       0x48 .\CortexM0\ARM_GCC_493\Debug\CY8CKIT_044_CapSense_Proximity.a(Pin_EMiddle.o)
 .debug_aranges
                0x000009e0       0x48 .\CortexM0\ARM_GCC_493\Debug\CY8CKIT_044_CapSense_Proximity.a(Pin_ETop.o)
 .debug_aranges
                0x00000a28       0x48 .\CortexM0\ARM_GCC_493\Debug\CY8CKIT_044_CapSense_Proximity.a(Pin_Vibe.o)
 .debug_aranges
                0x00000a70       0x40 .\CortexM0\ARM_GCC_493\Debug\CY8CKIT_044_CapSense_Proximity.a(CyFlash.o)

.debug_pubnames
 *(.debug_pubnames)

.debug_info     0x00000000     0x6108
 *(.debug_info .gnu.linkonce.wi.*)
 .debug_info    0x00000000      0x59b .\CortexM0\ARM_GCC_493\Debug\main.o
 .debug_info    0x0000059b       0xfd .\CortexM0\ARM_GCC_493\Debug\cymetadata.o
 .debug_info    0x00000698      0x38a .\CortexM0\ARM_GCC_493\Debug\Cm0Start.o
 .debug_info    0x00000a22      0x41e .\CortexM0\ARM_GCC_493\Debug\CY8CKIT_044_CapSense_Proximity.a(cyfitter_cfg.o)
 .debug_info    0x00000e40      0x902 .\CortexM0\ARM_GCC_493\Debug\CY8CKIT_044_CapSense_Proximity.a(PWM_Green.o)
 .debug_info    0x00001742      0x150 .\CortexM0\ARM_GCC_493\Debug\CY8CKIT_044_CapSense_Proximity.a(PWM_Green_PM.o)
 .debug_info    0x00001892     0x106a .\CortexM0\ARM_GCC_493\Debug\CY8CKIT_044_CapSense_Proximity.a(CapSense.o)
 .debug_info    0x000028fc      0x1d5 .\CortexM0\ARM_GCC_493\Debug\CY8CKIT_044_CapSense_Proximity.a(CapSense_PM.o)
 .debug_info    0x00002ad1      0xaa8 .\CortexM0\ARM_GCC_493\Debug\CY8CKIT_044_CapSense_Proximity.a(CapSense_CSHL.o)
 .debug_info    0x00003579      0x1ad .\CortexM0\ARM_GCC_493\Debug\CY8CKIT_044_CapSense_Proximity.a(CapSense_INT.o)
 .debug_info    0x00003726      0x150 .\CortexM0\ARM_GCC_493\Debug\CY8CKIT_044_CapSense_Proximity.a(Pin_GreenLED.o)
 .debug_info    0x00003876      0x163 .\CortexM0\ARM_GCC_493\Debug\CY8CKIT_044_CapSense_Proximity.a(CapSense_SampleClk.o)
 .debug_info    0x000039d9      0x163 .\CortexM0\ARM_GCC_493\Debug\CY8CKIT_044_CapSense_Proximity.a(CapSense_SenseClk.o)
 .debug_info    0x00003b3c       0xbb .\CortexM0\ARM_GCC_493\Debug\CY8CKIT_044_CapSense_Proximity.a(CyBootAsmGnu.o)
 .debug_info    0x00003bf7      0xb64 .\CortexM0\ARM_GCC_493\Debug\CY8CKIT_044_CapSense_Proximity.a(CyLib.o)
 .debug_info    0x0000475b      0x2cf .\CortexM0\ARM_GCC_493\Debug\CY8CKIT_044_CapSense_Proximity.a(cyPm.o)
 .debug_info    0x00004a2a      0xda1 .\CortexM0\ARM_GCC_493\Debug\CY8CKIT_044_CapSense_Proximity.a(CyLFClk.o)
 .debug_info    0x000057cb      0x19a .\CortexM0\ARM_GCC_493\Debug\CY8CKIT_044_CapSense_Proximity.a(Pin_EBottom.o)
 .debug_info    0x00005965      0x19a .\CortexM0\ARM_GCC_493\Debug\CY8CKIT_044_CapSense_Proximity.a(Pin_EMiddle.o)
 .debug_info    0x00005aff      0x19a .\CortexM0\ARM_GCC_493\Debug\CY8CKIT_044_CapSense_Proximity.a(Pin_ETop.o)
 .debug_info    0x00005c99      0x19a .\CortexM0\ARM_GCC_493\Debug\CY8CKIT_044_CapSense_Proximity.a(Pin_Vibe.o)
 .debug_info    0x00005e33      0x2d5 .\CortexM0\ARM_GCC_493\Debug\CY8CKIT_044_CapSense_Proximity.a(CyFlash.o)

.debug_abbrev   0x00000000     0x1b2a
 *(.debug_abbrev)
 .debug_abbrev  0x00000000      0x1b7 .\CortexM0\ARM_GCC_493\Debug\main.o
 .debug_abbrev  0x000001b7       0x5d .\CortexM0\ARM_GCC_493\Debug\cymetadata.o
 .debug_abbrev  0x00000214      0x1fe .\CortexM0\ARM_GCC_493\Debug\Cm0Start.o
 .debug_abbrev  0x00000412      0x1f3 .\CortexM0\ARM_GCC_493\Debug\CY8CKIT_044_CapSense_Proximity.a(cyfitter_cfg.o)
 .debug_abbrev  0x00000605      0x140 .\CortexM0\ARM_GCC_493\Debug\CY8CKIT_044_CapSense_Proximity.a(PWM_Green.o)
 .debug_abbrev  0x00000745       0xc4 .\CortexM0\ARM_GCC_493\Debug\CY8CKIT_044_CapSense_Proximity.a(PWM_Green_PM.o)
 .debug_abbrev  0x00000809      0x207 .\CortexM0\ARM_GCC_493\Debug\CY8CKIT_044_CapSense_Proximity.a(CapSense.o)
 .debug_abbrev  0x00000a10       0xf7 .\CortexM0\ARM_GCC_493\Debug\CY8CKIT_044_CapSense_Proximity.a(CapSense_PM.o)
 .debug_abbrev  0x00000b07      0x1e3 .\CortexM0\ARM_GCC_493\Debug\CY8CKIT_044_CapSense_Proximity.a(CapSense_CSHL.o)
 .debug_abbrev  0x00000cea      0x106 .\CortexM0\ARM_GCC_493\Debug\CY8CKIT_044_CapSense_Proximity.a(CapSense_INT.o)
 .debug_abbrev  0x00000df0       0xb7 .\CortexM0\ARM_GCC_493\Debug\CY8CKIT_044_CapSense_Proximity.a(Pin_GreenLED.o)
 .debug_abbrev  0x00000ea7       0xc4 .\CortexM0\ARM_GCC_493\Debug\CY8CKIT_044_CapSense_Proximity.a(CapSense_SampleClk.o)
 .debug_abbrev  0x00000f6b       0xc4 .\CortexM0\ARM_GCC_493\Debug\CY8CKIT_044_CapSense_Proximity.a(CapSense_SenseClk.o)
 .debug_abbrev  0x0000102f       0x14 .\CortexM0\ARM_GCC_493\Debug\CY8CKIT_044_CapSense_Proximity.a(CyBootAsmGnu.o)
 .debug_abbrev  0x00001043      0x25d .\CortexM0\ARM_GCC_493\Debug\CY8CKIT_044_CapSense_Proximity.a(CyLib.o)
 .debug_abbrev  0x000012a0      0x144 .\CortexM0\ARM_GCC_493\Debug\CY8CKIT_044_CapSense_Proximity.a(cyPm.o)
 .debug_abbrev  0x000013e4      0x26d .\CortexM0\ARM_GCC_493\Debug\CY8CKIT_044_CapSense_Proximity.a(CyLFClk.o)
 .debug_abbrev  0x00001651       0xd5 .\CortexM0\ARM_GCC_493\Debug\CY8CKIT_044_CapSense_Proximity.a(Pin_EBottom.o)
 .debug_abbrev  0x00001726       0xd5 .\CortexM0\ARM_GCC_493\Debug\CY8CKIT_044_CapSense_Proximity.a(Pin_EMiddle.o)
 .debug_abbrev  0x000017fb       0xd5 .\CortexM0\ARM_GCC_493\Debug\CY8CKIT_044_CapSense_Proximity.a(Pin_ETop.o)
 .debug_abbrev  0x000018d0       0xd5 .\CortexM0\ARM_GCC_493\Debug\CY8CKIT_044_CapSense_Proximity.a(Pin_Vibe.o)
 .debug_abbrev  0x000019a5      0x185 .\CortexM0\ARM_GCC_493\Debug\CY8CKIT_044_CapSense_Proximity.a(CyFlash.o)

.debug_line     0x00000000     0x2567
 *(.debug_line)
 .debug_line    0x00000000      0x1a5 .\CortexM0\ARM_GCC_493\Debug\main.o
 .debug_line    0x000001a5       0x53 .\CortexM0\ARM_GCC_493\Debug\cymetadata.o
 .debug_line    0x000001f8      0x247 .\CortexM0\ARM_GCC_493\Debug\Cm0Start.o
 .debug_line    0x0000043f      0x1a5 .\CortexM0\ARM_GCC_493\Debug\CY8CKIT_044_CapSense_Proximity.a(cyfitter_cfg.o)
 .debug_line    0x000005e4      0x381 .\CortexM0\ARM_GCC_493\Debug\CY8CKIT_044_CapSense_Proximity.a(PWM_Green.o)
 .debug_line    0x00000965       0xac .\CortexM0\ARM_GCC_493\Debug\CY8CKIT_044_CapSense_Proximity.a(PWM_Green_PM.o)
 .debug_line    0x00000a11      0x4f6 .\CortexM0\ARM_GCC_493\Debug\CY8CKIT_044_CapSense_Proximity.a(CapSense.o)
 .debug_line    0x00000f07       0xeb .\CortexM0\ARM_GCC_493\Debug\CY8CKIT_044_CapSense_Proximity.a(CapSense_PM.o)
 .debug_line    0x00000ff2      0x351 .\CortexM0\ARM_GCC_493\Debug\CY8CKIT_044_CapSense_Proximity.a(CapSense_CSHL.o)
 .debug_line    0x00001343       0xaa .\CortexM0\ARM_GCC_493\Debug\CY8CKIT_044_CapSense_Proximity.a(CapSense_INT.o)
 .debug_line    0x000013ed       0xb2 .\CortexM0\ARM_GCC_493\Debug\CY8CKIT_044_CapSense_Proximity.a(Pin_GreenLED.o)
 .debug_line    0x0000149f       0xe0 .\CortexM0\ARM_GCC_493\Debug\CY8CKIT_044_CapSense_Proximity.a(CapSense_SampleClk.o)
 .debug_line    0x0000157f       0xdf .\CortexM0\ARM_GCC_493\Debug\CY8CKIT_044_CapSense_Proximity.a(CapSense_SenseClk.o)
 .debug_line    0x0000165e       0x68 .\CortexM0\ARM_GCC_493\Debug\CY8CKIT_044_CapSense_Proximity.a(CyBootAsmGnu.o)
 .debug_line    0x000016c6      0x498 .\CortexM0\ARM_GCC_493\Debug\CY8CKIT_044_CapSense_Proximity.a(CyLib.o)
 .debug_line    0x00001b5e      0x12b .\CortexM0\ARM_GCC_493\Debug\CY8CKIT_044_CapSense_Proximity.a(cyPm.o)
 .debug_line    0x00001c89      0x4c5 .\CortexM0\ARM_GCC_493\Debug\CY8CKIT_044_CapSense_Proximity.a(CyLFClk.o)
 .debug_line    0x0000214e       0xc5 .\CortexM0\ARM_GCC_493\Debug\CY8CKIT_044_CapSense_Proximity.a(Pin_EBottom.o)
 .debug_line    0x00002213       0xc5 .\CortexM0\ARM_GCC_493\Debug\CY8CKIT_044_CapSense_Proximity.a(Pin_EMiddle.o)
 .debug_line    0x000022d8       0xc2 .\CortexM0\ARM_GCC_493\Debug\CY8CKIT_044_CapSense_Proximity.a(Pin_ETop.o)
 .debug_line    0x0000239a       0xc2 .\CortexM0\ARM_GCC_493\Debug\CY8CKIT_044_CapSense_Proximity.a(Pin_Vibe.o)
 .debug_line    0x0000245c      0x10b .\CortexM0\ARM_GCC_493\Debug\CY8CKIT_044_CapSense_Proximity.a(CyFlash.o)

.debug_frame    0x00000000     0x1a50
 *(.debug_frame)
 .debug_frame   0x00000000       0xbc .\CortexM0\ARM_GCC_493\Debug\main.o
 .debug_frame   0x000000bc       0xb0 .\CortexM0\ARM_GCC_493\Debug\Cm0Start.o
 .debug_frame   0x0000016c       0xb4 .\CortexM0\ARM_GCC_493\Debug\CY8CKIT_044_CapSense_Proximity.a(cyfitter_cfg.o)
 .debug_frame   0x00000220      0x390 .\CortexM0\ARM_GCC_493\Debug\CY8CKIT_044_CapSense_Proximity.a(PWM_Green.o)
 .debug_frame   0x000005b0       0x68 .\CortexM0\ARM_GCC_493\Debug\CY8CKIT_044_CapSense_Proximity.a(PWM_Green_PM.o)
 .debug_frame   0x00000618      0x3c0 .\CortexM0\ARM_GCC_493\Debug\CY8CKIT_044_CapSense_Proximity.a(CapSense.o)
 .debug_frame   0x000009d8       0x68 .\CortexM0\ARM_GCC_493\Debug\CY8CKIT_044_CapSense_Proximity.a(CapSense_PM.o)
 .debug_frame   0x00000a40      0x2ac .\CortexM0\ARM_GCC_493\Debug\CY8CKIT_044_CapSense_Proximity.a(CapSense_CSHL.o)
 .debug_frame   0x00000cec       0x2c .\CortexM0\ARM_GCC_493\Debug\CY8CKIT_044_CapSense_Proximity.a(CapSense_INT.o)
 .debug_frame   0x00000d18       0x60 .\CortexM0\ARM_GCC_493\Debug\CY8CKIT_044_CapSense_Proximity.a(Pin_GreenLED.o)
 .debug_frame   0x00000d78       0x6c .\CortexM0\ARM_GCC_493\Debug\CY8CKIT_044_CapSense_Proximity.a(CapSense_SampleClk.o)
 .debug_frame   0x00000de4       0x6c .\CortexM0\ARM_GCC_493\Debug\CY8CKIT_044_CapSense_Proximity.a(CapSense_SenseClk.o)
 .debug_frame   0x00000e50      0x400 .\CortexM0\ARM_GCC_493\Debug\CY8CKIT_044_CapSense_Proximity.a(CyLib.o)
 .debug_frame   0x00001250       0xe8 .\CortexM0\ARM_GCC_493\Debug\CY8CKIT_044_CapSense_Proximity.a(cyPm.o)
 .debug_frame   0x00001338      0x3fc .\CortexM0\ARM_GCC_493\Debug\CY8CKIT_044_CapSense_Proximity.a(CyLFClk.o)
 .debug_frame   0x00001734       0x70 .\CortexM0\ARM_GCC_493\Debug\CY8CKIT_044_CapSense_Proximity.a(Pin_EBottom.o)
 .debug_frame   0x000017a4       0x70 .\CortexM0\ARM_GCC_493\Debug\CY8CKIT_044_CapSense_Proximity.a(Pin_EMiddle.o)
 .debug_frame   0x00001814       0x70 .\CortexM0\ARM_GCC_493\Debug\CY8CKIT_044_CapSense_Proximity.a(Pin_ETop.o)
 .debug_frame   0x00001884       0x70 .\CortexM0\ARM_GCC_493\Debug\CY8CKIT_044_CapSense_Proximity.a(Pin_Vibe.o)
 .debug_frame   0x000018f4       0x80 .\CortexM0\ARM_GCC_493\Debug\CY8CKIT_044_CapSense_Proximity.a(CyFlash.o)
 .debug_frame   0x00001974       0x20 c:/program files (x86)/cypress/psoc creator/3.3/psoc creator/import/gnu/arm/4.9.3/bin/../lib/gcc/arm-none-eabi/4.9.3/armv6-m\libgcc.a(_udivsi3.o)
 .debug_frame   0x00001994       0x20 c:/program files (x86)/cypress/psoc creator/3.3/psoc creator/import/gnu/arm/4.9.3/bin/../lib/gcc/arm-none-eabi/4.9.3/../../../../arm-none-eabi/lib/armv6-m\libg_nano.a(lib_a-errno.o)
 .debug_frame   0x000019b4       0x28 c:/program files (x86)/cypress/psoc creator/3.3/psoc creator/import/gnu/arm/4.9.3/bin/../lib/gcc/arm-none-eabi/4.9.3/../../../../arm-none-eabi/lib/armv6-m\libg_nano.a(lib_a-exit.o)
 .debug_frame   0x000019dc       0x2c c:/program files (x86)/cypress/psoc creator/3.3/psoc creator/import/gnu/arm/4.9.3/bin/../lib/gcc/arm-none-eabi/4.9.3/../../../../arm-none-eabi/lib/armv6-m\libg_nano.a(lib_a-init.o)
 .debug_frame   0x00001a08       0x28 c:/program files (x86)/cypress/psoc creator/3.3/psoc creator/import/gnu/arm/4.9.3/bin/../lib/gcc/arm-none-eabi/4.9.3/../../../../arm-none-eabi/lib/armv6-m\libg_nano.a(lib_a-memcpy.o)
 .debug_frame   0x00001a30       0x20 c:/program files (x86)/cypress/psoc creator/3.3/psoc creator/import/gnu/arm/4.9.3/bin/../lib/gcc/arm-none-eabi/4.9.3/../../../../arm-none-eabi/lib/armv6-m\libg_nano.a(lib_a-memset.o)

.debug_str      0x00000000     0x286b
 *(.debug_str)
 .debug_str     0x00000000      0x3fc .\CortexM0\ARM_GCC_493\Debug\main.o
                                0x435 (size before relaxing)
 .debug_str     0x000003fc       0x5b .\CortexM0\ARM_GCC_493\Debug\cymetadata.o
                                0x1f9 (size before relaxing)
 .debug_str     0x00000457      0x15c .\CortexM0\ARM_GCC_493\Debug\Cm0Start.o
                                0x320 (size before relaxing)
 .debug_str     0x000005b3      0x12d .\CortexM0\ARM_GCC_493\Debug\CY8CKIT_044_CapSense_Proximity.a(cyfitter_cfg.o)
                                0x329 (size before relaxing)
 .debug_str     0x000006e0      0x49b .\CortexM0\ARM_GCC_493\Debug\CY8CKIT_044_CapSense_Proximity.a(PWM_Green.o)
                                0x678 (size before relaxing)
 .debug_str     0x00000b7b       0x8a .\CortexM0\ARM_GCC_493\Debug\CY8CKIT_044_CapSense_Proximity.a(PWM_Green_PM.o)
                                0x276 (size before relaxing)
 .debug_str     0x00000c05      0x843 .\CortexM0\ARM_GCC_493\Debug\CY8CKIT_044_CapSense_Proximity.a(CapSense.o)
                                0xaad (size before relaxing)
 .debug_str     0x00001448       0x79 .\CortexM0\ARM_GCC_493\Debug\CY8CKIT_044_CapSense_Proximity.a(CapSense_PM.o)
                                0x2d0 (size before relaxing)
 .debug_str     0x000014c1      0x491 .\CortexM0\ARM_GCC_493\Debug\CY8CKIT_044_CapSense_Proximity.a(CapSense_CSHL.o)
                                0x7f6 (size before relaxing)
 .debug_str     0x00001952       0x4a .\CortexM0\ARM_GCC_493\Debug\CY8CKIT_044_CapSense_Proximity.a(CapSense_INT.o)
                                0x2ae (size before relaxing)
 .debug_str     0x0000199c       0x95 .\CortexM0\ARM_GCC_493\Debug\CY8CKIT_044_CapSense_Proximity.a(Pin_GreenLED.o)
                                0x25c (size before relaxing)
 .debug_str     0x00001a31       0xb8 .\CortexM0\ARM_GCC_493\Debug\CY8CKIT_044_CapSense_Proximity.a(CapSense_SampleClk.o)
                                0x2c4 (size before relaxing)
 .debug_str     0x00001ae9       0x81 .\CortexM0\ARM_GCC_493\Debug\CY8CKIT_044_CapSense_Proximity.a(CapSense_SenseClk.o)
                                0x2be (size before relaxing)
 .debug_str     0x00001b6a      0x47f .\CortexM0\ARM_GCC_493\Debug\CY8CKIT_044_CapSense_Proximity.a(CyLib.o)
                                0x706 (size before relaxing)
 .debug_str     0x00001fe9       0xaa .\CortexM0\ARM_GCC_493\Debug\CY8CKIT_044_CapSense_Proximity.a(cyPm.o)
                                0x2d4 (size before relaxing)
 .debug_str     0x00002093      0x4c0 .\CortexM0\ARM_GCC_493\Debug\CY8CKIT_044_CapSense_Proximity.a(CyLFClk.o)
                                0x72e (size before relaxing)
 .debug_str     0x00002553       0xa9 .\CortexM0\ARM_GCC_493\Debug\CY8CKIT_044_CapSense_Proximity.a(Pin_EBottom.o)
                                0x28b (size before relaxing)
 .debug_str     0x000025fc       0xa1 .\CortexM0\ARM_GCC_493\Debug\CY8CKIT_044_CapSense_Proximity.a(Pin_EMiddle.o)
                                0x28b (size before relaxing)
 .debug_str     0x0000269d       0x8f .\CortexM0\ARM_GCC_493\Debug\CY8CKIT_044_CapSense_Proximity.a(Pin_ETop.o)
                                0x276 (size before relaxing)
 .debug_str     0x0000272c       0x8f .\CortexM0\ARM_GCC_493\Debug\CY8CKIT_044_CapSense_Proximity.a(Pin_Vibe.o)
                                0x276 (size before relaxing)
 .debug_str     0x000027bb       0xb0 .\CortexM0\ARM_GCC_493\Debug\CY8CKIT_044_CapSense_Proximity.a(CyFlash.o)
                                0x2cd (size before relaxing)

.debug_loc      0x00000000     0x2bd3
 *(.debug_loc)
 .debug_loc     0x00000000      0x16a .\CortexM0\ARM_GCC_493\Debug\main.o
 .debug_loc     0x0000016a      0x14f .\CortexM0\ARM_GCC_493\Debug\Cm0Start.o
 .debug_loc     0x000002b9      0x14d .\CortexM0\ARM_GCC_493\Debug\CY8CKIT_044_CapSense_Proximity.a(cyfitter_cfg.o)
 .debug_loc     0x00000406      0x547 .\CortexM0\ARM_GCC_493\Debug\CY8CKIT_044_CapSense_Proximity.a(PWM_Green.o)
 .debug_loc     0x0000094d      0x93b .\CortexM0\ARM_GCC_493\Debug\CY8CKIT_044_CapSense_Proximity.a(CapSense.o)
 .debug_loc     0x00001288      0x5d3 .\CortexM0\ARM_GCC_493\Debug\CY8CKIT_044_CapSense_Proximity.a(CapSense_CSHL.o)
 .debug_loc     0x0000185b       0x81 .\CortexM0\ARM_GCC_493\Debug\CY8CKIT_044_CapSense_Proximity.a(Pin_GreenLED.o)
 .debug_loc     0x000018dc       0x76 .\CortexM0\ARM_GCC_493\Debug\CY8CKIT_044_CapSense_Proximity.a(CapSense_SampleClk.o)
 .debug_loc     0x00001952       0x76 .\CortexM0\ARM_GCC_493\Debug\CY8CKIT_044_CapSense_Proximity.a(CapSense_SenseClk.o)
 .debug_loc     0x000019c8      0x530 .\CortexM0\ARM_GCC_493\Debug\CY8CKIT_044_CapSense_Proximity.a(CyLib.o)
 .debug_loc     0x00001ef8       0xe1 .\CortexM0\ARM_GCC_493\Debug\CY8CKIT_044_CapSense_Proximity.a(cyPm.o)
 .debug_loc     0x00001fd9      0x8af .\CortexM0\ARM_GCC_493\Debug\CY8CKIT_044_CapSense_Proximity.a(CyLFClk.o)
 .debug_loc     0x00002888       0xa2 .\CortexM0\ARM_GCC_493\Debug\CY8CKIT_044_CapSense_Proximity.a(Pin_EBottom.o)
 .debug_loc     0x0000292a       0xa2 .\CortexM0\ARM_GCC_493\Debug\CY8CKIT_044_CapSense_Proximity.a(Pin_EMiddle.o)
 .debug_loc     0x000029cc       0xa2 .\CortexM0\ARM_GCC_493\Debug\CY8CKIT_044_CapSense_Proximity.a(Pin_ETop.o)
 .debug_loc     0x00002a6e       0xa2 .\CortexM0\ARM_GCC_493\Debug\CY8CKIT_044_CapSense_Proximity.a(Pin_Vibe.o)
 .debug_loc     0x00002b10       0xc3 .\CortexM0\ARM_GCC_493\Debug\CY8CKIT_044_CapSense_Proximity.a(CyFlash.o)

.debug_macinfo
 *(.debug_macinfo)

.debug_ranges   0x00000000      0x938
 *(.debug_ranges)
 .debug_ranges  0x00000000       0x38 .\CortexM0\ARM_GCC_493\Debug\main.o
 .debug_ranges  0x00000038       0x38 .\CortexM0\ARM_GCC_493\Debug\Cm0Start.o
 .debug_ranges  0x00000070       0x38 .\CortexM0\ARM_GCC_493\Debug\CY8CKIT_044_CapSense_Proximity.a(cyfitter_cfg.o)
 .debug_ranges  0x000000a8      0x148 .\CortexM0\ARM_GCC_493\Debug\CY8CKIT_044_CapSense_Proximity.a(PWM_Green.o)
 .debug_ranges  0x000001f0       0x28 .\CortexM0\ARM_GCC_493\Debug\CY8CKIT_044_CapSense_Proximity.a(PWM_Green_PM.o)
 .debug_ranges  0x00000218      0x148 .\CortexM0\ARM_GCC_493\Debug\CY8CKIT_044_CapSense_Proximity.a(CapSense.o)
 .debug_ranges  0x00000360       0x28 .\CortexM0\ARM_GCC_493\Debug\CY8CKIT_044_CapSense_Proximity.a(CapSense_PM.o)
 .debug_ranges  0x00000388       0xf8 .\CortexM0\ARM_GCC_493\Debug\CY8CKIT_044_CapSense_Proximity.a(CapSense_CSHL.o)
 .debug_ranges  0x00000480       0x10 .\CortexM0\ARM_GCC_493\Debug\CY8CKIT_044_CapSense_Proximity.a(CapSense_INT.o)
 .debug_ranges  0x00000490       0x30 .\CortexM0\ARM_GCC_493\Debug\CY8CKIT_044_CapSense_Proximity.a(Pin_GreenLED.o)
 .debug_ranges  0x000004c0       0x30 .\CortexM0\ARM_GCC_493\Debug\CY8CKIT_044_CapSense_Proximity.a(CapSense_SampleClk.o)
 .debug_ranges  0x000004f0       0x30 .\CortexM0\ARM_GCC_493\Debug\CY8CKIT_044_CapSense_Proximity.a(CapSense_SenseClk.o)
 .debug_ranges  0x00000520      0x180 .\CortexM0\ARM_GCC_493\Debug\CY8CKIT_044_CapSense_Proximity.a(CyLib.o)
 .debug_ranges  0x000006a0       0x48 .\CortexM0\ARM_GCC_493\Debug\CY8CKIT_044_CapSense_Proximity.a(cyPm.o)
 .debug_ranges  0x000006e8      0x140 .\CortexM0\ARM_GCC_493\Debug\CY8CKIT_044_CapSense_Proximity.a(CyLFClk.o)
 .debug_ranges  0x00000828       0x38 .\CortexM0\ARM_GCC_493\Debug\CY8CKIT_044_CapSense_Proximity.a(Pin_EBottom.o)
 .debug_ranges  0x00000860       0x38 .\CortexM0\ARM_GCC_493\Debug\CY8CKIT_044_CapSense_Proximity.a(Pin_EMiddle.o)
 .debug_ranges  0x00000898       0x38 .\CortexM0\ARM_GCC_493\Debug\CY8CKIT_044_CapSense_Proximity.a(Pin_ETop.o)
 .debug_ranges  0x000008d0       0x38 .\CortexM0\ARM_GCC_493\Debug\CY8CKIT_044_CapSense_Proximity.a(Pin_Vibe.o)
 .debug_ranges  0x00000908       0x30 .\CortexM0\ARM_GCC_493\Debug\CY8CKIT_044_CapSense_Proximity.a(CyFlash.o)

.comment        0x00000000       0x70
 .comment       0x00000000       0x70 .\CortexM0\ARM_GCC_493\Debug\main.o
                                 0x71 (size before relaxing)
 .comment       0x00000000       0x71 .\CortexM0\ARM_GCC_493\Debug\cymetadata.o
 .comment       0x00000000       0x71 .\CortexM0\ARM_GCC_493\Debug\Cm0Start.o
 .comment       0x00000000       0x71 .\CortexM0\ARM_GCC_493\Debug\CY8CKIT_044_CapSense_Proximity.a(cyfitter_cfg.o)
 .comment       0x00000000       0x71 .\CortexM0\ARM_GCC_493\Debug\CY8CKIT_044_CapSense_Proximity.a(PWM_Green.o)
 .comment       0x00000000       0x71 .\CortexM0\ARM_GCC_493\Debug\CY8CKIT_044_CapSense_Proximity.a(PWM_Green_PM.o)
 .comment       0x00000000       0x71 .\CortexM0\ARM_GCC_493\Debug\CY8CKIT_044_CapSense_Proximity.a(CapSense.o)
 .comment       0x00000000       0x71 .\CortexM0\ARM_GCC_493\Debug\CY8CKIT_044_CapSense_Proximity.a(CapSense_PM.o)
 .comment       0x00000000       0x71 .\CortexM0\ARM_GCC_493\Debug\CY8CKIT_044_CapSense_Proximity.a(CapSense_CSHL.o)
 .comment       0x00000000       0x71 .\CortexM0\ARM_GCC_493\Debug\CY8CKIT_044_CapSense_Proximity.a(CapSense_INT.o)
 .comment       0x00000000       0x71 .\CortexM0\ARM_GCC_493\Debug\CY8CKIT_044_CapSense_Proximity.a(Pin_GreenLED.o)
 .comment       0x00000000       0x71 .\CortexM0\ARM_GCC_493\Debug\CY8CKIT_044_CapSense_Proximity.a(CapSense_SampleClk.o)
 .comment       0x00000000       0x71 .\CortexM0\ARM_GCC_493\Debug\CY8CKIT_044_CapSense_Proximity.a(CapSense_SenseClk.o)
 .comment       0x00000000       0x71 .\CortexM0\ARM_GCC_493\Debug\CY8CKIT_044_CapSense_Proximity.a(CyLib.o)
 .comment       0x00000000       0x71 .\CortexM0\ARM_GCC_493\Debug\CY8CKIT_044_CapSense_Proximity.a(cyPm.o)
 .comment       0x00000000       0x71 .\CortexM0\ARM_GCC_493\Debug\CY8CKIT_044_CapSense_Proximity.a(CyLFClk.o)
 .comment       0x00000000       0x71 .\CortexM0\ARM_GCC_493\Debug\CY8CKIT_044_CapSense_Proximity.a(Pin_EBottom.o)
 .comment       0x00000000       0x71 .\CortexM0\ARM_GCC_493\Debug\CY8CKIT_044_CapSense_Proximity.a(Pin_EMiddle.o)
 .comment       0x00000000       0x71 .\CortexM0\ARM_GCC_493\Debug\CY8CKIT_044_CapSense_Proximity.a(Pin_ETop.o)
 .comment       0x00000000       0x71 .\CortexM0\ARM_GCC_493\Debug\CY8CKIT_044_CapSense_Proximity.a(Pin_Vibe.o)
 .comment       0x00000000       0x71 .\CortexM0\ARM_GCC_493\Debug\CY8CKIT_044_CapSense_Proximity.a(CyFlash.o)

.debug_weaknames
 *(.debug_weaknames)

.debug_funcnames
 *(.debug_funcnames)

.debug_typenames
 *(.debug_typenames)

.debug_varnames
 *(.debug_varnames)

.note.gnu.arm.ident
 *(.note.gnu.arm.ident)

.ARM.attributes
                0x00000000       0x28
 *(.ARM.attributes)
 .ARM.attributes
                0x00000000       0x1e c:/program files (x86)/cypress/psoc creator/3.3/psoc creator/import/gnu/arm/4.9.3/bin/../lib/gcc/arm-none-eabi/4.9.3/armv6-m/crti.o
 .ARM.attributes
                0x0000001e       0x2c c:/program files (x86)/cypress/psoc creator/3.3/psoc creator/import/gnu/arm/4.9.3/bin/../lib/gcc/arm-none-eabi/4.9.3/armv6-m/crtbegin.o
 .ARM.attributes
                0x0000004a       0x1b c:/program files (x86)/cypress/psoc creator/3.3/psoc creator/import/gnu/arm/4.9.3/bin/../lib/gcc/arm-none-eabi/4.9.3/../../../../arm-none-eabi/lib/armv6-m/crt0.o
 .ARM.attributes
                0x00000065       0x31 .\CortexM0\ARM_GCC_493\Debug\main.o
 .ARM.attributes
                0x00000096       0x31 .\CortexM0\ARM_GCC_493\Debug\cymetadata.o
 .ARM.attributes
                0x000000c7       0x31 .\CortexM0\ARM_GCC_493\Debug\Cm0Start.o
 .ARM.attributes
                0x000000f8       0x31 .\CortexM0\ARM_GCC_493\Debug\CY8CKIT_044_CapSense_Proximity.a(cyfitter_cfg.o)
 .ARM.attributes
                0x00000129       0x31 .\CortexM0\ARM_GCC_493\Debug\CY8CKIT_044_CapSense_Proximity.a(PWM_Green.o)
 .ARM.attributes
                0x0000015a       0x31 .\CortexM0\ARM_GCC_493\Debug\CY8CKIT_044_CapSense_Proximity.a(PWM_Green_PM.o)
 .ARM.attributes
                0x0000018b       0x31 .\CortexM0\ARM_GCC_493\Debug\CY8CKIT_044_CapSense_Proximity.a(CapSense.o)
 .ARM.attributes
                0x000001bc       0x31 .\CortexM0\ARM_GCC_493\Debug\CY8CKIT_044_CapSense_Proximity.a(CapSense_PM.o)
 .ARM.attributes
                0x000001ed       0x31 .\CortexM0\ARM_GCC_493\Debug\CY8CKIT_044_CapSense_Proximity.a(CapSense_CSHL.o)
 .ARM.attributes
                0x0000021e       0x31 .\CortexM0\ARM_GCC_493\Debug\CY8CKIT_044_CapSense_Proximity.a(CapSense_INT.o)
 .ARM.attributes
                0x0000024f       0x31 .\CortexM0\ARM_GCC_493\Debug\CY8CKIT_044_CapSense_Proximity.a(Pin_GreenLED.o)
 .ARM.attributes
                0x00000280       0x31 .\CortexM0\ARM_GCC_493\Debug\CY8CKIT_044_CapSense_Proximity.a(CapSense_SampleClk.o)
 .ARM.attributes
                0x000002b1       0x31 .\CortexM0\ARM_GCC_493\Debug\CY8CKIT_044_CapSense_Proximity.a(CapSense_SenseClk.o)
 .ARM.attributes
                0x000002e2       0x21 .\CortexM0\ARM_GCC_493\Debug\CY8CKIT_044_CapSense_Proximity.a(CyBootAsmGnu.o)
 .ARM.attributes
                0x00000303       0x31 .\CortexM0\ARM_GCC_493\Debug\CY8CKIT_044_CapSense_Proximity.a(CyLib.o)
 .ARM.attributes
                0x00000334       0x31 .\CortexM0\ARM_GCC_493\Debug\CY8CKIT_044_CapSense_Proximity.a(cyPm.o)
 .ARM.attributes
                0x00000365       0x31 .\CortexM0\ARM_GCC_493\Debug\CY8CKIT_044_CapSense_Proximity.a(CyLFClk.o)
 .ARM.attributes
                0x00000396       0x31 .\CortexM0\ARM_GCC_493\Debug\CY8CKIT_044_CapSense_Proximity.a(Pin_EBottom.o)
 .ARM.attributes
                0x000003c7       0x31 .\CortexM0\ARM_GCC_493\Debug\CY8CKIT_044_CapSense_Proximity.a(Pin_EMiddle.o)
 .ARM.attributes
                0x000003f8       0x31 .\CortexM0\ARM_GCC_493\Debug\CY8CKIT_044_CapSense_Proximity.a(Pin_ETop.o)
 .ARM.attributes
                0x00000429       0x31 .\CortexM0\ARM_GCC_493\Debug\CY8CKIT_044_CapSense_Proximity.a(Pin_Vibe.o)
 .ARM.attributes
                0x0000045a       0x31 .\CortexM0\ARM_GCC_493\Debug\CY8CKIT_044_CapSense_Proximity.a(CyFlash.o)
 .ARM.attributes
                0x0000048b       0x1e c:/program files (x86)/cypress/psoc creator/3.3/psoc creator/import/gnu/arm/4.9.3/bin/../lib/gcc/arm-none-eabi/4.9.3/armv6-m\libgcc.a(_udivsi3.o)
 .ARM.attributes
                0x000004a9       0x1e c:/program files (x86)/cypress/psoc creator/3.3/psoc creator/import/gnu/arm/4.9.3/bin/../lib/gcc/arm-none-eabi/4.9.3/armv6-m\libgcc.a(_dvmd_tls.o)
 .ARM.attributes
                0x000004c7       0x2c c:/program files (x86)/cypress/psoc creator/3.3/psoc creator/import/gnu/arm/4.9.3/bin/../lib/gcc/arm-none-eabi/4.9.3/../../../../arm-none-eabi/lib/armv6-m\libg_nano.a(lib_a-errno.o)
 .ARM.attributes
                0x000004f3       0x2c c:/program files (x86)/cypress/psoc creator/3.3/psoc creator/import/gnu/arm/4.9.3/bin/../lib/gcc/arm-none-eabi/4.9.3/../../../../arm-none-eabi/lib/armv6-m\libg_nano.a(lib_a-exit.o)
 .ARM.attributes
                0x0000051f       0x2c c:/program files (x86)/cypress/psoc creator/3.3/psoc creator/import/gnu/arm/4.9.3/bin/../lib/gcc/arm-none-eabi/4.9.3/../../../../arm-none-eabi/lib/armv6-m\libg_nano.a(lib_a-impure.o)
 .ARM.attributes
                0x0000054b       0x2c c:/program files (x86)/cypress/psoc creator/3.3/psoc creator/import/gnu/arm/4.9.3/bin/../lib/gcc/arm-none-eabi/4.9.3/../../../../arm-none-eabi/lib/armv6-m\libg_nano.a(lib_a-init.o)
 .ARM.attributes
                0x00000577       0x2c c:/program files (x86)/cypress/psoc creator/3.3/psoc creator/import/gnu/arm/4.9.3/bin/../lib/gcc/arm-none-eabi/4.9.3/../../../../arm-none-eabi/lib/armv6-m\libg_nano.a(lib_a-memcpy.o)
 .ARM.attributes
                0x000005a3       0x2c c:/program files (x86)/cypress/psoc creator/3.3/psoc creator/import/gnu/arm/4.9.3/bin/../lib/gcc/arm-none-eabi/4.9.3/../../../../arm-none-eabi/lib/armv6-m\libg_nano.a(lib_a-memset.o)
 .ARM.attributes
                0x000005cf       0x2c c:/program files (x86)/cypress/psoc creator/3.3/psoc creator/import/gnu/arm/4.9.3/bin/../lib/gcc/arm-none-eabi/4.9.3/armv6-m/crtend.o
 .ARM.attributes
                0x000005fb       0x1e c:/program files (x86)/cypress/psoc creator/3.3/psoc creator/import/gnu/arm/4.9.3/bin/../lib/gcc/arm-none-eabi/4.9.3/armv6-m/crtn.o

/DISCARD/
 *(.note.GNU-stack)
OUTPUT(.\CortexM0\ARM_GCC_493\Debug\CY8CKIT_044_CapSense_Proximity.elf elf32-littlearm)
