Archive member included because of file (symbol)

.\CortexM0\ARM_GCC_493\Debug\Sandbox_CrazyEyes.a(cyfitter_cfg.o)
                              .\CortexM0\ARM_GCC_493\Debug\Cm0Start.o (cyfitter_cfg)
.\CortexM0\ARM_GCC_493\Debug\Sandbox_CrazyEyes.a(PWM_Green.o)
                              .\CortexM0\ARM_GCC_493\Debug\main.o (PWM_Green_WriteCompare)
.\CortexM0\ARM_GCC_493\Debug\Sandbox_CrazyEyes.a(PWM_Green_PM.o)
                              .\CortexM0\ARM_GCC_493\Debug\main.o (PWM_Green_Sleep)
.\CortexM0\ARM_GCC_493\Debug\Sandbox_CrazyEyes.a(CapSense.o)
                              .\CortexM0\ARM_GCC_493\Debug\main.o (CapSense_IsBusy)
.\CortexM0\ARM_GCC_493\Debug\Sandbox_CrazyEyes.a(CapSense_PM.o)
                              .\CortexM0\ARM_GCC_493\Debug\main.o (CapSense_Sleep)
.\CortexM0\ARM_GCC_493\Debug\Sandbox_CrazyEyes.a(CapSense_CSHL.o)
                              .\CortexM0\ARM_GCC_493\Debug\main.o (CapSense_InitializeSensorBaseline)
.\CortexM0\ARM_GCC_493\Debug\Sandbox_CrazyEyes.a(CapSense_INT.o)
                              .\CortexM0\ARM_GCC_493\Debug\Sandbox_CrazyEyes.a(CapSense.o) (CapSense_ISR)
.\CortexM0\ARM_GCC_493\Debug\Sandbox_CrazyEyes.a(Pin_GreenLED.o)
                              .\CortexM0\ARM_GCC_493\Debug\main.o (Pin_GreenLED_SetDriveMode)
.\CortexM0\ARM_GCC_493\Debug\Sandbox_CrazyEyes.a(CapSense_SampleClk.o)
                              .\CortexM0\ARM_GCC_493\Debug\Sandbox_CrazyEyes.a(CapSense.o) (CapSense_SampleClk_StartEx)
.\CortexM0\ARM_GCC_493\Debug\Sandbox_CrazyEyes.a(CapSense_SenseClk.o)
                              .\CortexM0\ARM_GCC_493\Debug\Sandbox_CrazyEyes.a(CapSense.o) (CapSense_SenseClk_StartEx)
.\CortexM0\ARM_GCC_493\Debug\Sandbox_CrazyEyes.a(CyBootAsmGnu.o)
                              .\CortexM0\ARM_GCC_493\Debug\Sandbox_CrazyEyes.a(CapSense.o) (CyDelayCycles)
.\CortexM0\ARM_GCC_493\Debug\Sandbox_CrazyEyes.a(CyLib.o)
                              .\CortexM0\ARM_GCC_493\Debug\Sandbox_CrazyEyes.a(cyfitter_cfg.o) (CyIntEnable)
.\CortexM0\ARM_GCC_493\Debug\Sandbox_CrazyEyes.a(cyPm.o)
                              .\CortexM0\ARM_GCC_493\Debug\main.o (CySysPmSleep)
.\CortexM0\ARM_GCC_493\Debug\Sandbox_CrazyEyes.a(CyLFClk.o)
                              .\CortexM0\ARM_GCC_493\Debug\Sandbox_CrazyEyes.a(CyLib.o) (CySysClkWcoEnabled)
.\CortexM0\ARM_GCC_493\Debug\Sandbox_CrazyEyes.a(Pin_EBottom.o)
                              .\CortexM0\ARM_GCC_493\Debug\main.o (Pin_EBottom_Write)
.\CortexM0\ARM_GCC_493\Debug\Sandbox_CrazyEyes.a(Pin_EMiddle.o)
                              .\CortexM0\ARM_GCC_493\Debug\main.o (Pin_EMiddle_Write)
.\CortexM0\ARM_GCC_493\Debug\Sandbox_CrazyEyes.a(Pin_ETop.o)
                              .\CortexM0\ARM_GCC_493\Debug\main.o (Pin_ETop_Write)
.\CortexM0\ARM_GCC_493\Debug\Sandbox_CrazyEyes.a(Pin_Vibe.o)
                              .\CortexM0\ARM_GCC_493\Debug\main.o (Pin_Vibe_Write)
.\CortexM0\ARM_GCC_493\Debug\Sandbox_CrazyEyes.a(I2C.o)
                              .\CortexM0\ARM_GCC_493\Debug\main.o (I2C_Start)
.\CortexM0\ARM_GCC_493\Debug\Sandbox_CrazyEyes.a(I2C_I2C.o)
                              .\CortexM0\ARM_GCC_493\Debug\Sandbox_CrazyEyes.a(I2C.o) (I2C_I2CInit)
.\CortexM0\ARM_GCC_493\Debug\Sandbox_CrazyEyes.a(I2C_I2C_MASTER.o)
                              .\CortexM0\ARM_GCC_493\Debug\accelerometer.o (I2C_I2CMasterSendStart)
.\CortexM0\ARM_GCC_493\Debug\Sandbox_CrazyEyes.a(CyFlash.o)
                              .\CortexM0\ARM_GCC_493\Debug\Sandbox_CrazyEyes.a(CyLib.o) (CySysFlashSetWaitCycles)
.\CortexM0\ARM_GCC_493\Debug\Sandbox_CrazyEyes.a(I2C_I2C_INT.o)
                              .\CortexM0\ARM_GCC_493\Debug\Sandbox_CrazyEyes.a(I2C_I2C.o) (I2C_I2C_ISR)
c:/program files (x86)/cypress/psoc creator/3.3/psoc creator/import/gnu/arm/4.9.3/bin/../lib/gcc/arm-none-eabi/4.9.3/armv6-m\libgcc.a(_udivsi3.o)
                              .\CortexM0\ARM_GCC_493\Debug\main.o (__aeabi_uidiv)
c:/program files (x86)/cypress/psoc creator/3.3/psoc creator/import/gnu/arm/4.9.3/bin/../lib/gcc/arm-none-eabi/4.9.3/armv6-m\libgcc.a(_dvmd_tls.o)
                              c:/program files (x86)/cypress/psoc creator/3.3/psoc creator/import/gnu/arm/4.9.3/bin/../lib/gcc/arm-none-eabi/4.9.3/armv6-m\libgcc.a(_udivsi3.o) (__aeabi_idiv0)
c:/program files (x86)/cypress/psoc creator/3.3/psoc creator/import/gnu/arm/4.9.3/bin/../lib/gcc/arm-none-eabi/4.9.3/../../../../arm-none-eabi/lib/armv6-m\libg_nano.a(lib_a-errno.o)
                              .\CortexM0\ARM_GCC_493\Debug\Cm0Start.o (__errno)
c:/program files (x86)/cypress/psoc creator/3.3/psoc creator/import/gnu/arm/4.9.3/bin/../lib/gcc/arm-none-eabi/4.9.3/../../../../arm-none-eabi/lib/armv6-m\libg_nano.a(lib_a-exit.o)
                              c:/program files (x86)/cypress/psoc creator/3.3/psoc creator/import/gnu/arm/4.9.3/bin/../lib/gcc/arm-none-eabi/4.9.3/../../../../arm-none-eabi/lib/armv6-m/crt0.o (exit)
[...]
Memory Configuration

Name             Origin             Length             Attributes
rom              0x00000000         0x00020000         xr
ram              0x20000000         0x00004000         xrw
*default*        0x00000000         0xffffffff

Linker script and memory map

LOAD c:/program files (x86)/cypress/psoc creator/3.3/psoc creator/import/gnu/arm/4.9.3/bin/../lib/gcc/arm-none-eabi/4.9.3/armv6-m/crti.o
LOAD c:/program files (x86)/cypress/psoc creator/3.3/psoc creator/import/gnu/arm/4.9.3/bin/../lib/gcc/arm-none-eabi/4.9.3/armv6-m/crtbegin.o
LOAD c:/program files (x86)/cypress/psoc creator/3.3/psoc creator/import/gnu/arm/4.9.3/bin/../lib/gcc/arm-none-eabi/4.9.3/../../../../arm-none-eabi/lib/armv6-m/crt0.o
START GROUP
LOAD .\CortexM0\ARM_GCC_493\Debug\main.o
LOAD .\CortexM0\ARM_GCC_493\Debug\accelerometer.o
LOAD .\CortexM0\ARM_GCC_493\Debug\cymetadata.o
LOAD .\CortexM0\ARM_GCC_493\Debug\Cm0Start.o
LOAD .\CortexM0\ARM_GCC_493\Debug\Sandbox_CrazyEyes.a
LOAD C:\Program Files (x86)\Cypress\PSoC Creator\3.3\PSoC Creator\psoc\content\cycomponentlibrary\CyComponentLibrary.cylib\CapSense_CSD_P4_v2_20\PSoC4\Library\CapsenseP4Library_GCC.a
LOAD C:\Program Files (x86)\Cypress\PSoC Creator\3.3\PSoC Creator\psoc\content\cycomponentlibrary\CyComponentLibrary.cylib\CortexM0\ARM_GCC_493\Debug\CyComponentLibrary.a
END GROUP
START GROUP
LOAD c:/program files (x86)/cypress/psoc creator/3.3/psoc creator/import/gnu/arm/4.9.3/bin/../lib/gcc/arm-none-eabi/4.9.3/armv6-m\libgcc.a
LOAD c:/program files (x86)/cypress/psoc creator/3.3/psoc creator/import/gnu/arm/4.9.3/bin/../lib/gcc/arm-none-eabi/4.9.3/../../../../arm-none-eabi/lib/armv6-m\libg_nano.a
LOAD c:/program files (x86)/cypress/psoc creator/3.3/psoc creator/import/gnu/arm/4.9.3/bin/../lib/gcc/arm-none-eabi/4.9.3/../../../../arm-none-eabi/lib/armv6-m\libc_nano.a
END GROUP
START GROUP
LOAD c:/program files (x86)/cypress/psoc creator/3.3/psoc creator/import/gnu/arm/4.9.3/bin/../lib/gcc/arm-none-eabi/4.9.3/armv6-m\libgcc.a
LOAD c:/program files (x86)/cypress/psoc creator/3.3/psoc creator/import/gnu/arm/4.9.3/bin/../lib/gcc/arm-none-eabi/4.9.3/../../../../arm-none-eabi/lib/armv6-m\libc_nano.a
END GROUP
LOAD c:/program files (x86)/cypress/psoc creator/3.3/psoc creator/import/gnu/arm/4.9.3/bin/../lib/gcc/arm-none-eabi/4.9.3/armv6-m/crtend.o
LOAD c:/program files (x86)/cypress/psoc creator/3.3/psoc creator/import/gnu/arm/4.9.3/bin/../lib/gcc/arm-none-eabi/4.9.3/armv6-m/crtn.o
START GROUP
LOAD c:/program files (x86)/cypress/psoc creator/3.3/psoc creator/import/gnu/arm/4.9.3/bin/../lib/gcc/arm-none-eabi/4.9.3/armv6-m\libgcc.a
LOAD c:/program files (x86)/cypress/psoc creator/3.3/psoc creator/import/gnu/arm/4.9.3/bin/../lib/gcc/arm-none-eabi/4.9.3/../../../../arm-none-eabi/lib/armv6-m\libc.a
LOAD c:/program files (x86)/cypress/psoc creator/3.3/psoc creator/import/gnu/arm/4.9.3/bin/../lib/gcc/arm-none-eabi/4.9.3/../../../../arm-none-eabi/lib/armv6-m\libnosys.a
END GROUP
                0x00000000                CY_APPL_ORIGIN = 0x0
                0x00000080                CY_FLASH_ROW_SIZE = 0x80
                0x00000001                CY_APPL_NUM = 0x1
                0x00000040                CY_METADATA_SIZE = 0x40
                0x200001c8                PROVIDE (__cy_heap_start, _end)
                0x00000001                PROVIDE (__cy_region_num, ((__cy_regions_end - __cy_regions) / 0x10))
                0x20004000                PROVIDE (__cy_stack, (ORIGIN (ram) + 0x4000))
                0x20003800                PROVIDE (__cy_heap_end, (__cy_stack - 0x800))

.cybootloader   0x00000000        0x0
 *(.cybootloader)
                0x00000000                appl1_start = CY_APPL_ORIGIN?CY_APPL_ORIGIN:ALIGN (CY_FLASH_ROW_SIZE)
                0x0000ff80                appl2_start = (appl1_start + ALIGN ((((0x20000 - appl1_start) - (0x2 * CY_FLASH_ROW_SIZE)) / 0x2), CY_FLASH_ROW_SIZE))
                0x00000000                appl_start = (CY_APPL_NUM == 0x1)?appl1_start:appl2_start

.text           0x00000000     0x2174
 CREATE_OBJECT_SYMBOLS
                0x00000000                PROVIDE (__cy_interrupt_vector, RomVectors)
 *(.romvectors)
 .romvectors    0x00000000       0x10 .\CortexM0\ARM_GCC_493\Debug\Cm0Start.o
                0x00000000                RomVectors
                0x00000001                ASSERT ((. != __cy_interrupt_vector), No interrupt vector)
                0x00000001                ASSERT (CY_APPL_ORIGIN?(SIZEOF (.cybootloader) <= CY_APPL_ORIGIN):0x1, Wrong image location)
                0x00000010                PROVIDE (__cy_reset, Reset)
 *(.text.Reset)
 .text.Reset    0x00000010        0x8 .\CortexM0\ARM_GCC_493\Debug\Cm0Start.o
                0x00000010                Reset
                0x00000001                ASSERT ((. != __cy_reset), No reset code)
 *(.psocinit)
 .psocinit      0x00000018      0x200 .\CortexM0\ARM_GCC_493\Debug\Sandbox_CrazyEyes.a(cyfitter_cfg.o)
                0x00000110                cyfitter_cfg
                0x00000218                . = MAX (., 0x100)
 *(.text .text.* .gnu.linkonce.t.*)
 .text          0x00000218       0x60 c:/program files (x86)/cypress/psoc creator/3.3/psoc creator/import/gnu/arm/4.9.3/bin/../lib/gcc/arm-none-eabi/4.9.3/armv6-m/crtbegin.o
 .text.EnterDeepSleepLowPowerMode
                0x00000278       0x24 .\CortexM0\ARM_GCC_493\Debug\main.o
                0x00000278                EnterDeepSleepLowPowerMode
 .text.Neutral  0x0000029c       0x1c .\CortexM0\ARM_GCC_493\Debug\main.o
                0x0000029c                Neutral
 .text.Happy    0x000002b8       0x1c .\CortexM0\ARM_GCC_493\Debug\main.o
                0x000002b8                Happy
 .text.LED_SetBrightness
                0x000002d4       0x50 .\CortexM0\ARM_GCC_493\Debug\main.o
                0x000002d4                LED_SetBrightness
 .text.Alarm    0x00000324       0x24 .\CortexM0\ARM_GCC_493\Debug\main.o
                0x00000324                Alarm
 .text.Initialize_Project
                0x00000348       0x10 .\CortexM0\ARM_GCC_493\Debug\main.o
                0x00000348                Initialize_Project
 .text.UpdateLEDColor
                0x00000358       0x50 .\CortexM0\ARM_GCC_493\Debug\main.o
                0x00000358                UpdateLEDColor
 .text.main     0x000003a8       0xe4 .\CortexM0\ARM_GCC_493\Debug\main.o
                0x000003a8                main
 .text.Accelerometer_RegWrite
                0x0000048c       0x28 .\CortexM0\ARM_GCC_493\Debug\accelerometer.o
 .text.Accelerometer_RegRead
                0x000004b4       0x34 .\CortexM0\ARM_GCC_493\Debug\accelerometer.o
                0x000004b4                Accelerometer_RegRead
 .text.Accelerometer_SelfTest
                0x000004e8       0x9c .\CortexM0\ARM_GCC_493\Debug\accelerometer.o
                0x000004e8                Accelerometer_SelfTest
 .text.InitializeAccelerometer
                0x00000584      0x198 .\CortexM0\ARM_GCC_493\Debug\accelerometer.o
                0x00000584                InitializeAccelerometer
 .text.ReadAccelerometer
                0x0000071c       0xcc .\CortexM0\ARM_GCC_493\Debug\accelerometer.o
                0x0000071c                ReadAccelerometer
 .text.IntDefaultHandler
                0x000007e8        0x4 .\CortexM0\ARM_GCC_493\Debug\Cm0Start.o
                0x000007e8                IntDefaultHandler
 .text.Start_c  0x000007ec       0x48 .\CortexM0\ARM_GCC_493\Debug\Cm0Start.o
                0x000007ec                Start_c
 .text.initialize_psoc
                0x00000834       0x54 .\CortexM0\ARM_GCC_493\Debug\Cm0Start.o
                0x00000834                initialize_psoc
 .text.cfg_write_bytes32
                0x00000888       0x34 .\CortexM0\ARM_GCC_493\Debug\Sandbox_CrazyEyes.a(cyfitter_cfg.o)
 .text.CYMEMZERO
                0x000008bc        0xc .\CortexM0\ARM_GCC_493\Debug\Sandbox_CrazyEyes.a(cyfitter_cfg.o)
 .text.SetAnalogRoutingPumps
                0x000008c8       0x40 .\CortexM0\ARM_GCC_493\Debug\Sandbox_CrazyEyes.a(cyfitter_cfg.o)
                0x000008c8                SetAnalogRoutingPumps
 .text.AnalogSetDefault
                0x00000908       0x28 .\CortexM0\ARM_GCC_493\Debug\Sandbox_CrazyEyes.a(cyfitter_cfg.o)
 .text.PWM_Green_Stop
                0x00000930       0x1c .\CortexM0\ARM_GCC_493\Debug\Sandbox_CrazyEyes.a(PWM_Green.o)
                0x00000930                PWM_Green_Stop
 .text.PWM_Green_WriteCounter
                0x0000094c       0x10 .\CortexM0\ARM_GCC_493\Debug\Sandbox_CrazyEyes.a(PWM_Green.o)
                0x0000094c                PWM_Green_WriteCounter
 .text.PWM_Green_WritePeriod
                0x0000095c       0x10 .\CortexM0\ARM_GCC_493\Debug\Sandbox_CrazyEyes.a(PWM_Green.o)
                0x0000095c                PWM_Green_WritePeriod
 .text.PWM_Green_WriteCompare
                0x0000096c       0x10 .\CortexM0\ARM_GCC_493\Debug\Sandbox_CrazyEyes.a(PWM_Green.o)
                0x0000096c                PWM_Green_WriteCompare
 .text.PWM_Green_TriggerCommand
                0x0000097c       0x1c .\CortexM0\ARM_GCC_493\Debug\Sandbox_CrazyEyes.a(PWM_Green.o)
                0x0000097c                PWM_Green_TriggerCommand
 .text.PWM_Green_Enable
                0x00000998       0x24 .\CortexM0\ARM_GCC_493\Debug\Sandbox_CrazyEyes.a(PWM_Green.o)
                0x00000998                PWM_Green_Enable
 .text.PWM_Green_SetInterruptMode
                0x000009bc        0xc .\CortexM0\ARM_GCC_493\Debug\Sandbox_CrazyEyes.a(PWM_Green.o)
                0x000009bc                PWM_Green_SetInterruptMode
 .text.PWM_Green_Init
                0x000009c8       0x48 .\CortexM0\ARM_GCC_493\Debug\Sandbox_CrazyEyes.a(PWM_Green.o)
                0x000009c8                PWM_Green_Init
 .text.PWM_Green_Start
                0x00000a10       0x20 .\CortexM0\ARM_GCC_493\Debug\Sandbox_CrazyEyes.a(PWM_Green.o)
                0x00000a10                PWM_Green_Start
 .text.PWM_Green_Sleep
                0x00000a30       0x28 .\CortexM0\ARM_GCC_493\Debug\Sandbox_CrazyEyes.a(PWM_Green_PM.o)
                0x00000a30                PWM_Green_Sleep
 .text.PWM_Green_Wakeup
                0x00000a58       0x14 .\CortexM0\ARM_GCC_493\Debug\Sandbox_CrazyEyes.a(PWM_Green_PM.o)
                0x00000a58                PWM_Green_Wakeup
 .text.CapSense_CsdHwBlockInit
                0x00000a6c       0x88 .\CortexM0\ARM_GCC_493\Debug\Sandbox_CrazyEyes.a(CapSense.o)
                0x00000a6c                CapSense_CsdHwBlockInit
 .text.CapSense_Enable
                0x00000af4       0x40 .\CortexM0\ARM_GCC_493\Debug\Sandbox_CrazyEyes.a(CapSense.o)
                0x00000af4                CapSense_Enable
 .text.CapSense_IsBusy
                0x00000b34       0x10 .\CortexM0\ARM_GCC_493\Debug\Sandbox_CrazyEyes.a(CapSense.o)
                0x00000b34                CapSense_IsBusy
 .text.CapSense_ReadSensorRaw
                0x00000b44       0x10 .\CortexM0\ARM_GCC_493\Debug\Sandbox_CrazyEyes.a(CapSense.o)
                0x00000b44                CapSense_ReadSensorRaw
 .text.CapSense_EnableSensor
                0x00000b54       0x34 .\CortexM0\ARM_GCC_493\Debug\Sandbox_CrazyEyes.a(CapSense.o)
                0x00000b54                CapSense_EnableSensor
 .text.CapSense_DisableSensor
                0x00000b88       0x58 .\CortexM0\ARM_GCC_493\Debug\Sandbox_CrazyEyes.a(CapSense.o)
                0x00000b88                CapSense_DisableSensor
 .text.CapSense_ClearSensors
                0x00000be0       0x14 .\CortexM0\ARM_GCC_493\Debug\Sandbox_CrazyEyes.a(CapSense.o)
                0x00000be0                CapSense_ClearSensors
 .text.CapSense_PreScan
                0x00000bf4       0xb4 .\CortexM0\ARM_GCC_493\Debug\Sandbox_CrazyEyes.a(CapSense.o)
                0x00000bf4                CapSense_PreScan
 .text.CapSense_ScanSensor
                0x00000ca8       0x1c .\CortexM0\ARM_GCC_493\Debug\Sandbox_CrazyEyes.a(CapSense.o)
                0x00000ca8                CapSense_ScanSensor
 .text.CapSense_PostScan
                0x00000cc4       0x54 .\CortexM0\ARM_GCC_493\Debug\Sandbox_CrazyEyes.a(CapSense.o)
                0x00000cc4                CapSense_PostScan
 .text.CapSense_SetShieldDelay
                0x00000d18       0x14 .\CortexM0\ARM_GCC_493\Debug\Sandbox_CrazyEyes.a(CapSense.o)
                0x00000d18                CapSense_SetShieldDelay
 .text.CapSense_Init
                0x00000d2c       0x28 .\CortexM0\ARM_GCC_493\Debug\Sandbox_CrazyEyes.a(CapSense.o)
                0x00000d2c                CapSense_Init
 .text.CapSense_GetBitValue
                0x00000d54       0x1c .\CortexM0\ARM_GCC_493\Debug\Sandbox_CrazyEyes.a(CapSense.o)
                0x00000d54                CapSense_GetBitValue
 .text.CapSense_FindNextSensor
                0x00000d70       0x24 .\CortexM0\ARM_GCC_493\Debug\Sandbox_CrazyEyes.a(CapSense.o)
                0x00000d70                CapSense_FindNextSensor
 .text.CapSense_SetBitValue
                0x00000d94       0x28 .\CortexM0\ARM_GCC_493\Debug\Sandbox_CrazyEyes.a(CapSense.o)
                0x00000d94                CapSense_SetBitValue
 .text.CapSense_GetSensorRaw
                0x00000dbc       0x2c .\CortexM0\ARM_GCC_493\Debug\Sandbox_CrazyEyes.a(CapSense.o)
                0x00000dbc                CapSense_GetSensorRaw
 .text.CapSense_CalibrateSensor
                0x00000de8       0x2c .\CortexM0\ARM_GCC_493\Debug\Sandbox_CrazyEyes.a(CapSense.o)
                0x00000de8                CapSense_CalibrateSensor
 .text.CapSense_Start
                0x00000e14       0x94 .\CortexM0\ARM_GCC_493\Debug\Sandbox_CrazyEyes.a(CapSense.o)
                0x00000e14                CapSense_Start
 .text.CapSense_SaveConfig
                0x00000ea8       0x18 .\CortexM0\ARM_GCC_493\Debug\Sandbox_CrazyEyes.a(CapSense_PM.o)
                0x00000ea8                CapSense_SaveConfig
 .text.CapSense_Sleep
                0x00000ec0       0x30 .\CortexM0\ARM_GCC_493\Debug\Sandbox_CrazyEyes.a(CapSense_PM.o)
                0x00000ec0                CapSense_Sleep
 .text.CapSense_Wakeup
                0x00000ef0       0x20 .\CortexM0\ARM_GCC_493\Debug\Sandbox_CrazyEyes.a(CapSense_PM.o)
                0x00000ef0                CapSense_Wakeup
 .text.CapSense_BaseInit
                0x00000f10       0x34 .\CortexM0\ARM_GCC_493\Debug\Sandbox_CrazyEyes.a(CapSense_CSHL.o)
                0x00000f10                CapSense_BaseInit
 .text.CapSense_InitializeSensorBaseline
                0x00000f44       0x18 .\CortexM0\ARM_GCC_493\Debug\Sandbox_CrazyEyes.a(CapSense_CSHL.o)
                0x00000f44                CapSense_InitializeSensorBaseline
 .text.CapSense_UpdateBaselineNoThreshold
                0x00000f5c       0xe4 .\CortexM0\ARM_GCC_493\Debug\Sandbox_CrazyEyes.a(CapSense_CSHL.o)
                0x00000f5c                CapSense_UpdateBaselineNoThreshold
 .text.CapSense_UpdateSensorBaseline
                0x00001040        0x8 .\CortexM0\ARM_GCC_493\Debug\Sandbox_CrazyEyes.a(CapSense_CSHL.o)
                0x00001040                CapSense_UpdateSensorBaseline
 .text.CapSense_CheckIsSensorActive
                0x00001048       0xa0 .\CortexM0\ARM_GCC_493\Debug\Sandbox_CrazyEyes.a(CapSense_CSHL.o)
                0x00001048                CapSense_CheckIsSensorActive
 .text.CapSense_ISR
                0x000010e8       0x9c .\CortexM0\ARM_GCC_493\Debug\Sandbox_CrazyEyes.a(CapSense_INT.o)
                0x000010e8                CapSense_ISR
 .text.Pin_GreenLED_SetDriveMode
                0x00001184       0x18 .\CortexM0\ARM_GCC_493\Debug\Sandbox_CrazyEyes.a(Pin_GreenLED.o)
                0x00001184                Pin_GreenLED_SetDriveMode
 .text.CapSense_SampleClk_StartEx
                0x0000119c       0x1c .\CortexM0\ARM_GCC_493\Debug\Sandbox_CrazyEyes.a(CapSense_SampleClk.o)
                0x0000119c                CapSense_SampleClk_StartEx
 .text.CapSense_SampleClk_Stop
                0x000011b8       0x18 .\CortexM0\ARM_GCC_493\Debug\Sandbox_CrazyEyes.a(CapSense_SampleClk.o)
                0x000011b8                CapSense_SampleClk_Stop
 .text.CapSense_SampleClk_SetFractionalDividerRegister
                0x000011d0       0x20 .\CortexM0\ARM_GCC_493\Debug\Sandbox_CrazyEyes.a(CapSense_SampleClk.o)
                0x000011d0                CapSense_SampleClk_SetFractionalDividerRegister
 .text.CapSense_SenseClk_StartEx
                0x000011f0       0x1c .\CortexM0\ARM_GCC_493\Debug\Sandbox_CrazyEyes.a(CapSense_SenseClk.o)
                0x000011f0                CapSense_SenseClk_StartEx
 .text.CapSense_SenseClk_Stop
                0x0000120c       0x18 .\CortexM0\ARM_GCC_493\Debug\Sandbox_CrazyEyes.a(CapSense_SenseClk.o)
                0x0000120c                CapSense_SenseClk_Stop
 .text.CapSense_SenseClk_SetFractionalDividerRegister
                0x00001224       0x20 .\CortexM0\ARM_GCC_493\Debug\Sandbox_CrazyEyes.a(CapSense_SenseClk.o)
                0x00001224                CapSense_SenseClk_SetFractionalDividerRegister
 *fill*         0x00001244        0x4 
 .text          0x00001248       0x20 .\CortexM0\ARM_GCC_493\Debug\Sandbox_CrazyEyes.a(CyBootAsmGnu.o)
                0x00001248                CyDelayCycles
                0x0000125a                CyEnterCriticalSection
                0x00001262                CyExitCriticalSection
 .text.CySysClkImoGetWcoLock
                0x00001268       0x14 .\CortexM0\ARM_GCC_493\Debug\Sandbox_CrazyEyes.a(CyLib.o)
 .text.CySysClkImoDisableWcoLock
                0x0000127c       0x14 .\CortexM0\ARM_GCC_493\Debug\Sandbox_CrazyEyes.a(CyLib.o)
                0x0000127c                CySysClkImoDisableWcoLock
 .text.CySysClkWriteSysclkDiv
                0x00001290       0x28 .\CortexM0\ARM_GCC_493\Debug\Sandbox_CrazyEyes.a(CyLib.o)
                0x00001290                CySysClkWriteSysclkDiv
 .text.CyIntEnable
                0x000012b8       0x14 .\CortexM0\ARM_GCC_493\Debug\Sandbox_CrazyEyes.a(CyLib.o)
                0x000012b8                CyIntEnable
 .text.CyIntDisable
                0x000012cc       0x14 .\CortexM0\ARM_GCC_493\Debug\Sandbox_CrazyEyes.a(CyLib.o)
                0x000012cc                CyIntDisable
 .text.CyHalt   0x000012e0        0x4 .\CortexM0\ARM_GCC_493\Debug\Sandbox_CrazyEyes.a(CyLib.o)
                0x000012e0                CyHalt
 .text.CyIntSetVector
                0x000012e4       0x24 .\CortexM0\ARM_GCC_493\Debug\Sandbox_CrazyEyes.a(CyLib.o)
                0x000012e4                CyIntSetVector
 .text.CyIntSetPriority
                0x00001308       0x4c .\CortexM0\ARM_GCC_493\Debug\Sandbox_CrazyEyes.a(CyLib.o)
                0x00001308                CyIntSetPriority
 .text.CyDelay  0x00001354       0x30 .\CortexM0\ARM_GCC_493\Debug\Sandbox_CrazyEyes.a(CyLib.o)
                0x00001354                CyDelay
 .text.CySysClkImoEnableWcoLock
                0x00001384       0xbc .\CortexM0\ARM_GCC_493\Debug\Sandbox_CrazyEyes.a(CyLib.o)
                0x00001384                CySysClkImoEnableWcoLock
 .text.CySysClkWriteImoFreq
                0x00001440       0x80 .\CortexM0\ARM_GCC_493\Debug\Sandbox_CrazyEyes.a(CyLib.o)
                0x00001440                CySysClkWriteImoFreq
 .text.CyDelayUs
                0x000014c0       0x14 .\CortexM0\ARM_GCC_493\Debug\Sandbox_CrazyEyes.a(CyLib.o)
                0x000014c0                CyDelayUs
 .text.CySysPmSleep
                0x000014d4       0x1c .\CortexM0\ARM_GCC_493\Debug\Sandbox_CrazyEyes.a(cyPm.o)
                0x000014d4                CySysPmSleep
 .text.CySysPmDeepSleep
                0x000014f0       0x58 .\CortexM0\ARM_GCC_493\Debug\Sandbox_CrazyEyes.a(cyPm.o)
                0x000014f0                CySysPmDeepSleep
 .text.CySysWdtLocked
                0x00001548       0x14 .\CortexM0\ARM_GCC_493\Debug\Sandbox_CrazyEyes.a(CyLFClk.o)
 .text.CySysClkWcoEnabled
                0x0000155c       0x14 .\CortexM0\ARM_GCC_493\Debug\Sandbox_CrazyEyes.a(CyLFClk.o)
                0x0000155c                CySysClkWcoEnabled
 .text.CySysWdtLock
                0x00001570       0x1c .\CortexM0\ARM_GCC_493\Debug\Sandbox_CrazyEyes.a(CyLFClk.o)
                0x00001570                CySysWdtLock
 .text.CySysWdtUnlock
                0x0000158c       0x30 .\CortexM0\ARM_GCC_493\Debug\Sandbox_CrazyEyes.a(CyLFClk.o)
                0x0000158c                CySysWdtUnlock
 .text.CySysWdtSetMatch
                0x000015bc       0x58 .\CortexM0\ARM_GCC_493\Debug\Sandbox_CrazyEyes.a(CyLFClk.o)
                0x000015bc                CySysWdtSetMatch
 .text.CySysWdtGetCount
                0x00001614       0x3c .\CortexM0\ARM_GCC_493\Debug\Sandbox_CrazyEyes.a(CyLFClk.o)
                0x00001614                CySysWdtGetCount
 .text.CySysWdtClearInterrupt
                0x00001650       0x4c .\CortexM0\ARM_GCC_493\Debug\Sandbox_CrazyEyes.a(CyLFClk.o)
                0x00001650                CySysWdtClearInterrupt
 .text.CySysWdtResetCounters
                0x0000169c       0x20 .\CortexM0\ARM_GCC_493\Debug\Sandbox_CrazyEyes.a(CyLFClk.o)
                0x0000169c                CySysWdtResetCounters
 .text.CySysWdtIsr
                0x000016bc       0xa4 .\CortexM0\ARM_GCC_493\Debug\Sandbox_CrazyEyes.a(CyLFClk.o)
                0x000016bc                CySysWdtIsr
 .text.Pin_EBottom_Write
                0x00001760       0x18 .\CortexM0\ARM_GCC_493\Debug\Sandbox_CrazyEyes.a(Pin_EBottom.o)
                0x00001760                Pin_EBottom_Write
 .text.Pin_EMiddle_Write
                0x00001778       0x18 .\CortexM0\ARM_GCC_493\Debug\Sandbox_CrazyEyes.a(Pin_EMiddle.o)
                0x00001778                Pin_EMiddle_Write
 .text.Pin_ETop_Write
                0x00001790       0x18 .\CortexM0\ARM_GCC_493\Debug\Sandbox_CrazyEyes.a(Pin_ETop.o)
                0x00001790                Pin_ETop_Write
 .text.Pin_Vibe_Write
                0x000017a8       0x18 .\CortexM0\ARM_GCC_493\Debug\Sandbox_CrazyEyes.a(Pin_Vibe.o)
                0x000017a8                Pin_Vibe_Write
 .text.I2C_ScbEnableIntr
                0x000017c0        0xc .\CortexM0\ARM_GCC_493\Debug\Sandbox_CrazyEyes.a(I2C.o)
 .text.I2C_Init
                0x000017cc        0x8 .\CortexM0\ARM_GCC_493\Debug\Sandbox_CrazyEyes.a(I2C.o)
                0x000017cc                I2C_Init
 .text.I2C_Enable
                0x000017d4       0x18 .\CortexM0\ARM_GCC_493\Debug\Sandbox_CrazyEyes.a(I2C.o)
                0x000017d4                I2C_Enable
 .text.I2C_Start
                0x000017ec       0x20 .\CortexM0\ARM_GCC_493\Debug\Sandbox_CrazyEyes.a(I2C.o)
                0x000017ec                I2C_Start
 .text.I2C_I2CInit
                0x0000180c       0xbc .\CortexM0\ARM_GCC_493\Debug\Sandbox_CrazyEyes.a(I2C_I2C.o)
                0x0000180c                I2C_I2CInit
 .text.I2C_I2CMasterSendStart
                0x000018c8       0xd8 .\CortexM0\ARM_GCC_493\Debug\Sandbox_CrazyEyes.a(I2C_I2C_MASTER.o)
                0x000018c8                I2C_I2CMasterSendStart
 .text.I2C_I2CMasterSendStop
                0x000019a0       0x8c .\CortexM0\ARM_GCC_493\Debug\Sandbox_CrazyEyes.a(I2C_I2C_MASTER.o)
                0x000019a0                I2C_I2CMasterSendStop
 .text.I2C_I2CMasterWriteByte
                0x00001a2c       0x98 .\CortexM0\ARM_GCC_493\Debug\Sandbox_CrazyEyes.a(I2C_I2C_MASTER.o)
                0x00001a2c                I2C_I2CMasterWriteByte
 .text.I2C_I2CMasterReadByte
                0x00001ac4       0x84 .\CortexM0\ARM_GCC_493\Debug\Sandbox_CrazyEyes.a(I2C_I2C_MASTER.o)
                0x00001ac4                I2C_I2CMasterReadByte
 .text.I2C_I2CReStartGeneration
                0x00001b48       0x20 .\CortexM0\ARM_GCC_493\Debug\Sandbox_CrazyEyes.a(I2C_I2C_MASTER.o)
                0x00001b48                I2C_I2CReStartGeneration
 .text.I2C_I2CMasterSendRestart
                0x00001b68       0xc4 .\CortexM0\ARM_GCC_493\Debug\Sandbox_CrazyEyes.a(I2C_I2C_MASTER.o)
                0x00001b68                I2C_I2CMasterSendRestart
 .text.CySysFlashSetWaitCycles
                0x00001c2c       0x54 .\CortexM0\ARM_GCC_493\Debug\Sandbox_CrazyEyes.a(CyFlash.o)
                0x00001c2c                CySysFlashSetWaitCycles
 .text.I2C_I2C_ISR
                0x00001c80      0x374 .\CortexM0\ARM_GCC_493\Debug\Sandbox_CrazyEyes.a(I2C_I2C_INT.o)
                0x00001c80                I2C_I2C_ISR
 .text          0x00001ff4      0x120 c:/program files (x86)/cypress/psoc creator/3.3/psoc creator/import/gnu/arm/4.9.3/bin/../lib/gcc/arm-none-eabi/4.9.3/armv6-m\libgcc.a(_udivsi3.o)
                0x00001ff4                __aeabi_uidiv
                0x00001ff4                __udivsi3
                0x00002100                __aeabi_uidivmod
 .text          0x00002114        0x4 c:/program files (x86)/cypress/psoc creator/3.3/psoc creator/import/gnu/arm/4.9.3/bin/../lib/gcc/arm-none-eabi/4.9.3/armv6-m\libgcc.a(_dvmd_tls.o)
                0x00002114                __aeabi_idiv0
                0x00002114                __aeabi_ldiv0
 .text.__libc_init_array
                0x00002118       0x4c c:/program files (x86)/cypress/psoc creator/3.3/psoc creator/import/gnu/arm/4.9.3/bin/../lib/gcc/arm-none-eabi/4.9.3/../../../../arm-none-eabi/lib/armv6-m\libg_nano.a(lib_a-init.o)
                0x00002118                __libc_init_array
 .text.memset   0x00002164       0x10 c:/program files (x86)/cypress/psoc creator/3.3/psoc creator/import/gnu/arm/4.9.3/bin/../lib/gcc/arm-none-eabi/4.9.3/../../../../arm-none-eabi/lib/armv6-m\libg_nano.a(lib_a-memset.o)
                0x00002164                memset
 *(.plt)
 *(.gnu.warning)
 *(.glue_7t)
 .glue_7t       0x00000000        0x0 linker stubs
 *(.glue_7)
 .glue_7        0x00000000        0x0 linker stubs
 *(.vfp11_veneer)
 .vfp11_veneer  0x00000000        0x0 linker stubs
 *(.bootloader)
 *(.ARM.extab* .gnu.linkonce.armextab.*)
 *(.gcc_except_table)

.v4_bx          0x00002174        0x0
 .v4_bx         0x00000000        0x0 linker stubs

.iplt           0x00002174        0x0
 .iplt          0x00000000        0x0 c:/program files (x86)/cypress/psoc creator/3.3/psoc creator/import/gnu/arm/4.9.3/bin/../lib/gcc/arm-none-eabi/4.9.3/armv6-m/crtbegin.o

.eh_frame_hdr
 *(.eh_frame_hdr)

.eh_frame       0x00002174        0x4
 *(.eh_frame)
 .eh_frame      0x00002174        0x0 c:/program files (x86)/cypress/psoc creator/3.3/psoc creator/import/gnu/arm/4.9.3/bin/../lib/gcc/arm-none-eabi/4.9.3/armv6-m/crtbegin.o
 .eh_frame      0x00002174        0x4 c:/program files (x86)/cypress/psoc creator/3.3/psoc creator/import/gnu/arm/4.9.3/bin/../lib/gcc/arm-none-eabi/4.9.3/armv6-m/crtend.o
                0x00002178                PROVIDE (__exidx_start, .)

.ARM.exidx
 *(.ARM.exidx* .gnu.linkonce.armexidx.*)
                0x00002178                __exidx_end = .

.rodata         0x00002178      0x118
 *(.rodata .rodata.* .gnu.linkonce.r.*)
 .rodata        0x00002178       0x40 .\CortexM0\ARM_GCC_493\Debug\Sandbox_CrazyEyes.a(cyfitter_cfg.o)
 .rodata        0x000021b8       0x70 .\CortexM0\ARM_GCC_493\Debug\Sandbox_CrazyEyes.a(CapSense.o)
                0x000021b8                CapSense_prtCfgTbl
                0x000021d8                CapSense_prtSelTbl
                0x000021f8                CapSense_prtDRTbl
                0x00002218                CapSense_widgetNumber
                0x0000221c                CapSense_pinShiftTbl
                0x00002220                CapSense_maskTable
                0x00002224                CapSense_portTable
 .rodata        0x00002228       0x30 .\CortexM0\ARM_GCC_493\Debug\Sandbox_CrazyEyes.a(CyLib.o)
                0x00002228                cyImoFreqMhz2Reg
                0x00002258                . = ALIGN (0x4)
 *(.init)
 .init          0x00002258        0x4 c:/program files (x86)/cypress/psoc creator/3.3/psoc creator/import/gnu/arm/4.9.3/bin/../lib/gcc/arm-none-eabi/4.9.3/armv6-m/crti.o
                0x00002258                _init
 .init          0x0000225c        0x8 c:/program files (x86)/cypress/psoc creator/3.3/psoc creator/import/gnu/arm/4.9.3/bin/../lib/gcc/arm-none-eabi/4.9.3/armv6-m/crtn.o
                0x00002264                . = ALIGN (0x4)
                0x00002264                __preinit_array_start = .
 *(.preinit_array)
                0x00002264                __preinit_array_end = .
                0x00002264                . = ALIGN (0x4)
                0x00002264                __init_array_start = .
 *(SORT(.init_array.*))
 *(.init_array)
 .init_array    0x00002264        0x4 c:/program files (x86)/cypress/psoc creator/3.3/psoc creator/import/gnu/arm/4.9.3/bin/../lib/gcc/arm-none-eabi/4.9.3/armv6-m/crtbegin.o
 .init_array    0x00002268        0x4 .\CortexM0\ARM_GCC_493\Debug\Cm0Start.o
                0x0000226c                __init_array_end = .
                0x0000226c                . = ALIGN (0x4)
 *(.fini)
 .fini          0x0000226c        0x4 c:/program files (x86)/cypress/psoc creator/3.3/psoc creator/import/gnu/arm/4.9.3/bin/../lib/gcc/arm-none-eabi/4.9.3/armv6-m/crti.o
                0x0000226c                _fini
 .fini          0x00002270        0x8 c:/program files (x86)/cypress/psoc creator/3.3/psoc creator/import/gnu/arm/4.9.3/bin/../lib/gcc/arm-none-eabi/4.9.3/armv6-m/crtn.o
                0x00002278                . = ALIGN (0x4)
                0x00002278                __fini_array_start = .
 *(.fini_array)
 .fini_array    0x00002278        0x4 c:/program files (x86)/cypress/psoc creator/3.3/psoc creator/import/gnu/arm/4.9.3/bin/../lib/gcc/arm-none-eabi/4.9.3/armv6-m/crtbegin.o
 *(SORT(.fini_array.*))
                0x0000227c                __fini_array_end = .
                0x0000227c                . = ALIGN (0x4)
 *crtbegin.o(.ctors)
 *(EXCLUDE_FILE(*crtend.o) .ctors)
 *(SORT(.ctors.*))
 *crtend.o(.ctors)
                0x0000227c                . = ALIGN (0x4)
 *crtbegin.o(.dtors)
 *(EXCLUDE_FILE(*crtend.o) .dtors)
 *(SORT(.dtors.*))
 *crtend.o(.dtors)
                0x0000227c                . = ALIGN (0x4)
                0x0000227c                __cy_regions = .
                0x0000227c        0x4 LONG 0x2290 __cy_region_init_ram
                0x00002280        0x4 LONG 0x200000c8 __cy_region_start_data
                0x00002284        0x4 LONG 0x48 __cy_region_init_size_ram
                0x00002288        0x4 LONG 0xb8 __cy_region_zero_size_ram
                0x0000228c                __cy_regions_end = .
                0x00002290                . = ALIGN (0x8)
 *fill*         0x0000228c        0x4 
                0x00002290                _etext = .

.ramvectors     0x20000000       0xc0
                0x20000000                __cy_region_start_ram = .
 *(.ramvectors)
 .ramvectors    0x20000000       0xc0 .\CortexM0\ARM_GCC_493\Debug\Cm0Start.o
                0x20000000                CyRamVectors

.noinit         0x200000c0        0x4
 *(.noinit)
 .noinit        0x200000c0        0x4 .\CortexM0\ARM_GCC_493\Debug\Cm0Start.o

.data           0x200000c8       0x48 load address 0x00002290
                0x200000c8                __cy_region_start_data = .
 *(.jcr)
 .jcr           0x200000c8        0x0 c:/program files (x86)/cypress/psoc creator/3.3/psoc creator/import/gnu/arm/4.9.3/bin/../lib/gcc/arm-none-eabi/4.9.3/armv6-m/crtbegin.o
 .jcr           0x200000c8        0x4 c:/program files (x86)/cypress/psoc creator/3.3/psoc creator/import/gnu/arm/4.9.3/bin/../lib/gcc/arm-none-eabi/4.9.3/armv6-m/crtend.o
 *(.got.plt)
 *(.got)
 *(.shdata)
 *(.data .data.* .gnu.linkonce.d.*)
 .data          0x200000cc       0x18 .\CortexM0\ARM_GCC_493\Debug\Sandbox_CrazyEyes.a(CapSense.o)
                0x200000cc                CapSense_widgetResolution
                0x200000d0                CapSense_sampleClkDividerVal
                0x200000d4                CapSense_senseClkDividerVal
                0x200000d8                CapSense_modulationIDAC
                0x200000dc                CapSense_compensationIDAC
                0x200000e0                CapSense_pcTable
 .data          0x200000e4       0x18 .\CortexM0\ARM_GCC_493\Debug\Sandbox_CrazyEyes.a(CapSense_CSHL.o)
                0x200000e4                CapSense_debounce
                0x200000e8                CapSense_noiseThreshold
                0x200000ec                CapSense_negativeNoiseThreshold
                0x200000f0                CapSense_lowBaselineReset
                0x200000f4                CapSense_fingerThreshold
                0x200000f8                CapSense_hysteresis
 .data          0x200000fc       0x10 .\CortexM0\ARM_GCC_493\Debug\Sandbox_CrazyEyes.a(CyLib.o)
                0x200000fc                cydelay32kMs
                0x20000100                cydelayFreqKhz
                0x20000104                cydelayFreqMhz
                0x20000108                cydelayFreqHz
 .data          0x2000010c        0x4 .\CortexM0\ARM_GCC_493\Debug\Sandbox_CrazyEyes.a(CyLFClk.o)
                0x20000110                . = ALIGN (0x8)
 *(.ram)
                0x20000110                _edata = .

.igot.plt       0x20000110        0x0 load address 0x000022d8
 .igot.plt      0x00000000        0x0 c:/program files (x86)/cypress/psoc creator/3.3/psoc creator/import/gnu/arm/4.9.3/bin/../lib/gcc/arm-none-eabi/4.9.3/armv6-m/crtbegin.o

.bss            0x20000110       0xb8 load address 0x000022d8
                0x20000110                PROVIDE (__bss_start__, .)
 *(.shbss)
 *(.bss .bss.* .gnu.linkonce.b.*)
 .bss           0x20000110       0x1c c:/program files (x86)/cypress/psoc creator/3.3/psoc creator/import/gnu/arm/4.9.3/bin/../lib/gcc/arm-none-eabi/4.9.3/armv6-m/crtbegin.o
 .bss           0x2000012c       0x10 .\CortexM0\ARM_GCC_493\Debug\main.o
                0x2000012c                uC_Probe_x_dirMovement
                0x20000130                uC_Probe_y_dirMovement
                0x20000134                acclerometer_configured
                0x20000136                uC_Probe_z_dirMovement
                0x20000138                uC_Probe_Prox_Indicator
 .bss           0x2000013c        0x1 .\CortexM0\ARM_GCC_493\Debug\Sandbox_CrazyEyes.a(PWM_Green.o)
                0x2000013c                PWM_Green_initVar
 *fill*         0x2000013d        0x3 
 .bss           0x20000140        0x4 .\CortexM0\ARM_GCC_493\Debug\Sandbox_CrazyEyes.a(PWM_Green_PM.o)
 .bss           0x20000144        0xc .\CortexM0\ARM_GCC_493\Debug\Sandbox_CrazyEyes.a(CapSense.o)
                0x20000144                CapSense_csdStatusVar
                0x20000148                CapSense_sensorRaw
                0x2000014a                CapSense_sensorIndex
                0x2000014c                CapSense_sensorEnableMask
                0x2000014e                CapSense_prescalersTuningDone
 .bss           0x20000150        0x4 .\CortexM0\ARM_GCC_493\Debug\Sandbox_CrazyEyes.a(CapSense_PM.o)
 .bss           0x20000154       0x14 .\CortexM0\ARM_GCC_493\Debug\Sandbox_CrazyEyes.a(CapSense_CSHL.o)
                0x20000154                CapSense_sensorBaseline
                0x20000158                CapSense_sensorBaselineLow
                0x2000015c                CapSense_sensorSignal
                0x20000164                CapSense_sensorOnMask
 .bss           0x20000168        0x1 .\CortexM0\ARM_GCC_493\Debug\Sandbox_CrazyEyes.a(CapSense_INT.o)
 *fill*         0x20000169        0x3 
 .bss           0x2000016c       0x1c .\CortexM0\ARM_GCC_493\Debug\Sandbox_CrazyEyes.a(CyLFClk.o)
 .bss           0x20000188        0x8 .\CortexM0\ARM_GCC_493\Debug\Sandbox_CrazyEyes.a(I2C.o)
                0x20000188                I2C_initVar
                0x2000018c                I2C_customIntrHandler
 *(COMMON)
 COMMON         0x20000190        0x9 .\CortexM0\ARM_GCC_493\Debug\Sandbox_CrazyEyes.a(CapSense.o)
                0x20000190                CapSense_csdTrim1
                0x20000194                CapSense_sensorEnableMaskBackup
                0x20000198                CapSense_unscannedSnsDriveMode
 *fill*         0x20000199        0x3 
 COMMON         0x2000019c        0x1 .\CortexM0\ARM_GCC_493\Debug\Sandbox_CrazyEyes.a(CapSense_CSHL.o)
                0x2000019c                CapSense_lowBaselineResetCnt
 COMMON         0x2000019d        0x1 .\CortexM0\ARM_GCC_493\Debug\Sandbox_CrazyEyes.a(I2C_I2C.o)
                0x2000019d                I2C_state
 *fill*         0x2000019e        0x2 
 COMMON         0x200001a0       0x24 .\CortexM0\ARM_GCC_493\Debug\Sandbox_CrazyEyes.a(I2C_I2C_MASTER.o)
                0x200001a0                I2C_mstrWrBufIndexTmp
                0x200001a4                I2C_mstrWrBufIndex
                0x200001a8                I2C_mstrWrBufSize
                0x200001ac                I2C_mstrStatus
                0x200001b0                I2C_mstrRdBufPtr
                0x200001b4                I2C_mstrControl
                0x200001b8                I2C_mstrRdBufSize
                0x200001bc                I2C_mstrRdBufIndex
                0x200001c0                I2C_mstrWrBufPtr
                0x200001c8                . = ALIGN (0x8)
 *fill*         0x200001c4        0x4 
 *(.ram.b)
                0x200001c8                _end = .
                0x200001c8                __end = .
                0x200001c8                PROVIDE (end, .)
                0x200001c8                PROVIDE (__bss_end__, .)
                0x00002290                __cy_region_init_ram = LOADADDR (.data)
                0x00000048                __cy_region_init_size_ram = (_edata - ADDR (.data))
                0x000000b8                __cy_region_zero_size_ram = (_end - _edata)

.heap           0x200001c8       0x80 load address 0x000022d8
                0x200001c8                . = _end
                0x20000248                . = (. + 0x80)
 *fill*         0x200001c8       0x80 
                0x20000248                __cy_heap_limit = .

.stack          0x20003800      0x800
                0x20003800                __cy_stack_limit = .
                0x20004000                . = (. + 0x800)
 *fill*         0x20003800      0x800 
                0x00000001                ASSERT ((__cy_stack_limit >= __cy_heap_limit), region RAM overflowed with stack)

.cyloadermeta
 *(.cyloadermeta)

.cyloadablemeta
 *(.cyloadablemeta)

.cyflashprotect
                0x90400000       0x80
 *(.cyflashprotect)
 .cyflashprotect
                0x90400000       0x80 .\CortexM0\ARM_GCC_493\Debug\cymetadata.o
                0x90400000                cy_meta_flashprotect

.cymeta         0x90500000        0xc
 *(.cymeta)
 .cymeta        0x90500000        0xc .\CortexM0\ARM_GCC_493\Debug\cymetadata.o
                0x90500000                cy_metadata

.cychipprotect  0x90600000        0x4
 *(.cychipprotect)
 .cychipprotect
                0x90600000        0x4 .\CortexM0\ARM_GCC_493\Debug\cymetadata.o
                0x90600000                cy_meta_chipprotect

.rel.dyn        0x000022d8        0x0 load address 0x90600004
 .rel.iplt      0x00000000        0x0 c:/program files (x86)/cypress/psoc creator/3.3/psoc creator/import/gnu/arm/4.9.3/bin/../lib/gcc/arm-none-eabi/4.9.3/armv6-m/crtbegin.o

.stab
 *(.stab)

.stabstr
 *(.stabstr)

.debug
 *(.debug)

.line
 *(.line)

.debug_srcinfo
 *(.debug_srcinfo)

.debug_sfnames
 *(.debug_sfnames)

.debug_aranges  0x00000000      0xc30
 *(.debug_aranges)
 .debug_aranges
                0x00000000       0x58 .\CortexM0\ARM_GCC_493\Debug\main.o
 .debug_aranges
                0x00000058       0x40 .\CortexM0\ARM_GCC_493\Debug\accelerometer.o
 .debug_aranges
                0x00000098       0x18 .\CortexM0\ARM_GCC_493\Debug\cymetadata.o
 .debug_aranges
                0x000000b0       0x48 .\CortexM0\ARM_GCC_493\Debug\Cm0Start.o
 .debug_aranges
                0x000000f8       0x48 .\CortexM0\ARM_GCC_493\Debug\Sandbox_CrazyEyes.a(cyfitter_cfg.o)
 .debug_aranges
                0x00000140      0x158 .\CortexM0\ARM_GCC_493\Debug\Sandbox_CrazyEyes.a(PWM_Green.o)
 .debug_aranges
                0x00000298       0x38 .\CortexM0\ARM_GCC_493\Debug\Sandbox_CrazyEyes.a(PWM_Green_PM.o)
 .debug_aranges
                0x000002d0      0x158 .\CortexM0\ARM_GCC_493\Debug\Sandbox_CrazyEyes.a(CapSense.o)
 .debug_aranges
                0x00000428       0x38 .\CortexM0\ARM_GCC_493\Debug\Sandbox_CrazyEyes.a(CapSense_PM.o)
 .debug_aranges
                0x00000460      0x108 .\CortexM0\ARM_GCC_493\Debug\Sandbox_CrazyEyes.a(CapSense_CSHL.o)
 .debug_aranges
                0x00000568       0x20 .\CortexM0\ARM_GCC_493\Debug\Sandbox_CrazyEyes.a(CapSense_INT.o)
 .debug_aranges
                0x00000588       0x40 .\CortexM0\ARM_GCC_493\Debug\Sandbox_CrazyEyes.a(Pin_GreenLED.o)
 .debug_aranges
                0x000005c8       0x40 .\CortexM0\ARM_GCC_493\Debug\Sandbox_CrazyEyes.a(CapSense_SampleClk.o)
 .debug_aranges
                0x00000608       0x40 .\CortexM0\ARM_GCC_493\Debug\Sandbox_CrazyEyes.a(CapSense_SenseClk.o)
 .debug_aranges
                0x00000648       0x20 .\CortexM0\ARM_GCC_493\Debug\Sandbox_CrazyEyes.a(CyBootAsmGnu.o)
 .debug_aranges
                0x00000668      0x190 .\CortexM0\ARM_GCC_493\Debug\Sandbox_CrazyEyes.a(CyLib.o)
 .debug_aranges
                0x000007f8       0x58 .\CortexM0\ARM_GCC_493\Debug\Sandbox_CrazyEyes.a(cyPm.o)
 .debug_aranges
                0x00000850      0x150 .\CortexM0\ARM_GCC_493\Debug\Sandbox_CrazyEyes.a(CyLFClk.o)
 .debug_aranges
                0x000009a0       0x48 .\CortexM0\ARM_GCC_493\Debug\Sandbox_CrazyEyes.a(Pin_EBottom.o)
 .debug_aranges
                0x000009e8       0x48 .\CortexM0\ARM_GCC_493\Debug\Sandbox_CrazyEyes.a(Pin_EMiddle.o)
 .debug_aranges
                0x00000a30       0x48 .\CortexM0\ARM_GCC_493\Debug\Sandbox_CrazyEyes.a(Pin_ETop.o)
 .debug_aranges
                0x00000a78       0x48 .\CortexM0\ARM_GCC_493\Debug\Sandbox_CrazyEyes.a(Pin_Vibe.o)
 .debug_aranges
                0x00000ac0       0x60 .\CortexM0\ARM_GCC_493\Debug\Sandbox_CrazyEyes.a(I2C.o)
 .debug_aranges
                0x00000b20       0x28 .\CortexM0\ARM_GCC_493\Debug\Sandbox_CrazyEyes.a(I2C_I2C.o)
 .debug_aranges
                0x00000b48       0x88 .\CortexM0\ARM_GCC_493\Debug\Sandbox_CrazyEyes.a(I2C_I2C_MASTER.o)
 .debug_aranges
                0x00000bd0       0x40 .\CortexM0\ARM_GCC_493\Debug\Sandbox_CrazyEyes.a(CyFlash.o)
 .debug_aranges
                0x00000c10       0x20 .\CortexM0\ARM_GCC_493\Debug\Sandbox_CrazyEyes.a(I2C_I2C_INT.o)

.debug_pubnames
 *(.debug_pubnames)

.debug_info     0x00000000     0x7347
 *(.debug_info .gnu.linkonce.wi.*)
 .debug_info    0x00000000      0x734 .\CortexM0\ARM_GCC_493\Debug\main.o
 .debug_info    0x00000734      0x56b .\CortexM0\ARM_GCC_493\Debug\accelerometer.o
 .debug_info    0x00000c9f       0xfd .\CortexM0\ARM_GCC_493\Debug\cymetadata.o
 .debug_info    0x00000d9c      0x38a .\CortexM0\ARM_GCC_493\Debug\Cm0Start.o
 .debug_info    0x00001126      0x41e .\CortexM0\ARM_GCC_493\Debug\Sandbox_CrazyEyes.a(cyfitter_cfg.o)
 .debug_info    0x00001544      0x902 .\CortexM0\ARM_GCC_493\Debug\Sandbox_CrazyEyes.a(PWM_Green.o)
 .debug_info    0x00001e46      0x150 .\CortexM0\ARM_GCC_493\Debug\Sandbox_CrazyEyes.a(PWM_Green_PM.o)
 .debug_info    0x00001f96     0x106a .\CortexM0\ARM_GCC_493\Debug\Sandbox_CrazyEyes.a(CapSense.o)
 .debug_info    0x00003000      0x1d5 .\CortexM0\ARM_GCC_493\Debug\Sandbox_CrazyEyes.a(CapSense_PM.o)
 .debug_info    0x000031d5      0xaa8 .\CortexM0\ARM_GCC_493\Debug\Sandbox_CrazyEyes.a(CapSense_CSHL.o)
 .debug_info    0x00003c7d      0x1ad .\CortexM0\ARM_GCC_493\Debug\Sandbox_CrazyEyes.a(CapSense_INT.o)
 .debug_info    0x00003e2a      0x150 .\CortexM0\ARM_GCC_493\Debug\Sandbox_CrazyEyes.a(Pin_GreenLED.o)
 .debug_info    0x00003f7a      0x163 .\CortexM0\ARM_GCC_493\Debug\Sandbox_CrazyEyes.a(CapSense_SampleClk.o)
 .debug_info    0x000040dd      0x163 .\CortexM0\ARM_GCC_493\Debug\Sandbox_CrazyEyes.a(CapSense_SenseClk.o)
 .debug_info    0x00004240       0x8f .\CortexM0\ARM_GCC_493\Debug\Sandbox_CrazyEyes.a(CyBootAsmGnu.o)
 .debug_info    0x000042cf      0xb64 .\CortexM0\ARM_GCC_493\Debug\Sandbox_CrazyEyes.a(CyLib.o)
 .debug_info    0x00004e33      0x2cf .\CortexM0\ARM_GCC_493\Debug\Sandbox_CrazyEyes.a(cyPm.o)
 .debug_info    0x00005102      0xda1 .\CortexM0\ARM_GCC_493\Debug\Sandbox_CrazyEyes.a(CyLFClk.o)
 .debug_info    0x00005ea3      0x19a .\CortexM0\ARM_GCC_493\Debug\Sandbox_CrazyEyes.a(Pin_EBottom.o)
 .debug_info    0x0000603d      0x19a .\CortexM0\ARM_GCC_493\Debug\Sandbox_CrazyEyes.a(Pin_EMiddle.o)
 .debug_info    0x000061d7      0x19a .\CortexM0\ARM_GCC_493\Debug\Sandbox_CrazyEyes.a(Pin_ETop.o)
 .debug_info    0x00006371      0x19a .\CortexM0\ARM_GCC_493\Debug\Sandbox_CrazyEyes.a(Pin_Vibe.o)
 .debug_info    0x0000650b      0x295 .\CortexM0\ARM_GCC_493\Debug\Sandbox_CrazyEyes.a(I2C.o)
 .debug_info    0x000067a0      0x1a8 .\CortexM0\ARM_GCC_493\Debug\Sandbox_CrazyEyes.a(I2C_I2C.o)
 .debug_info    0x00006948      0x5a0 .\CortexM0\ARM_GCC_493\Debug\Sandbox_CrazyEyes.a(I2C_I2C_MASTER.o)
 .debug_info    0x00006ee8      0x2d5 .\CortexM0\ARM_GCC_493\Debug\Sandbox_CrazyEyes.a(CyFlash.o)
 .debug_info    0x000071bd      0x18a .\CortexM0\ARM_GCC_493\Debug\Sandbox_CrazyEyes.a(I2C_I2C_INT.o)

.debug_abbrev   0x00000000     0x2132
 *(.debug_abbrev)
 .debug_abbrev  0x00000000      0x1be .\CortexM0\ARM_GCC_493\Debug\main.o
 .debug_abbrev  0x000001be      0x186 .\CortexM0\ARM_GCC_493\Debug\accelerometer.o
 .debug_abbrev  0x00000344       0x5d .\CortexM0\ARM_GCC_493\Debug\cymetadata.o
 .debug_abbrev  0x000003a1      0x1fe .\CortexM0\ARM_GCC_493\Debug\Cm0Start.o
 .debug_abbrev  0x0000059f      0x1f3 .\CortexM0\ARM_GCC_493\Debug\Sandbox_CrazyEyes.a(cyfitter_cfg.o)
 .debug_abbrev  0x00000792      0x140 .\CortexM0\ARM_GCC_493\Debug\Sandbox_CrazyEyes.a(PWM_Green.o)
 .debug_abbrev  0x000008d2       0xc4 .\CortexM0\ARM_GCC_493\Debug\Sandbox_CrazyEyes.a(PWM_Green_PM.o)
 .debug_abbrev  0x00000996      0x207 .\CortexM0\ARM_GCC_493\Debug\Sandbox_CrazyEyes.a(CapSense.o)
 .debug_abbrev  0x00000b9d       0xf7 .\CortexM0\ARM_GCC_493\Debug\Sandbox_CrazyEyes.a(CapSense_PM.o)
 .debug_abbrev  0x00000c94      0x1e3 .\CortexM0\ARM_GCC_493\Debug\Sandbox_CrazyEyes.a(CapSense_CSHL.o)
 .debug_abbrev  0x00000e77      0x106 .\CortexM0\ARM_GCC_493\Debug\Sandbox_CrazyEyes.a(CapSense_INT.o)
 .debug_abbrev  0x00000f7d       0xb7 .\CortexM0\ARM_GCC_493\Debug\Sandbox_CrazyEyes.a(Pin_GreenLED.o)
 .debug_abbrev  0x00001034       0xc4 .\CortexM0\ARM_GCC_493\Debug\Sandbox_CrazyEyes.a(CapSense_SampleClk.o)
 .debug_abbrev  0x000010f8       0xc4 .\CortexM0\ARM_GCC_493\Debug\Sandbox_CrazyEyes.a(CapSense_SenseClk.o)
 .debug_abbrev  0x000011bc       0x14 .\CortexM0\ARM_GCC_493\Debug\Sandbox_CrazyEyes.a(CyBootAsmGnu.o)
 .debug_abbrev  0x000011d0      0x25d .\CortexM0\ARM_GCC_493\Debug\Sandbox_CrazyEyes.a(CyLib.o)
 .debug_abbrev  0x0000142d      0x144 .\CortexM0\ARM_GCC_493\Debug\Sandbox_CrazyEyes.a(cyPm.o)
 .debug_abbrev  0x00001571      0x26d .\CortexM0\ARM_GCC_493\Debug\Sandbox_CrazyEyes.a(CyLFClk.o)
 .debug_abbrev  0x000017de       0xd5 .\CortexM0\ARM_GCC_493\Debug\Sandbox_CrazyEyes.a(Pin_EBottom.o)
 .debug_abbrev  0x000018b3       0xd5 .\CortexM0\ARM_GCC_493\Debug\Sandbox_CrazyEyes.a(Pin_EMiddle.o)
 .debug_abbrev  0x00001988       0xd5 .\CortexM0\ARM_GCC_493\Debug\Sandbox_CrazyEyes.a(Pin_ETop.o)
 .debug_abbrev  0x00001a5d       0xd5 .\CortexM0\ARM_GCC_493\Debug\Sandbox_CrazyEyes.a(Pin_Vibe.o)
 .debug_abbrev  0x00001b32      0x150 .\CortexM0\ARM_GCC_493\Debug\Sandbox_CrazyEyes.a(I2C.o)
 .debug_abbrev  0x00001c82      0x100 .\CortexM0\ARM_GCC_493\Debug\Sandbox_CrazyEyes.a(I2C_I2C.o)
 .debug_abbrev  0x00001d82      0x196 .\CortexM0\ARM_GCC_493\Debug\Sandbox_CrazyEyes.a(I2C_I2C_MASTER.o)
 .debug_abbrev  0x00001f18      0x185 .\CortexM0\ARM_GCC_493\Debug\Sandbox_CrazyEyes.a(CyFlash.o)
 .debug_abbrev  0x0000209d       0x95 .\CortexM0\ARM_GCC_493\Debug\Sandbox_CrazyEyes.a(I2C_I2C_INT.o)

.debug_line     0x00000000     0x2d4b
 *(.debug_line)
 .debug_line    0x00000000      0x209 .\CortexM0\ARM_GCC_493\Debug\main.o
 .debug_line    0x00000209      0x15a .\CortexM0\ARM_GCC_493\Debug\accelerometer.o
 .debug_line    0x00000363       0x53 .\CortexM0\ARM_GCC_493\Debug\cymetadata.o
 .debug_line    0x000003b6      0x247 .\CortexM0\ARM_GCC_493\Debug\Cm0Start.o
 .debug_line    0x000005fd      0x1a9 .\CortexM0\ARM_GCC_493\Debug\Sandbox_CrazyEyes.a(cyfitter_cfg.o)
 .debug_line    0x000007a6      0x381 .\CortexM0\ARM_GCC_493\Debug\Sandbox_CrazyEyes.a(PWM_Green.o)
 .debug_line    0x00000b27       0xac .\CortexM0\ARM_GCC_493\Debug\Sandbox_CrazyEyes.a(PWM_Green_PM.o)
 .debug_line    0x00000bd3      0x4f6 .\CortexM0\ARM_GCC_493\Debug\Sandbox_CrazyEyes.a(CapSense.o)
 .debug_line    0x000010c9       0xeb .\CortexM0\ARM_GCC_493\Debug\Sandbox_CrazyEyes.a(CapSense_PM.o)
 .debug_line    0x000011b4      0x351 .\CortexM0\ARM_GCC_493\Debug\Sandbox_CrazyEyes.a(CapSense_CSHL.o)
 .debug_line    0x00001505       0xaa .\CortexM0\ARM_GCC_493\Debug\Sandbox_CrazyEyes.a(CapSense_INT.o)
 .debug_line    0x000015af       0xb2 .\CortexM0\ARM_GCC_493\Debug\Sandbox_CrazyEyes.a(Pin_GreenLED.o)
 .debug_line    0x00001661       0xe0 .\CortexM0\ARM_GCC_493\Debug\Sandbox_CrazyEyes.a(CapSense_SampleClk.o)
 .debug_line    0x00001741       0xdf .\CortexM0\ARM_GCC_493\Debug\Sandbox_CrazyEyes.a(CapSense_SenseClk.o)
 .debug_line    0x00001820       0x68 .\CortexM0\ARM_GCC_493\Debug\Sandbox_CrazyEyes.a(CyBootAsmGnu.o)
 .debug_line    0x00001888      0x498 .\CortexM0\ARM_GCC_493\Debug\Sandbox_CrazyEyes.a(CyLib.o)
 .debug_line    0x00001d20      0x12b .\CortexM0\ARM_GCC_493\Debug\Sandbox_CrazyEyes.a(cyPm.o)
 .debug_line    0x00001e4b      0x4c5 .\CortexM0\ARM_GCC_493\Debug\Sandbox_CrazyEyes.a(CyLFClk.o)
 .debug_line    0x00002310       0xc5 .\CortexM0\ARM_GCC_493\Debug\Sandbox_CrazyEyes.a(Pin_EBottom.o)
 .debug_line    0x000023d5       0xc5 .\CortexM0\ARM_GCC_493\Debug\Sandbox_CrazyEyes.a(Pin_EMiddle.o)
 .debug_line    0x0000249a       0xc2 .\CortexM0\ARM_GCC_493\Debug\Sandbox_CrazyEyes.a(Pin_ETop.o)
 .debug_line    0x0000255c       0xc2 .\CortexM0\ARM_GCC_493\Debug\Sandbox_CrazyEyes.a(Pin_Vibe.o)
 .debug_line    0x0000261e      0x13d .\CortexM0\ARM_GCC_493\Debug\Sandbox_CrazyEyes.a(I2C.o)
 .debug_line    0x0000275b       0xbe .\CortexM0\ARM_GCC_493\Debug\Sandbox_CrazyEyes.a(I2C_I2C.o)
 .debug_line    0x00002819      0x2ae .\CortexM0\ARM_GCC_493\Debug\Sandbox_CrazyEyes.a(I2C_I2C_MASTER.o)
 .debug_line    0x00002ac7      0x10b .\CortexM0\ARM_GCC_493\Debug\Sandbox_CrazyEyes.a(CyFlash.o)
 .debug_line    0x00002bd2      0x179 .\CortexM0\ARM_GCC_493\Debug\Sandbox_CrazyEyes.a(I2C_I2C_INT.o)

.debug_frame    0x00000000     0x1df4
 *(.debug_frame)
 .debug_frame   0x00000000       0xf4 .\CortexM0\ARM_GCC_493\Debug\main.o
 .debug_frame   0x000000f4       0xb0 .\CortexM0\ARM_GCC_493\Debug\accelerometer.o
 .debug_frame   0x000001a4       0xb0 .\CortexM0\ARM_GCC_493\Debug\Cm0Start.o
 .debug_frame   0x00000254       0xb4 .\CortexM0\ARM_GCC_493\Debug\Sandbox_CrazyEyes.a(cyfitter_cfg.o)
 .debug_frame   0x00000308      0x390 .\CortexM0\ARM_GCC_493\Debug\Sandbox_CrazyEyes.a(PWM_Green.o)
 .debug_frame   0x00000698       0x68 .\CortexM0\ARM_GCC_493\Debug\Sandbox_CrazyEyes.a(PWM_Green_PM.o)
 .debug_frame   0x00000700      0x3c0 .\CortexM0\ARM_GCC_493\Debug\Sandbox_CrazyEyes.a(CapSense.o)
 .debug_frame   0x00000ac0       0x68 .\CortexM0\ARM_GCC_493\Debug\Sandbox_CrazyEyes.a(CapSense_PM.o)
 .debug_frame   0x00000b28      0x2ac .\CortexM0\ARM_GCC_493\Debug\Sandbox_CrazyEyes.a(CapSense_CSHL.o)
 .debug_frame   0x00000dd4       0x2c .\CortexM0\ARM_GCC_493\Debug\Sandbox_CrazyEyes.a(CapSense_INT.o)
 .debug_frame   0x00000e00       0x60 .\CortexM0\ARM_GCC_493\Debug\Sandbox_CrazyEyes.a(Pin_GreenLED.o)
 .debug_frame   0x00000e60       0x6c .\CortexM0\ARM_GCC_493\Debug\Sandbox_CrazyEyes.a(CapSense_SampleClk.o)
 .debug_frame   0x00000ecc       0x6c .\CortexM0\ARM_GCC_493\Debug\Sandbox_CrazyEyes.a(CapSense_SenseClk.o)
 .debug_frame   0x00000f38      0x400 .\CortexM0\ARM_GCC_493\Debug\Sandbox_CrazyEyes.a(CyLib.o)
 .debug_frame   0x00001338       0xe8 .\CortexM0\ARM_GCC_493\Debug\Sandbox_CrazyEyes.a(cyPm.o)
 .debug_frame   0x00001420      0x3fc .\CortexM0\ARM_GCC_493\Debug\Sandbox_CrazyEyes.a(CyLFClk.o)
 .debug_frame   0x0000181c       0x70 .\CortexM0\ARM_GCC_493\Debug\Sandbox_CrazyEyes.a(Pin_EBottom.o)
 .debug_frame   0x0000188c       0x70 .\CortexM0\ARM_GCC_493\Debug\Sandbox_CrazyEyes.a(Pin_EMiddle.o)
 .debug_frame   0x000018fc       0x70 .\CortexM0\ARM_GCC_493\Debug\Sandbox_CrazyEyes.a(Pin_ETop.o)
 .debug_frame   0x0000196c       0x70 .\CortexM0\ARM_GCC_493\Debug\Sandbox_CrazyEyes.a(Pin_Vibe.o)
 .debug_frame   0x000019dc       0xe8 .\CortexM0\ARM_GCC_493\Debug\Sandbox_CrazyEyes.a(I2C.o)
 .debug_frame   0x00001ac4       0x3c .\CortexM0\ARM_GCC_493\Debug\Sandbox_CrazyEyes.a(I2C_I2C.o)
 .debug_frame   0x00001b00      0x16c .\CortexM0\ARM_GCC_493\Debug\Sandbox_CrazyEyes.a(I2C_I2C_MASTER.o)
 .debug_frame   0x00001c6c       0x80 .\CortexM0\ARM_GCC_493\Debug\Sandbox_CrazyEyes.a(CyFlash.o)
 .debug_frame   0x00001cec       0x2c .\CortexM0\ARM_GCC_493\Debug\Sandbox_CrazyEyes.a(I2C_I2C_INT.o)
 .debug_frame   0x00001d18       0x20 c:/program files (x86)/cypress/psoc creator/3.3/psoc creator/import/gnu/arm/4.9.3/bin/../lib/gcc/arm-none-eabi/4.9.3/armv6-m\libgcc.a(_udivsi3.o)
 .debug_frame   0x00001d38       0x20 c:/program files (x86)/cypress/psoc creator/3.3/psoc creator/import/gnu/arm/4.9.3/bin/../lib/gcc/arm-none-eabi/4.9.3/../../../../arm-none-eabi/lib/armv6-m\libg_nano.a(lib_a-errno.o)
 .debug_frame   0x00001d58       0x28 c:/program files (x86)/cypress/psoc creator/3.3/psoc creator/import/gnu/arm/4.9.3/bin/../lib/gcc/arm-none-eabi/4.9.3/../../../../arm-none-eabi/lib/armv6-m\libg_nano.a(lib_a-exit.o)
 .debug_frame   0x00001d80       0x2c c:/program files (x86)/cypress/psoc creator/3.3/psoc creator/import/gnu/arm/4.9.3/bin/../lib/gcc/arm-none-eabi/4.9.3/../../../../arm-none-eabi/lib/armv6-m\libg_nano.a(lib_a-init.o)
 .debug_frame   0x00001dac       0x28 c:/program files (x86)/cypress/psoc creator/3.3/psoc creator/import/gnu/arm/4.9.3/bin/../lib/gcc/arm-none-eabi/4.9.3/../../../../arm-none-eabi/lib/armv6-m\libg_nano.a(lib_a-memcpy.o)
 .debug_frame   0x00001dd4       0x20 c:/program files (x86)/cypress/psoc creator/3.3/psoc creator/import/gnu/arm/4.9.3/bin/../lib/gcc/arm-none-eabi/4.9.3/../../../../arm-none-eabi/lib/armv6-m\libg_nano.a(lib_a-memset.o)

.debug_str      0x00000000     0x2d9f
 *(.debug_str)
 .debug_str     0x00000000      0x4c7 .\CortexM0\ARM_GCC_493\Debug\main.o
                                0x506 (size before relaxing)
 .debug_str     0x000004c7      0x11c .\CortexM0\ARM_GCC_493\Debug\accelerometer.o
                                0x2e3 (size before relaxing)
 .debug_str     0x000005e3       0x5b .\CortexM0\ARM_GCC_493\Debug\cymetadata.o
                                0x1cd (size before relaxing)
 .debug_str     0x0000063e      0x15c .\CortexM0\ARM_GCC_493\Debug\Cm0Start.o
                                0x2f4 (size before relaxing)
 .debug_str     0x0000079a      0x127 .\CortexM0\ARM_GCC_493\Debug\Sandbox_CrazyEyes.a(cyfitter_cfg.o)
                                0x2fd (size before relaxing)
 .debug_str     0x000008c1      0x49b .\CortexM0\ARM_GCC_493\Debug\Sandbox_CrazyEyes.a(PWM_Green.o)
                                0x64c (size before relaxing)
 .debug_str     0x00000d5c       0x8a .\CortexM0\ARM_GCC_493\Debug\Sandbox_CrazyEyes.a(PWM_Green_PM.o)
                                0x24a (size before relaxing)
 .debug_str     0x00000de6      0x843 .\CortexM0\ARM_GCC_493\Debug\Sandbox_CrazyEyes.a(CapSense.o)
                                0xa81 (size before relaxing)
 .debug_str     0x00001629       0x79 .\CortexM0\ARM_GCC_493\Debug\Sandbox_CrazyEyes.a(CapSense_PM.o)
                                0x2a4 (size before relaxing)
 .debug_str     0x000016a2      0x48b .\CortexM0\ARM_GCC_493\Debug\Sandbox_CrazyEyes.a(CapSense_CSHL.o)
                                0x7ca (size before relaxing)
 .debug_str     0x00001b2d       0x4a .\CortexM0\ARM_GCC_493\Debug\Sandbox_CrazyEyes.a(CapSense_INT.o)
                                0x282 (size before relaxing)
 .debug_str     0x00001b77       0x95 .\CortexM0\ARM_GCC_493\Debug\Sandbox_CrazyEyes.a(Pin_GreenLED.o)
                                0x230 (size before relaxing)
 .debug_str     0x00001c0c       0xb8 .\CortexM0\ARM_GCC_493\Debug\Sandbox_CrazyEyes.a(CapSense_SampleClk.o)
                                0x298 (size before relaxing)
 .debug_str     0x00001cc4       0x81 .\CortexM0\ARM_GCC_493\Debug\Sandbox_CrazyEyes.a(CapSense_SenseClk.o)
                                0x292 (size before relaxing)
 .debug_str     0x00001d45      0x477 .\CortexM0\ARM_GCC_493\Debug\Sandbox_CrazyEyes.a(CyLib.o)
                                0x6da (size before relaxing)
 .debug_str     0x000021bc       0xaa .\CortexM0\ARM_GCC_493\Debug\Sandbox_CrazyEyes.a(cyPm.o)
                                0x2a8 (size before relaxing)
 .debug_str     0x00002266      0x4c0 .\CortexM0\ARM_GCC_493\Debug\Sandbox_CrazyEyes.a(CyLFClk.o)
                                0x702 (size before relaxing)
 .debug_str     0x00002726       0xa9 .\CortexM0\ARM_GCC_493\Debug\Sandbox_CrazyEyes.a(Pin_EBottom.o)
                                0x25f (size before relaxing)
 .debug_str     0x000027cf       0xa1 .\CortexM0\ARM_GCC_493\Debug\Sandbox_CrazyEyes.a(Pin_EMiddle.o)
                                0x25f (size before relaxing)
 .debug_str     0x00002870       0x8f .\CortexM0\ARM_GCC_493\Debug\Sandbox_CrazyEyes.a(Pin_ETop.o)
                                0x24a (size before relaxing)
 .debug_str     0x000028ff       0x8f .\CortexM0\ARM_GCC_493\Debug\Sandbox_CrazyEyes.a(Pin_Vibe.o)
                                0x24a (size before relaxing)
 .debug_str     0x0000298e       0xfd .\CortexM0\ARM_GCC_493\Debug\Sandbox_CrazyEyes.a(I2C.o)
                                0x2b1 (size before relaxing)
 .debug_str     0x00002a8b       0x62 .\CortexM0\ARM_GCC_493\Debug\Sandbox_CrazyEyes.a(I2C_I2C.o)
                                0x23a (size before relaxing)
 .debug_str     0x00002aed      0x1b9 .\CortexM0\ARM_GCC_493\Debug\Sandbox_CrazyEyes.a(I2C_I2C_MASTER.o)
                                0x416 (size before relaxing)
 .debug_str     0x00002ca6       0xb0 .\CortexM0\ARM_GCC_493\Debug\Sandbox_CrazyEyes.a(CyFlash.o)
                                0x2a1 (size before relaxing)
 .debug_str     0x00002d56       0x49 .\CortexM0\ARM_GCC_493\Debug\Sandbox_CrazyEyes.a(I2C_I2C_INT.o)
                                0x29d (size before relaxing)

.debug_loc      0x00000000     0x3954
 *(.debug_loc)
 .debug_loc     0x00000000      0x1fe .\CortexM0\ARM_GCC_493\Debug\main.o
 .debug_loc     0x000001fe      0x2d5 .\CortexM0\ARM_GCC_493\Debug\accelerometer.o
 .debug_loc     0x000004d3      0x14f .\CortexM0\ARM_GCC_493\Debug\Cm0Start.o
 .debug_loc     0x00000622      0x14d .\CortexM0\ARM_GCC_493\Debug\Sandbox_CrazyEyes.a(cyfitter_cfg.o)
 .debug_loc     0x0000076f      0x547 .\CortexM0\ARM_GCC_493\Debug\Sandbox_CrazyEyes.a(PWM_Green.o)
 .debug_loc     0x00000cb6      0x93b .\CortexM0\ARM_GCC_493\Debug\Sandbox_CrazyEyes.a(CapSense.o)
 .debug_loc     0x000015f1      0x5d3 .\CortexM0\ARM_GCC_493\Debug\Sandbox_CrazyEyes.a(CapSense_CSHL.o)
 .debug_loc     0x00001bc4       0x81 .\CortexM0\ARM_GCC_493\Debug\Sandbox_CrazyEyes.a(Pin_GreenLED.o)
 .debug_loc     0x00001c45       0x76 .\CortexM0\ARM_GCC_493\Debug\Sandbox_CrazyEyes.a(CapSense_SampleClk.o)
 .debug_loc     0x00001cbb       0x76 .\CortexM0\ARM_GCC_493\Debug\Sandbox_CrazyEyes.a(CapSense_SenseClk.o)
 .debug_loc     0x00001d31      0x530 .\CortexM0\ARM_GCC_493\Debug\Sandbox_CrazyEyes.a(CyLib.o)
 .debug_loc     0x00002261       0xe1 .\CortexM0\ARM_GCC_493\Debug\Sandbox_CrazyEyes.a(cyPm.o)
 .debug_loc     0x00002342      0x8af .\CortexM0\ARM_GCC_493\Debug\Sandbox_CrazyEyes.a(CyLFClk.o)
 .debug_loc     0x00002bf1       0xa2 .\CortexM0\ARM_GCC_493\Debug\Sandbox_CrazyEyes.a(Pin_EBottom.o)
 .debug_loc     0x00002c93       0xa2 .\CortexM0\ARM_GCC_493\Debug\Sandbox_CrazyEyes.a(Pin_EMiddle.o)
 .debug_loc     0x00002d35       0xa2 .\CortexM0\ARM_GCC_493\Debug\Sandbox_CrazyEyes.a(Pin_ETop.o)
 .debug_loc     0x00002dd7       0xa2 .\CortexM0\ARM_GCC_493\Debug\Sandbox_CrazyEyes.a(Pin_Vibe.o)
 .debug_loc     0x00002e79       0x7e .\CortexM0\ARM_GCC_493\Debug\Sandbox_CrazyEyes.a(I2C.o)
 .debug_loc     0x00002ef7      0x88e .\CortexM0\ARM_GCC_493\Debug\Sandbox_CrazyEyes.a(I2C_I2C_MASTER.o)
 .debug_loc     0x00003785       0xc3 .\CortexM0\ARM_GCC_493\Debug\Sandbox_CrazyEyes.a(CyFlash.o)
 .debug_loc     0x00003848      0x10c .\CortexM0\ARM_GCC_493\Debug\Sandbox_CrazyEyes.a(I2C_I2C_INT.o)

.debug_macinfo
 *(.debug_macinfo)

.debug_ranges   0x00000000      0xa68
 *(.debug_ranges)
 .debug_ranges  0x00000000       0x48 .\CortexM0\ARM_GCC_493\Debug\main.o
 .debug_ranges  0x00000048       0x30 .\CortexM0\ARM_GCC_493\Debug\accelerometer.o
 .debug_ranges  0x00000078       0x38 .\CortexM0\ARM_GCC_493\Debug\Cm0Start.o
 .debug_ranges  0x000000b0       0x38 .\CortexM0\ARM_GCC_493\Debug\Sandbox_CrazyEyes.a(cyfitter_cfg.o)
 .debug_ranges  0x000000e8      0x148 .\CortexM0\ARM_GCC_493\Debug\Sandbox_CrazyEyes.a(PWM_Green.o)
 .debug_ranges  0x00000230       0x28 .\CortexM0\ARM_GCC_493\Debug\Sandbox_CrazyEyes.a(PWM_Green_PM.o)
 .debug_ranges  0x00000258      0x148 .\CortexM0\ARM_GCC_493\Debug\Sandbox_CrazyEyes.a(CapSense.o)
 .debug_ranges  0x000003a0       0x28 .\CortexM0\ARM_GCC_493\Debug\Sandbox_CrazyEyes.a(CapSense_PM.o)
 .debug_ranges  0x000003c8       0xf8 .\CortexM0\ARM_GCC_493\Debug\Sandbox_CrazyEyes.a(CapSense_CSHL.o)
 .debug_ranges  0x000004c0       0x10 .\CortexM0\ARM_GCC_493\Debug\Sandbox_CrazyEyes.a(CapSense_INT.o)
 .debug_ranges  0x000004d0       0x30 .\CortexM0\ARM_GCC_493\Debug\Sandbox_CrazyEyes.a(Pin_GreenLED.o)
 .debug_ranges  0x00000500       0x30 .\CortexM0\ARM_GCC_493\Debug\Sandbox_CrazyEyes.a(CapSense_SampleClk.o)
 .debug_ranges  0x00000530       0x30 .\CortexM0\ARM_GCC_493\Debug\Sandbox_CrazyEyes.a(CapSense_SenseClk.o)
 .debug_ranges  0x00000560      0x180 .\CortexM0\ARM_GCC_493\Debug\Sandbox_CrazyEyes.a(CyLib.o)
 .debug_ranges  0x000006e0       0x48 .\CortexM0\ARM_GCC_493\Debug\Sandbox_CrazyEyes.a(cyPm.o)
 .debug_ranges  0x00000728      0x140 .\CortexM0\ARM_GCC_493\Debug\Sandbox_CrazyEyes.a(CyLFClk.o)
 .debug_ranges  0x00000868       0x38 .\CortexM0\ARM_GCC_493\Debug\Sandbox_CrazyEyes.a(Pin_EBottom.o)
 .debug_ranges  0x000008a0       0x38 .\CortexM0\ARM_GCC_493\Debug\Sandbox_CrazyEyes.a(Pin_EMiddle.o)
 .debug_ranges  0x000008d8       0x38 .\CortexM0\ARM_GCC_493\Debug\Sandbox_CrazyEyes.a(Pin_ETop.o)
 .debug_ranges  0x00000910       0x38 .\CortexM0\ARM_GCC_493\Debug\Sandbox_CrazyEyes.a(Pin_Vibe.o)
 .debug_ranges  0x00000948       0x50 .\CortexM0\ARM_GCC_493\Debug\Sandbox_CrazyEyes.a(I2C.o)
 .debug_ranges  0x00000998       0x18 .\CortexM0\ARM_GCC_493\Debug\Sandbox_CrazyEyes.a(I2C_I2C.o)
 .debug_ranges  0x000009b0       0x78 .\CortexM0\ARM_GCC_493\Debug\Sandbox_CrazyEyes.a(I2C_I2C_MASTER.o)
 .debug_ranges  0x00000a28       0x30 .\CortexM0\ARM_GCC_493\Debug\Sandbox_CrazyEyes.a(CyFlash.o)
 .debug_ranges  0x00000a58       0x10 .\CortexM0\ARM_GCC_493\Debug\Sandbox_CrazyEyes.a(I2C_I2C_INT.o)

.comment        0x00000000       0x70
 .comment       0x00000000       0x70 .\CortexM0\ARM_GCC_493\Debug\main.o
                                 0x71 (size before relaxing)
 .comment       0x00000000       0x71 .\CortexM0\ARM_GCC_493\Debug\accelerometer.o
 .comment       0x00000000       0x71 .\CortexM0\ARM_GCC_493\Debug\cymetadata.o
 .comment       0x00000000       0x71 .\CortexM0\ARM_GCC_493\Debug\Cm0Start.o
 .comment       0x00000000       0x71 .\CortexM0\ARM_GCC_493\Debug\Sandbox_CrazyEyes.a(cyfitter_cfg.o)
 .comment       0x00000000       0x71 .\CortexM0\ARM_GCC_493\Debug\Sandbox_CrazyEyes.a(PWM_Green.o)
 .comment       0x00000000       0x71 .\CortexM0\ARM_GCC_493\Debug\Sandbox_CrazyEyes.a(PWM_Green_PM.o)
 .comment       0x00000000       0x71 .\CortexM0\ARM_GCC_493\Debug\Sandbox_CrazyEyes.a(CapSense.o)
 .comment       0x00000000       0x71 .\CortexM0\ARM_GCC_493\Debug\Sandbox_CrazyEyes.a(CapSense_PM.o)
 .comment       0x00000000       0x71 .\CortexM0\ARM_GCC_493\Debug\Sandbox_CrazyEyes.a(CapSense_CSHL.o)
 .comment       0x00000000       0x71 .\CortexM0\ARM_GCC_493\Debug\Sandbox_CrazyEyes.a(CapSense_INT.o)
 .comment       0x00000000       0x71 .\CortexM0\ARM_GCC_493\Debug\Sandbox_CrazyEyes.a(Pin_GreenLED.o)
 .comment       0x00000000       0x71 .\CortexM0\ARM_GCC_493\Debug\Sandbox_CrazyEyes.a(CapSense_SampleClk.o)
 .comment       0x00000000       0x71 .\CortexM0\ARM_GCC_493\Debug\Sandbox_CrazyEyes.a(CapSense_SenseClk.o)
 .comment       0x00000000       0x71 .\CortexM0\ARM_GCC_493\Debug\Sandbox_CrazyEyes.a(CyLib.o)
 .comment       0x00000000       0x71 .\CortexM0\ARM_GCC_493\Debug\Sandbox_CrazyEyes.a(cyPm.o)
 .comment       0x00000000       0x71 .\CortexM0\ARM_GCC_493\Debug\Sandbox_CrazyEyes.a(CyLFClk.o)
 .comment       0x00000000       0x71 .\CortexM0\ARM_GCC_493\Debug\Sandbox_CrazyEyes.a(Pin_EBottom.o)
 .comment       0x00000000       0x71 .\CortexM0\ARM_GCC_493\Debug\Sandbox_CrazyEyes.a(Pin_EMiddle.o)
 .comment       0x00000000       0x71 .\CortexM0\ARM_GCC_493\Debug\Sandbox_CrazyEyes.a(Pin_ETop.o)
 .comment       0x00000000       0x71 .\CortexM0\ARM_GCC_493\Debug\Sandbox_CrazyEyes.a(Pin_Vibe.o)
 .comment       0x00000000       0x71 .\CortexM0\ARM_GCC_493\Debug\Sandbox_CrazyEyes.a(I2C.o)
 .comment       0x00000000       0x71 .\CortexM0\ARM_GCC_493\Debug\Sandbox_CrazyEyes.a(I2C_I2C.o)
 .comment       0x00000000       0x71 .\CortexM0\ARM_GCC_493\Debug\Sandbox_CrazyEyes.a(I2C_I2C_MASTER.o)
 .comment       0x00000000       0x71 .\CortexM0\ARM_GCC_493\Debug\Sandbox_CrazyEyes.a(CyFlash.o)
 .comment       0x00000000       0x71 .\CortexM0\ARM_GCC_493\Debug\Sandbox_CrazyEyes.a(I2C_I2C_INT.o)

.debug_weaknames
 *(.debug_weaknames)

.debug_funcnames
 *(.debug_funcnames)

.debug_typenames
 *(.debug_typenames)

.debug_varnames
 *(.debug_varnames)

.note.gnu.arm.ident
 *(.note.gnu.arm.ident)

.ARM.attributes
                0x00000000       0x28
 *(.ARM.attributes)
 .ARM.attributes
                0x00000000       0x1e c:/program files (x86)/cypress/psoc creator/3.3/psoc creator/import/gnu/arm/4.9.3/bin/../lib/gcc/arm-none-eabi/4.9.3/armv6-m/crti.o
 .ARM.attributes
                0x0000001e       0x2c c:/program files (x86)/cypress/psoc creator/3.3/psoc creator/import/gnu/arm/4.9.3/bin/../lib/gcc/arm-none-eabi/4.9.3/armv6-m/crtbegin.o
 .ARM.attributes
                0x0000004a       0x1b c:/program files (x86)/cypress/psoc creator/3.3/psoc creator/import/gnu/arm/4.9.3/bin/../lib/gcc/arm-none-eabi/4.9.3/../../../../arm-none-eabi/lib/armv6-m/crt0.o
 .ARM.attributes
                0x00000065       0x31 .\CortexM0\ARM_GCC_493\Debug\main.o
 .ARM.attributes
                0x00000096       0x31 .\CortexM0\ARM_GCC_493\Debug\accelerometer.o
 .ARM.attributes
                0x000000c7       0x31 .\CortexM0\ARM_GCC_493\Debug\cymetadata.o
 .ARM.attributes
                0x000000f8       0x31 .\CortexM0\ARM_GCC_493\Debug\Cm0Start.o
 .ARM.attributes
                0x00000129       0x31 .\CortexM0\ARM_GCC_493\Debug\Sandbox_CrazyEyes.a(cyfitter_cfg.o)
 .ARM.attributes
                0x0000015a       0x31 .\CortexM0\ARM_GCC_493\Debug\Sandbox_CrazyEyes.a(PWM_Green.o)
 .ARM.attributes
                0x0000018b       0x31 .\CortexM0\ARM_GCC_493\Debug\Sandbox_CrazyEyes.a(PWM_Green_PM.o)
 .ARM.attributes
                0x000001bc       0x31 .\CortexM0\ARM_GCC_493\Debug\Sandbox_CrazyEyes.a(CapSense.o)
 .ARM.attributes
                0x000001ed       0x31 .\CortexM0\ARM_GCC_493\Debug\Sandbox_CrazyEyes.a(CapSense_PM.o)
 .ARM.attributes
                0x0000021e       0x31 .\CortexM0\ARM_GCC_493\Debug\Sandbox_CrazyEyes.a(CapSense_CSHL.o)
 .ARM.attributes
                0x0000024f       0x31 .\CortexM0\ARM_GCC_493\Debug\Sandbox_CrazyEyes.a(CapSense_INT.o)
 .ARM.attributes
                0x00000280       0x31 .\CortexM0\ARM_GCC_493\Debug\Sandbox_CrazyEyes.a(Pin_GreenLED.o)
 .ARM.attributes
                0x000002b1       0x31 .\CortexM0\ARM_GCC_493\Debug\Sandbox_CrazyEyes.a(CapSense_SampleClk.o)
 .ARM.attributes
                0x000002e2       0x31 .\CortexM0\ARM_GCC_493\Debug\Sandbox_CrazyEyes.a(CapSense_SenseClk.o)
 .ARM.attributes
                0x00000313       0x21 .\CortexM0\ARM_GCC_493\Debug\Sandbox_CrazyEyes.a(CyBootAsmGnu.o)
 .ARM.attributes
                0x00000334       0x31 .\CortexM0\ARM_GCC_493\Debug\Sandbox_CrazyEyes.a(CyLib.o)
 .ARM.attributes
                0x00000365       0x31 .\CortexM0\ARM_GCC_493\Debug\Sandbox_CrazyEyes.a(cyPm.o)
 .ARM.attributes
                0x00000396       0x31 .\CortexM0\ARM_GCC_493\Debug\Sandbox_CrazyEyes.a(CyLFClk.o)
 .ARM.attributes
                0x000003c7       0x31 .\CortexM0\ARM_GCC_493\Debug\Sandbox_CrazyEyes.a(Pin_EBottom.o)
 .ARM.attributes
                0x000003f8       0x31 .\CortexM0\ARM_GCC_493\Debug\Sandbox_CrazyEyes.a(Pin_EMiddle.o)
 .ARM.attributes
                0x00000429       0x31 .\CortexM0\ARM_GCC_493\Debug\Sandbox_CrazyEyes.a(Pin_ETop.o)
 .ARM.attributes
                0x0000045a       0x31 .\CortexM0\ARM_GCC_493\Debug\Sandbox_CrazyEyes.a(Pin_Vibe.o)
 .ARM.attributes
                0x0000048b       0x31 .\CortexM0\ARM_GCC_493\Debug\Sandbox_CrazyEyes.a(I2C.o)
 .ARM.attributes
                0x000004bc       0x31 .\CortexM0\ARM_GCC_493\Debug\Sandbox_CrazyEyes.a(I2C_I2C.o)
 .ARM.attributes
                0x000004ed       0x31 .\CortexM0\ARM_GCC_493\Debug\Sandbox_CrazyEyes.a(I2C_I2C_MASTER.o)
 .ARM.attributes
                0x0000051e       0x31 .\CortexM0\ARM_GCC_493\Debug\Sandbox_CrazyEyes.a(CyFlash.o)
 .ARM.attributes
                0x0000054f       0x31 .\CortexM0\ARM_GCC_493\Debug\Sandbox_CrazyEyes.a(I2C_I2C_INT.o)
 .ARM.attributes
                0x00000580       0x1e c:/program files (x86)/cypress/psoc creator/3.3/psoc creator/import/gnu/arm/4.9.3/bin/../lib/gcc/arm-none-eabi/4.9.3/armv6-m\libgcc.a(_udivsi3.o)
 .ARM.attributes
                0x0000059e       0x1e c:/program files (x86)/cypress/psoc creator/3.3/psoc creator/import/gnu/arm/4.9.3/bin/../lib/gcc/arm-none-eabi/4.9.3/armv6-m\libgcc.a(_dvmd_tls.o)
 .ARM.attributes
                0x000005bc       0x2c c:/program files (x86)/cypress/psoc creator/3.3/psoc creator/import/gnu/arm/4.9.3/bin/../lib/gcc/arm-none-eabi/4.9.3/../../../../arm-none-eabi/lib/armv6-m\libg_nano.a(lib_a-errno.o)
 .ARM.attributes
                0x000005e8       0x2c c:/program files (x86)/cypress/psoc creator/3.3/psoc creator/import/gnu/arm/4.9.3/bin/../lib/gcc/arm-none-eabi/4.9.3/../../../../arm-none-eabi/lib/armv6-m\libg_nano.a(lib_a-exit.o)
 .ARM.attributes
                0x00000614       0x2c c:/program files (x86)/cypress/psoc creator/3.3/psoc creator/import/gnu/arm/4.9.3/bin/../lib/gcc/arm-none-eabi/4.9.3/../../../../arm-none-eabi/lib/armv6-m\libg_nano.a(lib_a-impure.o)
 .ARM.attributes
                0x00000640       0x2c c:/program files (x86)/cypress/psoc creator/3.3/psoc creator/import/gnu/arm/4.9.3/bin/../lib/gcc/arm-none-eabi/4.9.3/../../../../arm-none-eabi/lib/armv6-m\libg_nano.a(lib_a-init.o)
 .ARM.attributes
                0x0000066c       0x2c c:/program files (x86)/cypress/psoc creator/3.3/psoc creator/import/gnu/arm/4.9.3/bin/../lib/gcc/arm-none-eabi/4.9.3/../../../../arm-none-eabi/lib/armv6-m\libg_nano.a(lib_a-memcpy.o)
 .ARM.attributes
                0x00000698       0x2c c:/program files (x86)/cypress/psoc creator/3.3/psoc creator/import/gnu/arm/4.9.3/bin/../lib/gcc/arm-none-eabi/4.9.3/../../../../arm-none-eabi/lib/armv6-m\libg_nano.a(lib_a-memset.o)
 .ARM.attributes
                0x000006c4       0x2c c:/program files (x86)/cypress/psoc creator/3.3/psoc creator/import/gnu/arm/4.9.3/bin/../lib/gcc/arm-none-eabi/4.9.3/armv6-m/crtend.o
 .ARM.attributes
                0x000006f0       0x1e c:/program files (x86)/cypress/psoc creator/3.3/psoc creator/import/gnu/arm/4.9.3/bin/../lib/gcc/arm-none-eabi/4.9.3/armv6-m/crtn.o

/DISCARD/
 *(.note.GNU-stack)
OUTPUT(.\CortexM0\ARM_GCC_493\Debug\Sandbox_CrazyEyes.elf elf32-littlearm)
